31938 07:10:59.061231 nanosleep({tv_sec=0, tv_nsec=3000},  <unfinished ...>
31937 07:10:59.061290 futex(0x35a8e98, FUTEX_WAKE_PRIVATE, 1 <unfinished ...>
31936 07:10:59.061310 <... mmap resumed>) = 0x7fc9121b9000 <0.000080>
31937 07:10:59.061319 <... futex resumed>) = 0 <0.000018>
31938 07:10:59.061994 <... nanosleep resumed>NULL) = 0 <0.000750>
31937 07:10:59.062024 nanosleep({tv_sec=0, tv_nsec=20000},  <unfinished ...>
31938 07:10:59.062385 getpid( <unfinished ...>
31937 07:10:59.062414 <... nanosleep resumed>NULL) = 0 <0.000375>
31938 07:10:59.062439 <... getpid resumed>) = 31936 <0.000036>
31937 07:10:59.062783 nanosleep({tv_sec=0, tv_nsec=20000},  <unfinished ...>
31938 07:10:59.063175 tgkill(31936, 31936, SIGURG <unfinished ...>
31937 07:10:59.063207 <... nanosleep resumed>NULL) = 0 <0.000400>
31938 07:10:59.063315 <... tgkill resumed>) = 0 <0.000120>
31937 07:10:59.063356 nanosleep({tv_sec=0, tv_nsec=20000},  <unfinished ...>
31938 07:10:59.063427 sched_yield()     = 0 <0.000011>
31936 07:10:59.063834 --- SIGURG {si_signo=SIGURG, si_code=SI_TKILL, si_pid=31936, si_uid=0} ---
31938 07:10:59.063857 sched_yield( <unfinished ...>
31937 07:10:59.063987 <... nanosleep resumed>NULL) = 0 <0.000610>
31936 07:10:59.064023 rt_sigreturn({mask=[]} <unfinished ...>
31938 07:10:59.064046 <... sched_yield resumed>) = 0 <0.000177>
31937 07:10:59.064071 nanosleep({tv_sec=0, tv_nsec=20000},  <unfinished ...>
31936 07:10:59.064134 <... rt_sigreturn resumed>) = 1 <0.000091>
31938 07:10:59.064148 getpid( <unfinished ...>
31936 07:10:59.064166 futex(0xc000080f48, FUTEX_WAKE_PRIVATE, 1 <unfinished ...>
31938 07:10:59.064174 <... getpid resumed>) = 31936 <0.000020>
31936 07:10:59.064365 <... futex resumed>) = 1 <0.000190>
31939 07:10:59.064389 <... futex resumed>) = 0 <0.003789>
31938 07:10:59.064403 tgkill(31936, 31936, SIGURG <unfinished ...>
31937 07:10:59.064428 <... nanosleep resumed>NULL) = 0 <0.000339>
31936 07:10:59.064470 --- SIGURG {si_signo=SIGURG, si_code=SI_TKILL, si_pid=31936, si_uid=0} ---
31938 07:10:59.064483 <... tgkill resumed>) = 0 <0.000070>
31937 07:10:59.064504 nanosleep({tv_sec=0, tv_nsec=20000},  <unfinished ...>
31936 07:10:59.064570 rt_sigreturn({mask=[]} <unfinished ...>
31938 07:10:59.064590 sched_yield( <unfinished ...>
31936 07:10:59.064610 <... rt_sigreturn resumed>) = 1 <0.000023>
31938 07:10:59.064621 <... sched_yield resumed>) = 0 <0.000024>
31938 07:10:59.065063 futex(0x35a6e80, FUTEX_WAKE_PRIVATE, 1 <unfinished ...>
31937 07:10:59.065087 <... nanosleep resumed>NULL) = 0 <0.000570>
31938 07:10:59.065132 <... futex resumed>) = 0 <0.000052>
31937 07:10:59.065148 nanosleep({tv_sec=0, tv_nsec=20000},  <unfinished ...>
31938 07:10:59.065319 futex(0xc000080848, FUTEX_WAIT_PRIVATE, 0, NULL <unfinished ...>
31937 07:10:59.065750 <... nanosleep resumed>NULL) = 0 <0.000586>
31936 07:10:59.065782 sched_yield( <unfinished ...>
31939 07:10:59.065797 getpid( <unfinished ...>
31937 07:10:59.065810 nanosleep({tv_sec=0, tv_nsec=20000},  <unfinished ...>
31936 07:10:59.065884 <... sched_yield resumed>) = 0 <0.000088>
31939 07:10:59.066430 <... getpid resumed>) = 31936 <0.000622>
31937 07:10:59.066443 <... nanosleep resumed>NULL) = 0 <0.000617>
31937 07:10:59.066460 nanosleep({tv_sec=0, tv_nsec=20000},  <unfinished ...>
31936 07:10:59.066526 futex(0x35a8e98, FUTEX_WAIT_PRIVATE, 2, NULL <unfinished ...>
31937 07:10:59.066998 <... nanosleep resumed>NULL) = 0 <0.000517>
31939 07:10:59.067895 tgkill(31936, 31936, SIGURG <unfinished ...>
31937 07:10:59.067965 epoll_pwait(4<anon_inode:[eventpoll]>, [], 128, 0, NULL, 0) = 0 <0.000014>
31937 07:10:59.068027 nanosleep({tv_sec=0, tv_nsec=20000},  <unfinished ...>
31939 07:10:59.068099 <... tgkill resumed>) = 0 <0.000189>
31936 07:10:59.068354 <... futex resumed>) = ? ERESTARTSYS (To be restarted if SA_RESTART is set) <0.001813>
31937 07:10:59.068598 <... nanosleep resumed>NULL) = 0 <0.000549>
31936 07:10:59.068637 --- SIGURG {si_signo=SIGURG, si_code=SI_TKILL, si_pid=31936, si_uid=0} ---
31939 07:10:59.068841 futex(0x35a8e98, FUTEX_WAKE_PRIVATE, 1 <unfinished ...>
31937 07:10:59.069052 nanosleep({tv_sec=0, tv_nsec=20000},  <unfinished ...>
31936 07:10:59.069328 rt_sigreturn({mask=[]} <unfinished ...>
31939 07:10:59.069369 <... futex resumed>) = 0 <0.000320>
31937 07:10:59.069383 <... nanosleep resumed>NULL) = 0 <0.000312>
31936 07:10:59.069473 <... rt_sigreturn resumed>) = 202 <0.000107>
31939 07:10:59.069493 futex(0x35a8f98, FUTEX_WAIT_PRIVATE, 0, {tv_sec=0, tv_nsec=100000} <unfinished ...>
31937 07:10:59.069514 nanosleep({tv_sec=0, tv_nsec=20000},  <unfinished ...>
31936 07:10:59.069585 futex(0x35a8e98, FUTEX_WAIT_PRIVATE, 2, NULL) = -1 EAGAIN (Resource temporarily unavailable) <0.000013>
31936 07:10:59.069727 futex(0x35a8e98, FUTEX_WAKE_PRIVATE, 1 <unfinished ...>
31937 07:10:59.069944 <... nanosleep resumed>NULL) = 0 <0.000412>
31936 07:10:59.069975 <... futex resumed>) = 0 <0.000037>
31937 07:10:59.069992 nanosleep({tv_sec=0, tv_nsec=20000},  <unfinished ...>
31936 07:10:59.070078 futex(0xc000080848, FUTEX_WAKE_PRIVATE, 1) = 1 <0.000018>
31938 07:10:59.070124 <... futex resumed>) = 0 <0.004788>
31936 07:10:59.070617 futex(0x35a6e80, FUTEX_WAIT_PRIVATE, 0, NULL <unfinished ...>
31938 07:10:59.070634 futex(0x35a8f98, FUTEX_WAKE_PRIVATE, 1 <unfinished ...>
31937 07:10:59.070848 <... nanosleep resumed>NULL) = 0 <0.000837>
31938 07:10:59.070878 <... futex resumed>) = 1 <0.000235>
31937 07:10:59.070896 nanosleep({tv_sec=0, tv_nsec=20000},  <unfinished ...>
31939 07:10:59.070958 <... futex resumed>) = 0 <0.001446>
31938 07:10:59.071180 futex(0x35a6e80, FUTEX_WAKE_PRIVATE, 1 <unfinished ...>
31936 07:10:59.071217 <... futex resumed>) = 0 <0.000584>
31938 07:10:59.071231 <... futex resumed>) = 1 <0.000032>
31937 07:10:59.073609 <... nanosleep resumed>NULL) = 0 <0.002697>
31939 07:10:59.073632 futex(0x35a8f98, FUTEX_WAIT_PRIVATE, 0, {tv_sec=0, tv_nsec=100000} <unfinished ...>
31938 07:10:59.073651 futex(0xc000080848, FUTEX_WAIT_PRIVATE, 0, NULL <unfinished ...>
31937 07:10:59.073663 nanosleep({tv_sec=0, tv_nsec=20000}, NULL) = 0 <0.000141>
31937 07:10:59.073828 nanosleep({tv_sec=0, tv_nsec=20000},  <unfinished ...>
31939 07:10:59.074031 <... futex resumed>) = -1 ETIMEDOUT (Connection timed out) <0.000382>
31937 07:10:59.074053 <... nanosleep resumed>NULL) = 0 <0.000211>
31937 07:10:59.074079 nanosleep({tv_sec=0, tv_nsec=20000},  <unfinished ...>
31939 07:10:59.074355 getpid( <unfinished ...>
31937 07:10:59.074667 <... nanosleep resumed>NULL) = 0 <0.000360>
31937 07:10:59.074695 nanosleep({tv_sec=0, tv_nsec=20000},  <unfinished ...>
31936 07:10:59.074891 futex(0xc000080848, FUTEX_WAKE_PRIVATE, 1 <unfinished ...>
31939 07:10:59.074914 <... getpid resumed>) = 31936 <0.000253>
31939 07:10:59.075209 tgkill(31936, 31936, SIGURG <unfinished ...>
31937 07:10:59.075229 <... nanosleep resumed>NULL) = 0 <0.000398>
31937 07:10:59.075255 nanosleep({tv_sec=0, tv_nsec=20000},  <unfinished ...>
31939 07:10:59.075451 <... tgkill resumed>) = 0 <0.000222>
31937 07:10:59.075518 <... nanosleep resumed>NULL) = 0 <0.000244>
31937 07:10:59.075551 nanosleep({tv_sec=0, tv_nsec=20000},  <unfinished ...>
31939 07:10:59.075704 futex(0x35a8f98, FUTEX_WAIT_PRIVATE, 0, {tv_sec=0, tv_nsec=100000} <unfinished ...>
31937 07:10:59.075773 <... nanosleep resumed>NULL) = 0 <0.000200>
31937 07:10:59.075807 nanosleep({tv_sec=0, tv_nsec=20000},  <unfinished ...>
31936 07:10:59.075899 <... futex resumed>) = 1 <0.000988>
31938 07:10:59.075920 <... futex resumed>) = 0 <0.002262>
31936 07:10:59.076106 --- SIGURG {si_signo=SIGURG, si_code=SI_TKILL, si_pid=31936, si_uid=0} ---
31938 07:10:59.076329 futex(0x35a8f98, FUTEX_WAKE_PRIVATE, 1 <unfinished ...>
31937 07:10:59.076358 <... nanosleep resumed>NULL) = 0 <0.000521>
31939 07:10:59.076386 <... futex resumed>) = -1 ETIMEDOUT (Connection timed out) <0.000663>
31938 07:10:59.076404 <... futex resumed>) = 0 <0.000056>
31937 07:10:59.076433 nanosleep({tv_sec=0, tv_nsec=20000},  <unfinished ...>
31936 07:10:59.076832 rt_sigreturn({mask=[]} <unfinished ...>
31938 07:10:59.076853 futex(0x35a6e80, FUTEX_WAKE_PRIVATE, 1 <unfinished ...>
31939 07:10:59.077097 futex(0x35a8f98, FUTEX_WAIT_PRIVATE, 0, {tv_sec=0, tv_nsec=100000} <unfinished ...>
31937 07:10:59.077123 <... nanosleep resumed>NULL) = 0 <0.000670>
31936 07:10:59.077208 <... rt_sigreturn resumed>) = 1 <0.000355>
31938 07:10:59.077228 <... futex resumed>) = 0 <0.000143>
31937 07:10:59.078886 epoll_pwait(4<anon_inode:[eventpoll]>,  <unfinished ...>
31939 07:10:59.078980 <... futex resumed>) = -1 ETIMEDOUT (Connection timed out) <0.001857>
31938 07:10:59.079005 futex(0xc000080848, FUTEX_WAIT_PRIVATE, 0, NULL <unfinished ...>
31939 07:10:59.079034 getpid()          = 31936 <0.000012>
31937 07:10:59.079070 <... epoll_pwait resumed>[], 128, 0, NULL, 0) = 0 <0.000154>
31939 07:10:59.079152 tgkill(31936, 31936, SIGURG) = 0 <0.000015>
31939 07:10:59.079205 futex(0x35a8f98, FUTEX_WAIT_PRIVATE, 0, {tv_sec=0, tv_nsec=100000} <unfinished ...>
31937 07:10:59.079231 nanosleep({tv_sec=0, tv_nsec=20000},  <unfinished ...>
31936 07:10:59.079681 --- SIGURG {si_signo=SIGURG, si_code=SI_TKILL, si_pid=31936, si_uid=0} ---
31939 07:10:59.079750 <... futex resumed>) = -1 ETIMEDOUT (Connection timed out) <0.000522>
31937 07:10:59.079773 <... nanosleep resumed>NULL) = 0 <0.000529>
31939 07:10:59.079800 futex(0x35a8f98, FUTEX_WAIT_PRIVATE, 0, {tv_sec=0, tv_nsec=100000} <unfinished ...>
31936 07:10:59.079826 rt_sigreturn({mask=[]} <unfinished ...>
31937 07:10:59.079900 nanosleep({tv_sec=0, tv_nsec=20000},  <unfinished ...>
31936 07:10:59.080259 <... rt_sigreturn resumed>) = 824639627272 <0.000417>
31939 07:10:59.080325 <... futex resumed>) = -1 ETIMEDOUT (Connection timed out) <0.000503>
31937 07:10:59.080347 <... nanosleep resumed>NULL) = 0 <0.000424>
31939 07:10:59.080375 getpid( <unfinished ...>
31936 07:10:59.080392 futex(0xc000080848, FUTEX_WAKE_PRIVATE, 1 <unfinished ...>
31937 07:10:59.080655 nanosleep({tv_sec=0, tv_nsec=20000},  <unfinished ...>
31936 07:10:59.080685 <... futex resumed>) = 1 <0.000267>
31939 07:10:59.080701 <... getpid resumed>) = 31936 <0.000314>
31938 07:10:59.080724 <... futex resumed>) = 0 <0.001706>
31939 07:10:59.080950 tgkill(31936, 31936, SIGURG) = 0 <0.000013>
31939 07:10:59.081001 futex(0x35a8f98, FUTEX_WAIT_PRIVATE, 0, {tv_sec=0, tv_nsec=100000} <unfinished ...>
31936 07:10:59.081230 --- SIGURG {si_signo=SIGURG, si_code=SI_TKILL, si_pid=31936, si_uid=0} ---
31939 07:10:59.081251 <... futex resumed>) = -1 EAGAIN (Resource temporarily unavailable) <0.000231>
31938 07:10:59.081279 futex(0x35a8f98, FUTEX_WAKE_PRIVATE, 1 <unfinished ...>
31937 07:10:59.081365 <... nanosleep resumed>NULL) = 0 <0.000666>
31939 07:10:59.081389 sched_yield()     = 0 <0.000013>
31939 07:10:59.081431 futex(0x35a8e98, FUTEX_WAIT_PRIVATE, 2, NULL <unfinished ...>
31938 07:10:59.081650 <... futex resumed>) = 0 <0.000161>
31937 07:10:59.081672 nanosleep({tv_sec=0, tv_nsec=20000},  <unfinished ...>
31936 07:10:59.081693 rt_sigreturn({mask=[]} <unfinished ...>
31938 07:10:59.081937 futex(0x35a8e98, FUTEX_WAKE_PRIVATE, 1 <unfinished ...>
31937 07:10:59.082155 <... nanosleep resumed>NULL) = 0 <0.000464>
31936 07:10:59.082180 <... rt_sigreturn resumed>) = 1 <0.000473>
31939 07:10:59.082192 <... futex resumed>) = 0 <0.000749>
31938 07:10:59.082204 <... futex resumed>) = 1 <0.000252>
31937 07:10:59.082217 nanosleep({tv_sec=0, tv_nsec=20000},  <unfinished ...>
31939 07:10:59.082488 futex(0x35a8e98, FUTEX_WAKE_PRIVATE, 1 <unfinished ...>
31938 07:10:59.082563 futex(0x35a6e80, FUTEX_WAKE_PRIVATE, 1 <unfinished ...>
31939 07:10:59.082935 <... futex resumed>) = 0 <0.000380>
31938 07:10:59.082960 <... futex resumed>) = 0 <0.000383>
31937 07:10:59.083038 <... nanosleep resumed>NULL) = 0 <0.000591>
31938 07:10:59.083436 futex(0xc000080848, FUTEX_WAIT_PRIVATE, 0, NULL <unfinished ...>
31937 07:10:59.083457 nanosleep({tv_sec=0, tv_nsec=20000},  <unfinished ...>
31936 07:10:59.083479 sched_yield( <unfinished ...>
31939 07:10:59.083493 getpid( <unfinished ...>
31936 07:10:59.083901 <... sched_yield resumed>) = 0 <0.000409>
31939 07:10:59.083921 <... getpid resumed>) = 31936 <0.000418>
31937 07:10:59.083987 <... nanosleep resumed>NULL) = 0 <0.000512>
31936 07:10:59.084238 futex(0x35a8e98, FUTEX_WAIT_PRIVATE, 2, NULL <unfinished ...>
31939 07:10:59.084305 tgkill(31936, 31936, SIGURG <unfinished ...>
31937 07:10:59.084324 sched_yield( <unfinished ...>
31936 07:10:59.084576 <... futex resumed>) = ? ERESTARTSYS (To be restarted if SA_RESTART is set) <0.000322>
31939 07:10:59.084788 <... tgkill resumed>) = 0 <0.000465>
31937 07:10:59.085110 <... sched_yield resumed>) = 0 <0.000774>
31936 07:10:59.085175 --- SIGURG {si_signo=SIGURG, si_code=SI_TKILL, si_pid=31936, si_uid=0} ---
31939 07:10:59.085196 futex(0x35a8e98, FUTEX_WAKE_PRIVATE, 1 <unfinished ...>
31936 07:10:59.085487 rt_sigreturn({mask=[]} <unfinished ...>
31939 07:10:59.085512 <... futex resumed>) = 0 <0.000304>
31937 07:10:59.085526 futex(0x35a8e98, FUTEX_WAKE_PRIVATE, 1) = 0 <0.000308>
31936 07:10:59.085859 <... rt_sigreturn resumed>) = 202 <0.000349>
31939 07:10:59.085875 futex(0x35a8f70, FUTEX_WAIT_PRIVATE, 0, {tv_sec=0, tv_nsec=100000} <unfinished ...>
31937 07:10:59.086063 futex(0x35a8f80, FUTEX_WAIT_PRIVATE, 0, {tv_sec=60, tv_nsec=0} <unfinished ...>
31936 07:10:59.086303 futex(0x35a8e98, FUTEX_WAIT_PRIVATE, 2, NULL) = -1 EAGAIN (Resource temporarily unavailable) <0.000246>
31939 07:10:59.086578 <... futex resumed>) = -1 ETIMEDOUT (Connection timed out) <0.000685>
31939 07:10:59.086831 futex(0x35a8f70, FUTEX_WAIT_PRIVATE, 0, {tv_sec=0, tv_nsec=100000} <unfinished ...>
31936 07:10:59.087159 futex(0x35a8e98, FUTEX_WAKE_PRIVATE, 1) = 0 <0.000474>
31939 07:10:59.087666 <... futex resumed>) = -1 ETIMEDOUT (Connection timed out) <0.000513>
31936 07:10:59.088030 futex(0xc000080848, FUTEX_WAKE_PRIVATE, 1 <unfinished ...>
31939 07:10:59.088339 futex(0x35a8f70, FUTEX_WAIT_PRIVATE, 0, {tv_sec=0, tv_nsec=100000} <unfinished ...>
31936 07:10:59.088418 <... futex resumed>) = 1 <0.000371>
31938 07:10:59.088437 <... futex resumed>) = 0 <0.004983>
31936 07:10:59.088765 sched_yield( <unfinished ...>
31939 07:10:59.088785 <... futex resumed>) = -1 EAGAIN (Resource temporarily unavailable) <0.000426>
31938 07:10:59.088800 futex(0x35a8f70, FUTEX_WAKE_PRIVATE, 1 <unfinished ...>
31936 07:10:59.089000 <... sched_yield resumed>) = 0 <0.000215>
31939 07:10:59.089019 sched_yield( <unfinished ...>
31938 07:10:59.089030 <... futex resumed>) = 0 <0.000220>
31936 07:10:59.089209 futex(0x35a8e98, FUTEX_WAKE_PRIVATE, 1 <unfinished ...>
31939 07:10:59.089227 <... sched_yield resumed>) = 0 <0.000198>
31938 07:10:59.089240 futex(0xc000080848, FUTEX_WAIT_PRIVATE, 0, NULL <unfinished ...>
31936 07:10:59.089558 <... futex resumed>) = 0 <0.000331>
31939 07:10:59.089579 futex(0x35a8e98, FUTEX_WAKE_PRIVATE, 1 <unfinished ...>
31936 07:10:59.089780 futex(0x35a6e80, FUTEX_WAIT_PRIVATE, 0, NULL <unfinished ...>
31939 07:10:59.089840 <... futex resumed>) = 0 <0.000248>
31939 07:10:59.090033 epoll_pwait(4<anon_inode:[eventpoll]>, [], 128, 0, NULL, 0) = 0 <0.000232>
31939 07:10:59.090982 mmap(NULL, 262144, PROT_READ|PROT_WRITE, MAP_PRIVATE|MAP_ANONYMOUS, -1, 0) = 0x7fc912179000 <0.000253>
31939 07:10:59.091591 futex(0x35a8f80, FUTEX_WAKE_PRIVATE, 1) = 1 <0.000244>
31937 07:10:59.091922 <... futex resumed>) = 0 <0.005623>
31939 07:10:59.092174 futex(0xc000080848, FUTEX_WAKE_PRIVATE, 1 <unfinished ...>
31937 07:10:59.092277 sched_yield( <unfinished ...>
31939 07:10:59.092534 <... futex resumed>) = 1 <0.000337>
31938 07:10:59.092638 <... futex resumed>) = 0 <0.003385>
31937 07:10:59.092657 <... sched_yield resumed>) = 0 <0.000360>
31939 07:10:59.093190 futex(0x35a8f98, FUTEX_WAIT_PRIVATE, 0, {tv_sec=0, tv_nsec=100000} <unfinished ...>
31938 07:10:59.093225 mmap(NULL, 262144, PROT_READ|PROT_WRITE, MAP_PRIVATE|MAP_ANONYMOUS, -1, 0 <unfinished ...>
31937 07:10:59.093298 futex(0x35a8e98, FUTEX_WAKE_PRIVATE, 1 <unfinished ...>
31938 07:10:59.093569 <... mmap resumed>) = 0x7fc912139000 <0.000327>
31937 07:10:59.093662 <... futex resumed>) = 0 <0.000323>
31939 07:10:59.094234 <... futex resumed>) = -1 ETIMEDOUT (Connection timed out) <0.001010>
31938 07:10:59.094259 futex(0x35a8f98, FUTEX_WAKE_PRIVATE, 1 <unfinished ...>
31937 07:10:59.094272 epoll_pwait(4<anon_inode:[eventpoll]>,  <unfinished ...>
31939 07:10:59.094477 sched_yield( <unfinished ...>
31938 07:10:59.094497 <... futex resumed>) = 0 <0.000225>
31937 07:10:59.094509 <... epoll_pwait resumed>[], 128, 0, NULL, 0) = 0 <0.000214>
31939 07:10:59.095326 <... sched_yield resumed>) = 0 <0.000829>
31938 07:10:59.095356 futex(0x35a6e80, FUTEX_WAKE_PRIVATE, 1 <unfinished ...>
31937 07:10:59.095375 getpid( <unfinished ...>
31936 07:10:59.095595 <... futex resumed>) = 0 <0.005796>
31939 07:10:59.095662 futex(0x35a8e98, FUTEX_WAKE_PRIVATE, 1 <unfinished ...>
31938 07:10:59.095682 <... futex resumed>) = 1 <0.000310>
31937 07:10:59.095694 <... getpid resumed>) = 31936 <0.000307>
31939 07:10:59.095895 <... futex resumed>) = 0 <0.000213>
31938 07:10:59.095915 futex(0xc000080848, FUTEX_WAIT_PRIVATE, 0, NULL <unfinished ...>
31937 07:10:59.095983 tgkill(31936, 31939, SIGURG <unfinished ...>
31936 07:10:59.096182 getpid( <unfinished ...>
31939 07:10:59.096198 --- SIGURG {si_signo=SIGURG, si_code=SI_TKILL, si_pid=31936, si_uid=0} ---
31937 07:10:59.096209 <... tgkill resumed>) = 0 <0.000209>
31936 07:10:59.096477 <... getpid resumed>) = 31936 <0.000278>
31939 07:10:59.096494 rt_sigreturn({mask=[]} <unfinished ...>
31937 07:10:59.096509 nanosleep({tv_sec=0, tv_nsec=20000},  <unfinished ...>
31936 07:10:59.097012 newfstatat(AT_FDCWD</home/zhennan>, "/proc",  <unfinished ...>
31939 07:10:59.097059 <... rt_sigreturn resumed>) = 0 <0.000549>
31937 07:10:59.097076 <... nanosleep resumed>NULL) = 0 <0.000554>
31937 07:10:59.097301 getpid()          = 31936 <0.000292>
31937 07:10:59.097892 tgkill(31936, 31939, SIGURG) = 0 <0.000141>
31936 07:10:59.098258 <... newfstatat resumed>{st_dev=makedev(0, 0x16), st_ino=1, st_mode=S_IFDIR|0555, st_nlink=217, st_uid=0, st_gid=0, st_blksize=1024, st_blocks=0, st_size=0, st_atime=1747805087 /* 2025-05-21T05:24:47.699999994+0000 */, st_atime_nsec=699999994, st_mtime=1747805087 /* 2025-05-21T05:24:47.699999994+0000 */, st_mtime_nsec=699999994, st_ctime=1747805087 /* 2025-05-21T05:24:47.699999994+0000 */, st_ctime_nsec=699999994}, 0) = 0 <0.001203>
31939 07:10:59.098290 --- SIGURG {si_signo=SIGURG, si_code=SI_TKILL, si_pid=31936, si_uid=0} ---
31936 07:10:59.098535 statfs("/proc",  <unfinished ...>
31939 07:10:59.098559 rt_sigreturn({mask=[]} <unfinished ...>
31937 07:10:59.098578 nanosleep({tv_sec=0, tv_nsec=20000},  <unfinished ...>
31939 07:10:59.098963 <... rt_sigreturn resumed>) = 140501568868224 <0.000337>
31936 07:10:59.098987 <... statfs resumed>{f_type=PROC_SUPER_MAGIC, f_bsize=4096, f_blocks=0, f_bfree=0, f_bavail=0, f_files=0, f_ffree=0, f_fsid={val=[0, 0]}, f_namelen=255, f_frsize=4096, f_flags=ST_VALID|ST_NOSUID|ST_NODEV|ST_NOEXEC|ST_RELATIME}) = 0 <0.000430>
31937 07:10:59.099012 <... nanosleep resumed>NULL) = 0 <0.000419>
31937 07:10:59.099190 nanosleep({tv_sec=0, tv_nsec=20000},  <unfinished ...>
31936 07:10:59.099217 futex(0xc000080f48, FUTEX_WAKE_PRIVATE, 1 <unfinished ...>
31939 07:10:59.099231 futex(0xc000080f48, FUTEX_WAIT_PRIVATE, 0, NULL <unfinished ...>
31936 07:10:59.099467 <... futex resumed>) = 0 <0.000235>
31939 07:10:59.099503 <... futex resumed>) = -1 EAGAIN (Resource temporarily unavailable) <0.000261>
31936 07:10:59.099750 futex(0xc000080848, FUTEX_WAKE_PRIVATE, 1 <unfinished ...>
31939 07:10:59.099924 nanosleep({tv_sec=0, tv_nsec=3000},  <unfinished ...>
31937 07:10:59.099961 <... nanosleep resumed>NULL) = 0 <0.000748>
31936 07:10:59.099979 <... futex resumed>) = 1 <0.000216>
31938 07:10:59.099994 <... futex resumed>) = 0 <0.004069>
31937 07:10:59.100083 nanosleep({tv_sec=0, tv_nsec=20000},  <unfinished ...>
31938 07:10:59.100281 futex(0x35a6e80, FUTEX_WAKE_PRIVATE, 1 <unfinished ...>
31939 07:10:59.100634 <... nanosleep resumed>NULL) = 0 <0.000675>
31938 07:10:59.100651 <... futex resumed>) = 0 <0.000353>
31937 07:10:59.100734 <... nanosleep resumed>NULL) = 0 <0.000611>
31939 07:10:59.101076 futex(0xc000080f48, FUTEX_WAIT_PRIVATE, 0, NULL <unfinished ...>
31938 07:10:59.101098 futex(0xc000080848, FUTEX_WAIT_PRIVATE, 0, NULL <unfinished ...>
31937 07:10:59.101112 nanosleep({tv_sec=0, tv_nsec=20000},  <unfinished ...>
31936 07:10:59.102554 futex(0xc000080f48, FUTEX_WAKE_PRIVATE, 1 <unfinished ...>
31937 07:10:59.102576 <... nanosleep resumed>NULL) = 0 <0.001448>
31936 07:10:59.104843 <... futex resumed>) = 1 <0.002267>
31939 07:10:59.104920 <... futex resumed>) = 0 <0.003824>
31937 07:10:59.104940 nanosleep({tv_sec=0, tv_nsec=20000},  <unfinished ...>
31936 07:10:59.105192 futex(0xc000080848, FUTEX_WAKE_PRIVATE, 1 <unfinished ...>
31939 07:10:59.105214 nanosleep({tv_sec=0, tv_nsec=3000},  <unfinished ...>
31936 07:10:59.105405 <... futex resumed>) = 1 <0.000192>
31938 07:10:59.105511 <... futex resumed>) = 0 <0.004399>
31937 07:10:59.105531 <... nanosleep resumed>NULL) = 0 <0.000574>
31936 07:10:59.105938 futex(0xc000100148, FUTEX_WAKE_PRIVATE, 1 <unfinished ...>
31939 07:10:59.105959 <... nanosleep resumed>NULL) = 0 <0.000728>
31938 07:10:59.106016 futex(0x35a6e80, FUTEX_WAKE_PRIVATE, 1 <unfinished ...>
31937 07:10:59.106037 epoll_pwait(4<anon_inode:[eventpoll]>,  <unfinished ...>
31936 07:10:59.106266 <... futex resumed>) = 1 <0.000307>
31940 07:10:59.106285 <... futex resumed>) = 0 <0.052763>
31939 07:10:59.106311 futex(0x35a6e80, FUTEX_WAKE_PRIVATE, 1 <unfinished ...>
31938 07:10:59.106326 <... futex resumed>) = 0 <0.000294>
31937 07:10:59.106411 <... epoll_pwait resumed>[], 128, 0, NULL, 0) = 0 <0.000333>
31940 07:10:59.106435 futex(0xc000100148, FUTEX_WAIT_PRIVATE, 0, NULL <unfinished ...>
31936 07:10:59.106608 futex(0xc000080848, FUTEX_WAKE_PRIVATE, 1 <unfinished ...>
31939 07:10:59.106628 <... futex resumed>) = 0 <0.000303>
31938 07:10:59.106640 futex(0xc000080848, FUTEX_WAIT_PRIVATE, 0, NULL <unfinished ...>
31937 07:10:59.106653 nanosleep({tv_sec=0, tv_nsec=20000},  <unfinished ...>
31936 07:10:59.107063 <... futex resumed>) = 0 <0.000435>
31939 07:10:59.107088 futex(0xc000080f48, FUTEX_WAIT_PRIVATE, 0, NULL <unfinished ...>
31938 07:10:59.107103 <... futex resumed>) = -1 EAGAIN (Resource temporarily unavailable) <0.000451>
31936 07:10:59.107340 futex(0xc000080f48, FUTEX_WAKE_PRIVATE, 1 <unfinished ...>
31938 07:10:59.107359 nanosleep({tv_sec=0, tv_nsec=3000},  <unfinished ...>
31937 07:10:59.107377 <... nanosleep resumed>NULL) = 0 <0.000707>
31937 07:10:59.107618 nanosleep({tv_sec=0, tv_nsec=20000},  <unfinished ...>
31936 07:10:59.108099 <... futex resumed>) = 1 <0.000741>
31939 07:10:59.108116 <... futex resumed>) = 0 <0.001016>
31938 07:10:59.109374 <... nanosleep resumed>NULL) = 0 <0.001997>
31937 07:10:59.109393 <... nanosleep resumed>NULL) = 0 <0.001753>
31936 07:10:59.109411 futex(0x35a6e80, FUTEX_WAIT_PRIVATE, 0, NULL <unfinished ...>
31939 07:10:59.109601 futex(0xc000080f48, FUTEX_WAIT_PRIVATE, 0, NULL <unfinished ...>
31938 07:10:59.110048 futex(0x35a6e80, FUTEX_WAKE_PRIVATE, 1 <unfinished ...>
31937 07:10:59.110414 nanosleep({tv_sec=0, tv_nsec=20000},  <unfinished ...>
31936 07:10:59.110444 <... futex resumed>) = -1 EAGAIN (Resource temporarily unavailable) <0.001021>
31938 07:10:59.110461 <... futex resumed>) = 0 <0.000395>
31938 07:10:59.110809 futex(0xc000080848, FUTEX_WAIT_PRIVATE, 0, NULL <unfinished ...>
31937 07:10:59.110898 <... nanosleep resumed>NULL) = 0 <0.000441>
31936 07:10:59.111180 futex(0xc000080848, FUTEX_WAKE_PRIVATE, 1 <unfinished ...>
31937 07:10:59.111200 nanosleep({tv_sec=0, tv_nsec=20000},  <unfinished ...>
31936 07:10:59.111559 <... futex resumed>) = 1 <0.000346>
31938 07:10:59.111580 <... futex resumed>) = 0 <0.000752>
31938 07:10:59.111818 nanosleep({tv_sec=0, tv_nsec=3000},  <unfinished ...>
31937 07:10:59.111844 <... nanosleep resumed>NULL) = 0 <0.000352>
31936 07:10:59.112328 futex(0xc000080f48, FUTEX_WAKE_PRIVATE, 1 <unfinished ...>
31938 07:10:59.112349 <... nanosleep resumed>NULL) = 0 <0.000511>
31937 07:10:59.112361 nanosleep({tv_sec=0, tv_nsec=20000},  <unfinished ...>
31938 07:10:59.112523 futex(0x35a6e80, FUTEX_WAKE_PRIVATE, 1 <unfinished ...>
31936 07:10:59.112835 <... futex resumed>) = 1 <0.000474>
31939 07:10:59.112856 <... futex resumed>) = 0 <0.002995>
31937 07:10:59.112870 <... nanosleep resumed>NULL) = 0 <0.000493>
31936 07:10:59.113723 futex(0xc000080f48, FUTEX_WAKE_PRIVATE, 1 <unfinished ...>
31939 07:10:59.113743 futex(0xc000080f48, FUTEX_WAIT_PRIVATE, 0, NULL <unfinished ...>
31938 07:10:59.113757 <... futex resumed>) = 0 <0.000998>
31937 07:10:59.113770 nanosleep({tv_sec=0, tv_nsec=20000},  <unfinished ...>
31936 07:10:59.114670 <... futex resumed>) = 0 <0.000927>
31939 07:10:59.115136 <... futex resumed>) = -1 EAGAIN (Resource temporarily unavailable) <0.001379>
31938 07:10:59.115165 futex(0xc000080848, FUTEX_WAIT_PRIVATE, 0, NULL <unfinished ...>
31937 07:10:59.115188 <... nanosleep resumed>NULL) = 0 <0.000694>
31936 07:10:59.115550 futex(0xc000080848, FUTEX_WAKE_PRIVATE, 1 <unfinished ...>
31939 07:10:59.115569 nanosleep({tv_sec=0, tv_nsec=3000},  <unfinished ...>
31937 07:10:59.115589 nanosleep({tv_sec=0, tv_nsec=20000},  <unfinished ...>
31936 07:10:59.115928 <... futex resumed>) = 1 <0.000357>
31939 07:10:59.115961 <... nanosleep resumed>NULL) = 0 <0.000373>
31938 07:10:59.115973 <... futex resumed>) = 0 <0.000793>
31937 07:10:59.115985 <... nanosleep resumed>NULL) = 0 <0.000382>
31936 07:10:59.116070 futex(0xc000080848, FUTEX_WAKE_PRIVATE, 1 <unfinished ...>
31939 07:10:59.116091 futex(0x35a6e80, FUTEX_WAKE_PRIVATE, 1 <unfinished ...>
31938 07:10:59.116105 futex(0xc000080848, FUTEX_WAIT_PRIVATE, 0, NULL <unfinished ...>
31936 07:10:59.116317 <... futex resumed>) = 0 <0.000228>
31939 07:10:59.116332 <... futex resumed>) = 0 <0.000230>
31938 07:10:59.116339 <... futex resumed>) = -1 EAGAIN (Resource temporarily unavailable) <0.000224>
31937 07:10:59.116348 epoll_pwait(4<anon_inode:[eventpoll]>,  <unfinished ...>
31938 07:10:59.116366 nanosleep({tv_sec=0, tv_nsec=3000},  <unfinished ...>
31939 07:10:59.116445 futex(0xc000080f48, FUTEX_WAIT_PRIVATE, 0, NULL <unfinished ...>
31937 07:10:59.116459 <... epoll_pwait resumed>[], 128, 0, NULL, 0) = 0 <0.000097>
31937 07:10:59.116717 nanosleep({tv_sec=0, tv_nsec=20000},  <unfinished ...>
31936 07:10:59.116838 futex(0xc000080f48, FUTEX_WAKE_PRIVATE, 1 <unfinished ...>
31938 07:10:59.116863 <... nanosleep resumed>NULL) = 0 <0.000484>
31938 07:10:59.117174 futex(0x35a6e80, FUTEX_WAKE_PRIVATE, 1 <unfinished ...>
31936 07:10:59.117419 <... futex resumed>) = 1 <0.000559>
31939 07:10:59.117454 <... futex resumed>) = 0 <0.000993>
31937 07:10:59.117476 <... nanosleep resumed>NULL) = 0 <0.000732>
31938 07:10:59.117502 <... futex resumed>) = 0 <0.000093>
31936 07:10:59.117605 futex(0xc000080f48, FUTEX_WAKE_PRIVATE, 1 <unfinished ...>
31939 07:10:59.117628 futex(0xc000080f48, FUTEX_WAIT_PRIVATE, 0, NULL <unfinished ...>
31937 07:10:59.117641 nanosleep({tv_sec=0, tv_nsec=20000},  <unfinished ...>
31939 07:10:59.117767 <... futex resumed>) = -1 EAGAIN (Resource temporarily unavailable) <0.000127>
31936 07:10:59.117880 <... futex resumed>) = 0 <0.000236>
31938 07:10:59.117901 futex(0xc000080848, FUTEX_WAIT_PRIVATE, 0, NULL <unfinished ...>
31936 07:10:59.118145 futex(0xc000080848, FUTEX_WAKE_PRIVATE, 1 <unfinished ...>
31939 07:10:59.118212 nanosleep({tv_sec=0, tv_nsec=3000},  <unfinished ...>
31937 07:10:59.118237 <... nanosleep resumed>NULL) = 0 <0.000579>
31936 07:10:59.118385 <... futex resumed>) = 1 <0.000223>
31938 07:10:59.118497 <... futex resumed>) = 0 <0.000581>
31937 07:10:59.118518 nanosleep({tv_sec=0, tv_nsec=20000},  <unfinished ...>
31939 07:10:59.118852 <... nanosleep resumed>NULL) = 0 <0.000616>
31938 07:10:59.118964 futex(0x35a6e80, FUTEX_WAKE_PRIVATE, 1 <unfinished ...>
31936 07:10:59.118986 futex(0xc000100148, FUTEX_WAKE_PRIVATE, 1) = 1 <0.000200>
31940 07:10:59.119257 <... futex resumed>) = 0 <0.012807>
31939 07:10:59.119290 futex(0x35a6e80, FUTEX_WAKE_PRIVATE, 1 <unfinished ...>
31938 07:10:59.119536 <... futex resumed>) = 0 <0.000552>
31937 07:10:59.119556 <... nanosleep resumed>NULL) = 0 <0.001021>
31936 07:10:59.119572 futex(0xc000100148, FUTEX_WAKE_PRIVATE, 1 <unfinished ...>
31940 07:10:59.119585 futex(0xc000100148, FUTEX_WAIT_PRIVATE, 0, NULL <unfinished ...>
31939 07:10:59.119602 <... futex resumed>) = 0 <0.000298>
31936 07:10:59.119771 <... futex resumed>) = 0 <0.000187>
31940 07:10:59.119787 <... futex resumed>) = -1 EAGAIN (Resource temporarily unavailable) <0.000193>
31939 07:10:59.120004 futex(0xc000080f48, FUTEX_WAIT_PRIVATE, 0, NULL <unfinished ...>
31938 07:10:59.120024 futex(0xc000080848, FUTEX_WAIT_PRIVATE, 0, NULL <unfinished ...>
31937 07:10:59.120039 nanosleep({tv_sec=0, tv_nsec=20000},  <unfinished ...>
31936 07:10:59.120144 futex(0xc000080f48, FUTEX_WAKE_PRIVATE, 1 <unfinished ...>
31940 07:10:59.120165 futex(0x35a6e80, FUTEX_WAKE_PRIVATE, 1 <unfinished ...>
31939 07:10:59.120187 <... futex resumed>) = -1 EAGAIN (Resource temporarily unavailable) <0.000164>
31940 07:10:59.120207 <... futex resumed>) = 0 <0.000031>
31940 07:10:59.120232 futex(0xc000100148, FUTEX_WAIT_PRIVATE, 0, NULL <unfinished ...>
31936 07:10:59.120254 <... futex resumed>) = 0 <0.000093>
31939 07:10:59.120456 futex(0xc000080f48, FUTEX_WAIT_PRIVATE, 0, NULL <unfinished ...>
31937 07:10:59.120546 <... nanosleep resumed>NULL) = 0 <0.000474>
31936 07:10:59.120799 futex(0xc000080f48, FUTEX_WAKE_PRIVATE, 1 <unfinished ...>
31937 07:10:59.120820 nanosleep({tv_sec=0, tv_nsec=20000},  <unfinished ...>
31936 07:10:59.121139 <... futex resumed>) = 1 <0.000319>
31939 07:10:59.121160 <... futex resumed>) = 0 <0.000687>
31937 07:10:59.121171 <... nanosleep resumed>NULL) = 0 <0.000335>
31936 07:10:59.121284 futex(0xc000100148, FUTEX_WAKE_PRIVATE, 1 <unfinished ...>
31939 07:10:59.121300 nanosleep({tv_sec=0, tv_nsec=3000},  <unfinished ...>
31937 07:10:59.121722 nanosleep({tv_sec=0, tv_nsec=20000},  <unfinished ...>
31936 07:10:59.121752 <... futex resumed>) = 1 <0.000454>
31940 07:10:59.121766 <... futex resumed>) = 0 <0.001521>
31940 07:10:59.121796 futex(0x35a6e80, FUTEX_WAKE_PRIVATE, 1) = 0 <0.000011>
31940 07:10:59.121838 futex(0xc000100148, FUTEX_WAIT_PRIVATE, 0, NULL <unfinished ...>
31939 07:10:59.122069 <... nanosleep resumed>NULL) = 0 <0.000585>
31937 07:10:59.122092 <... nanosleep resumed>NULL) = 0 <0.000347>
31936 07:10:59.122366 futex(0xc000100148, FUTEX_WAKE_PRIVATE, 1 <unfinished ...>
31939 07:10:59.122386 futex(0x35a6e80, FUTEX_WAKE_PRIVATE, 1 <unfinished ...>
31937 07:10:59.122399 nanosleep({tv_sec=0, tv_nsec=20000},  <unfinished ...>
31939 07:10:59.122431 <... futex resumed>) = 0 <0.000033>
31939 07:10:59.122690 futex(0xc000080f48, FUTEX_WAIT_PRIVATE, 0, NULL <unfinished ...>
31937 07:10:59.123180 <... nanosleep resumed>NULL) = 0 <0.000763>
31936 07:10:59.123201 <... futex resumed>) = 1 <0.000816>
31940 07:10:59.123214 <... futex resumed>) = 0 <0.001362>
31940 07:10:59.123238 futex(0xc000100148, FUTEX_WAIT_PRIVATE, 0, NULL <unfinished ...>
31937 07:10:59.123257 nanosleep({tv_sec=0, tv_nsec=20000},  <unfinished ...>
31936 07:10:59.123352 futex(0xc000100148, FUTEX_WAKE_PRIVATE, 1 <unfinished ...>
31940 07:10:59.123373 <... futex resumed>) = -1 EAGAIN (Resource temporarily unavailable) <0.000123>
31940 07:10:59.123403 nanosleep({tv_sec=0, tv_nsec=3000},  <unfinished ...>
31936 07:10:59.123484 <... futex resumed>) = 0 <0.000114>
31940 07:10:59.123823 <... nanosleep resumed>NULL) = 0 <0.000399>
31937 07:10:59.123858 <... nanosleep resumed>NULL) = 0 <0.000585>
31940 07:10:59.123877 futex(0xc000100148, FUTEX_WAIT_PRIVATE, 0, NULL <unfinished ...>
31936 07:10:59.124017 futex(0xc000100148, FUTEX_WAKE_PRIVATE, 1 <unfinished ...>
31937 07:10:59.124036 nanosleep({tv_sec=0, tv_nsec=20000},  <unfinished ...>
31936 07:10:59.124211 <... futex resumed>) = 1 <0.000175>
31940 07:10:59.124228 <... futex resumed>) = 0 <0.000339>
31940 07:10:59.124253 nanosleep({tv_sec=0, tv_nsec=3000},  <unfinished ...>
31936 07:10:59.124420 futex(0xc000080f48, FUTEX_WAKE_PRIVATE, 1 <unfinished ...>
31940 07:10:59.124766 <... nanosleep resumed>NULL) = 0 <0.000494>
31937 07:10:59.124802 <... nanosleep resumed>NULL) = 0 <0.000595>
31940 07:10:59.124821 futex(0x35a6e80, FUTEX_WAKE_PRIVATE, 1) = 0 <0.000011>
31937 07:10:59.124857 nanosleep({tv_sec=0, tv_nsec=20000},  <unfinished ...>
31936 07:10:59.124948 <... futex resumed>) = 1 <0.000169>
31940 07:10:59.124969 futex(0xc000100148, FUTEX_WAIT_PRIVATE, 0, NULL <unfinished ...>
31939 07:10:59.124990 <... futex resumed>) = 0 <0.001813>
31936 07:10:59.125263 futex(0xc000080f48, FUTEX_WAKE_PRIVATE, 1 <unfinished ...>
31939 07:10:59.125282 futex(0xc000080f48, FUTEX_WAIT_PRIVATE, 0, NULL <unfinished ...>
31937 07:10:59.125299 <... nanosleep resumed>NULL) = 0 <0.000424>
31936 07:10:59.125380 <... futex resumed>) = 0 <0.000084>
31939 07:10:59.125400 <... futex resumed>) = -1 EAGAIN (Resource temporarily unavailable) <0.000107>
31936 07:10:59.125625 futex(0xc000100148, FUTEX_WAKE_PRIVATE, 1 <unfinished ...>
31939 07:10:59.125645 nanosleep({tv_sec=0, tv_nsec=3000},  <unfinished ...>
31937 07:10:59.125663 nanosleep({tv_sec=0, tv_nsec=20000},  <unfinished ...>
31940 07:10:59.125865 <... futex resumed>) = 0 <0.000883>
31940 07:10:59.125900 futex(0x35a6e80, FUTEX_WAKE_PRIVATE, 1 <unfinished ...>
31936 07:10:59.125927 <... futex resumed>) = 1 <0.000283>
31940 07:10:59.125940 <... futex resumed>) = 0 <0.000026>
31939 07:10:59.126107 <... nanosleep resumed>NULL) = 0 <0.000444>
31937 07:10:59.126194 <... nanosleep resumed>NULL) = 0 <0.000516>
31936 07:10:59.126217 futex(0xc000100148, FUTEX_WAKE_PRIVATE, 1 <unfinished ...>
31940 07:10:59.126230 futex(0xc000100148, FUTEX_WAIT_PRIVATE, 0, NULL) = -1 EAGAIN (Resource temporarily unavailable) <0.000013>
31940 07:10:59.126278 futex(0x35a6e80, FUTEX_WAKE_PRIVATE, 1 <unfinished ...>
31936 07:10:59.126302 <... futex resumed>) = 0 <0.000073>
31940 07:10:59.126316 <... futex resumed>) = 0 <0.000024>
31939 07:10:59.126336 futex(0xc000080f48, FUTEX_WAIT_PRIVATE, 0, NULL <unfinished ...>
31937 07:10:59.126350 epoll_pwait(4<anon_inode:[eventpoll]>,  <unfinished ...>
31940 07:10:59.126376 futex(0xc000100148, FUTEX_WAIT_PRIVATE, 0, NULL <unfinished ...>
31937 07:10:59.126395 <... epoll_pwait resumed>[], 128, 0, NULL, 0) = 0 <0.000024>
31936 07:10:59.128384 mmap(NULL, 262144, PROT_READ|PROT_WRITE, MAP_PRIVATE|MAP_ANONYMOUS, -1, 0 <unfinished ...>
31937 07:10:59.128408 nanosleep({tv_sec=0, tv_nsec=20000},  <unfinished ...>
31936 07:10:59.128824 <... mmap resumed>) = 0x7fc9120f9000 <0.000416>
31937 07:10:59.128843 <... nanosleep resumed>NULL) = 0 <0.000418>
31937 07:10:59.129099 nanosleep({tv_sec=0, tv_nsec=20000}, NULL) = 0 <0.000445>
31937 07:10:59.129810 nanosleep({tv_sec=0, tv_nsec=20000}, NULL) = 0 <0.000419>
31937 07:10:59.130484 nanosleep({tv_sec=0, tv_nsec=20000}, NULL) = 0 <0.000331>
31937 07:10:59.131109 nanosleep({tv_sec=0, tv_nsec=20000}, NULL) = 0 <0.000569>
31937 07:10:59.131883 nanosleep({tv_sec=0, tv_nsec=20000}, NULL) = 0 <0.000539>
31937 07:10:59.132711 nanosleep({tv_sec=0, tv_nsec=20000}, NULL) = 0 <0.000567>
31937 07:10:59.133793 nanosleep({tv_sec=0, tv_nsec=20000},  <unfinished ...>
31936 07:10:59.134046 epoll_pwait(4<anon_inode:[eventpoll]>, [], 128, 0, NULL, 0) = 0 <0.000333>
31937 07:10:59.134683 <... nanosleep resumed>NULL) = 0 <0.000864>
31936 07:10:59.134709 futex(0xc000100148, FUTEX_WAKE_PRIVATE, 1) = 1 <0.000332>
31940 07:10:59.135066 <... futex resumed>) = 0 <0.008679>
31937 07:10:59.135917 nanosleep({tv_sec=0, tv_nsec=20000},  <unfinished ...>
31936 07:10:59.135947 mmap(NULL, 65536, PROT_READ|PROT_WRITE, MAP_PRIVATE|MAP_ANONYMOUS, -1, 0 <unfinished ...>
31940 07:10:59.135962 nanosleep({tv_sec=0, tv_nsec=3000}, NULL) = 0 <0.000193>
31936 07:10:59.137236 <... mmap resumed>) = 0x7fc9120e9000 <0.001274>
31940 07:10:59.137305 getpid( <unfinished ...>
31937 07:10:59.137374 <... nanosleep resumed>NULL) = 0 <0.001431>
31940 07:10:59.137395 <... getpid resumed>) = 31936 <0.000033>
31940 07:10:59.137416 tgkill(31936, 31936, SIGURG <unfinished ...>
31937 07:10:59.137568 epoll_pwait(4<anon_inode:[eventpoll]>,  <unfinished ...>
31936 07:10:59.137601 --- SIGURG {si_signo=SIGURG, si_code=SI_TKILL, si_pid=31936, si_uid=0} ---
31940 07:10:59.137616 <... tgkill resumed>) = 0 <0.000190>
31940 07:10:59.137644 futex(0x35a8f98, FUTEX_WAIT_PRIVATE, 0, {tv_sec=0, tv_nsec=100000} <unfinished ...>
31936 07:10:59.137675 rt_sigreturn({mask=[]} <unfinished ...>
31937 07:10:59.137890 <... epoll_pwait resumed>[], 128, 0, NULL, 0) = 0 <0.000294>
31940 07:10:59.137910 <... futex resumed>) = -1 ETIMEDOUT (Connection timed out) <0.000248>
31940 07:10:59.137939 getpid()          = 31936 <0.000010>
31940 07:10:59.137978 tgkill(31936, 31936, SIGURG <unfinished ...>
31937 07:10:59.138194 nanosleep({tv_sec=0, tv_nsec=20000},  <unfinished ...>
31936 07:10:59.138215 <... rt_sigreturn resumed>) = 56181472 <0.000329>
31940 07:10:59.138223 <... tgkill resumed>) = 0 <0.000039>
31940 07:10:59.138238 futex(0x35a8f98, FUTEX_WAIT_PRIVATE, 0, {tv_sec=0, tv_nsec=100000}) = -1 ETIMEDOUT (Connection timed out) <0.000156>
31940 07:10:59.138424 futex(0x35a8f98, FUTEX_WAIT_PRIVATE, 0, {tv_sec=0, tv_nsec=100000} <unfinished ...>
31936 07:10:59.138813 --- SIGURG {si_signo=SIGURG, si_code=SI_TKILL, si_pid=31936, si_uid=0} ---
31940 07:10:59.138838 <... futex resumed>) = -1 ETIMEDOUT (Connection timed out) <0.000398>
31937 07:10:59.138861 <... nanosleep resumed>NULL) = 0 <0.000648>
31940 07:10:59.139010 futex(0x35a8f98, FUTEX_WAIT_PRIVATE, 0, {tv_sec=0, tv_nsec=100000} <unfinished ...>
31937 07:10:59.139302 nanosleep({tv_sec=0, tv_nsec=20000},  <unfinished ...>
31936 07:10:59.139332 rt_sigreturn({mask=[]} <unfinished ...>
31940 07:10:59.139521 <... futex resumed>) = -1 ETIMEDOUT (Connection timed out) <0.000490>
31936 07:10:59.139742 <... rt_sigreturn resumed>) = 56181472 <0.000388>
31937 07:10:59.139801 <... nanosleep resumed>NULL) = 0 <0.000474>
31940 07:10:59.139824 getpid()          = 31936 <0.000011>
31940 07:10:59.139865 tgkill(31936, 31936, SIGURG) = 0 <0.000016>
31937 07:10:59.139909 nanosleep({tv_sec=0, tv_nsec=20000},  <unfinished ...>
31936 07:10:59.140133 --- SIGURG {si_signo=SIGURG, si_code=SI_TKILL, si_pid=31936, si_uid=0} ---
31940 07:10:59.140157 futex(0x35a8f98, FUTEX_WAIT_PRIVATE, 0, {tv_sec=0, tv_nsec=100000}) = -1 ETIMEDOUT (Connection timed out) <0.000158>
31936 07:10:59.140354 rt_sigreturn({mask=[]} <unfinished ...>
31940 07:10:59.140370 getpid( <unfinished ...>
31937 07:10:59.140382 <... nanosleep resumed>NULL) = 0 <0.000294>
31940 07:10:59.140391 <... getpid resumed>) = 31936 <0.000014>
31936 07:10:59.140405 <... rt_sigreturn resumed>) = 56181472 <0.000036>
31940 07:10:59.140413 tgkill(31936, 31936, SIGURG <unfinished ...>
31937 07:10:59.140426 nanosleep({tv_sec=0, tv_nsec=20000},  <unfinished ...>
31940 07:10:59.140437 <... tgkill resumed>) = 0 <0.000018>
31940 07:10:59.140451 futex(0x35a8f98, FUTEX_WAIT_PRIVATE, 0, {tv_sec=0, tv_nsec=100000} <unfinished ...>
31936 07:10:59.140500 --- SIGURG {si_signo=SIGURG, si_code=SI_TKILL, si_pid=31936, si_uid=0} ---
31940 07:10:59.140729 <... futex resumed>) = -1 ETIMEDOUT (Connection timed out) <0.000267>
31940 07:10:59.140753 futex(0x35a8f98, FUTEX_WAIT_PRIVATE, 0, {tv_sec=0, tv_nsec=100000} <unfinished ...>
31936 07:10:59.140806 rt_sigreturn({mask=[]} <unfinished ...>
31937 07:10:59.140871 <... nanosleep resumed>NULL) = 0 <0.000433>
31936 07:10:59.141140 <... rt_sigreturn resumed>) = 56181472 <0.000318>
31940 07:10:59.141390 <... futex resumed>) = -1 ETIMEDOUT (Connection timed out) <0.000621>
31937 07:10:59.141423 getpid( <unfinished ...>
31936 07:10:59.141442 futex(0xc000080f48, FUTEX_WAKE_PRIVATE, 1 <unfinished ...>
31940 07:10:59.141455 futex(0x35a8f98, FUTEX_WAIT_PRIVATE, 0, {tv_sec=0, tv_nsec=100000} <unfinished ...>
31936 07:10:59.141778 <... futex resumed>) = 1 <0.000324>
31940 07:10:59.141989 <... futex resumed>) = -1 ETIMEDOUT (Connection timed out) <0.000324>
31939 07:10:59.142033 <... futex resumed>) = 0 <0.015683>
31937 07:10:59.142051 <... getpid resumed>) = 31936 <0.000615>
31936 07:10:59.142067 futex(0x35a6e80, FUTEX_WAIT_PRIVATE, 0, NULL <unfinished ...>
31940 07:10:59.142081 futex(0x35a8f98, FUTEX_WAIT_PRIVATE, 0, {tv_sec=0, tv_nsec=100000}) = -1 EAGAIN (Resource temporarily unavailable) <0.000011>
31939 07:10:59.142343 futex(0x35a8f98, FUTEX_WAKE_PRIVATE, 1 <unfinished ...>
31937 07:10:59.142362 tgkill(31936, 31936, SIGURG <unfinished ...>
31940 07:10:59.142378 sched_yield()     = 0 <0.000012>
31939 07:10:59.142413 <... futex resumed>) = 0 <0.000055>
31936 07:10:59.142498 <... futex resumed>) = ? ERESTARTSYS (To be restarted if SA_RESTART is set) <0.000402>
31940 07:10:59.142519 futex(0x35a8e98, FUTEX_WAIT_PRIVATE, 2, NULL <unfinished ...>
31937 07:10:59.142541 <... tgkill resumed>) = 0 <0.000167>
31936 07:10:59.142672 --- SIGURG {si_signo=SIGURG, si_code=SI_TKILL, si_pid=31936, si_uid=0} ---
31939 07:10:59.143071 futex(0x35a8e98, FUTEX_WAKE_PRIVATE, 1 <unfinished ...>
31937 07:10:59.143090 nanosleep({tv_sec=0, tv_nsec=20000},  <unfinished ...>
31936 07:10:59.143360 rt_sigreturn({mask=[]} <unfinished ...>
31940 07:10:59.143551 <... futex resumed>) = 0 <0.000849>
31939 07:10:59.143581 <... futex resumed>) = 1 <0.000492>
31936 07:10:59.143601 <... rt_sigreturn resumed>) = 202 <0.000223>
31940 07:10:59.143613 futex(0x35a8e98, FUTEX_WAKE_PRIVATE, 1) = 0 <0.000009>
31940 07:10:59.143663 futex(0x35a6e80, FUTEX_WAKE_PRIVATE, 1 <unfinished ...>
31939 07:10:59.143882 futex(0x35a8f98, FUTEX_WAIT_PRIVATE, 0, {tv_sec=0, tv_nsec=100000} <unfinished ...>
31937 07:10:59.143909 <... nanosleep resumed>NULL) = 0 <0.000780>
31936 07:10:59.143927 futex(0x35a6e80, FUTEX_WAIT_PRIVATE, 0, NULL <unfinished ...>
31940 07:10:59.143940 <... futex resumed>) = 0 <0.000266>
31940 07:10:59.143965 futex(0xc000100148, FUTEX_WAIT_PRIVATE, 0, NULL <unfinished ...>
31936 07:10:59.144260 <... futex resumed>) = -1 EAGAIN (Resource temporarily unavailable) <0.000320>
31939 07:10:59.144281 <... futex resumed>) = -1 ETIMEDOUT (Connection timed out) <0.000374>
31937 07:10:59.144295 nanosleep({tv_sec=0, tv_nsec=20000},  <unfinished ...>
31939 07:10:59.144316 futex(0x35a8f98, FUTEX_WAIT_PRIVATE, 0, {tv_sec=0, tv_nsec=100000}) = -1 ETIMEDOUT (Connection timed out) <0.003095>
31937 07:10:59.147493 <... nanosleep resumed>NULL) = 0 <0.003181>
31936 07:10:59.147835 futex(0xc000100148, FUTEX_WAKE_PRIVATE, 1 <unfinished ...>
31939 07:10:59.147903 getpid( <unfinished ...>
31937 07:10:59.147921 epoll_pwait(4<anon_inode:[eventpoll]>,  <unfinished ...>
31936 07:10:59.148122 <... futex resumed>) = 1 <0.000271>
31940 07:10:59.148192 <... futex resumed>) = 0 <0.004212>
31939 07:10:59.148225 <... getpid resumed>) = 31936 <0.000306>
31937 07:10:59.148243 <... epoll_pwait resumed>[], 128, 0, NULL, 0) = 0 <0.000300>
31940 07:10:59.148259 futex(0x35a8f98, FUTEX_WAKE_PRIVATE, 1) = 0 <0.000011>
31939 07:10:59.148298 tgkill(31936, 31936, SIGURG <unfinished ...>
31936 07:10:59.148316 sched_yield( <unfinished ...>
31940 07:10:59.148327 futex(0x35a6e80, FUTEX_WAKE_PRIVATE, 1 <unfinished ...>
31937 07:10:59.148347 nanosleep({tv_sec=0, tv_nsec=20000},  <unfinished ...>
31936 07:10:59.148568 <... sched_yield resumed>) = 0 <0.000237>
31940 07:10:59.148595 <... futex resumed>) = 0 <0.000257>
31939 07:10:59.148619 <... tgkill resumed>) = 0 <0.000308>
31940 07:10:59.148636 futex(0xc000100148, FUTEX_WAIT_PRIVATE, 0, NULL <unfinished ...>
31936 07:10:59.148925 --- SIGURG {si_signo=SIGURG, si_code=SI_TKILL, si_pid=31936, si_uid=0} ---
31939 07:10:59.148948 futex(0x35a8f98, FUTEX_WAIT_PRIVATE, 0, {tv_sec=0, tv_nsec=100000} <unfinished ...>
31936 07:10:59.149288 rt_sigreturn({mask=[]} <unfinished ...>
31937 07:10:59.149315 <... nanosleep resumed>NULL) = 0 <0.000808>
31936 07:10:59.149543 <... rt_sigreturn resumed>) = 0 <0.000229>
31939 07:10:59.149562 <... futex resumed>) = -1 ETIMEDOUT (Connection timed out) <0.000595>
31937 07:10:59.149576 nanosleep({tv_sec=0, tv_nsec=20000},  <unfinished ...>
31939 07:10:59.149657 futex(0x35a8f98, FUTEX_WAIT_PRIVATE, 0, {tv_sec=0, tv_nsec=100000} <unfinished ...>
31936 07:10:59.150151 futex(0x35a8e98, FUTEX_WAKE_PRIVATE, 1 <unfinished ...>
31939 07:10:59.150169 <... futex resumed>) = -1 ETIMEDOUT (Connection timed out) <0.000480>
31937 07:10:59.150184 <... nanosleep resumed>NULL) = 0 <0.000583>
31936 07:10:59.150319 <... futex resumed>) = 0 <0.000150>
31939 07:10:59.150338 futex(0x35a8f98, FUTEX_WAIT_PRIVATE, 0, {tv_sec=0, tv_nsec=100000} <unfinished ...>
31937 07:10:59.150429 nanosleep({tv_sec=0, tv_nsec=20000},  <unfinished ...>
31939 07:10:59.150879 <... futex resumed>) = -1 ETIMEDOUT (Connection timed out) <0.000522>
31937 07:10:59.151003 <... nanosleep resumed>NULL) = 0 <0.000524>
31939 07:10:59.151331 getpid()          = 31936 <0.000174>
31936 07:10:59.152997 futex(0xc000100148, FUTEX_WAKE_PRIVATE, 1 <unfinished ...>
31939 07:10:59.153019 tgkill(31936, 31936, SIGURG <unfinished ...>
31937 07:10:59.153032 nanosleep({tv_sec=0, tv_nsec=20000},  <unfinished ...>
31939 07:10:59.153281 <... tgkill resumed>) = 0 <0.000248>
31936 07:10:59.153683 <... futex resumed>) = 1 <0.000665>
31940 07:10:59.153702 <... futex resumed>) = 0 <0.005055>
31939 07:10:59.153727 futex(0x35a8f98, FUTEX_WAIT_PRIVATE, 0, {tv_sec=0, tv_nsec=100000} <unfinished ...>
31937 07:10:59.153748 <... nanosleep resumed>NULL) = 0 <0.000699>
31940 07:10:59.153762 futex(0x35a8f98, FUTEX_WAKE_PRIVATE, 1) = 0 <0.000010>
31939 07:10:59.153811 <... futex resumed>) = -1 EAGAIN (Resource temporarily unavailable) <0.000064>
31937 07:10:59.153829 nanosleep({tv_sec=0, tv_nsec=20000},  <unfinished ...>
31936 07:10:59.153849 --- SIGURG {si_signo=SIGURG, si_code=SI_TKILL, si_pid=31936, si_uid=0} ---
31940 07:10:59.153862 futex(0x35a6e80, FUTEX_WAKE_PRIVATE, 1) = 0 <0.000012>
31940 07:10:59.153903 futex(0xc000100148, FUTEX_WAIT_PRIVATE, 0, NULL <unfinished ...>
31939 07:10:59.153925 futex(0x35a8f70, FUTEX_WAIT_PRIVATE, 0, {tv_sec=0, tv_nsec=100000} <unfinished ...>
31936 07:10:59.154241 rt_sigreturn({mask=[]} <unfinished ...>
31939 07:10:59.154267 <... futex resumed>) = -1 ETIMEDOUT (Connection timed out) <0.000323>
31937 07:10:59.154282 <... nanosleep resumed>NULL) = 0 <0.000436>
31936 07:10:59.154409 <... rt_sigreturn resumed>) = 1 <0.000143>
31939 07:10:59.154428 futex(0x35a8f70, FUTEX_WAIT_PRIVATE, 0, {tv_sec=0, tv_nsec=100000} <unfinished ...>
31937 07:10:59.154448 futex(0x35a8f80, FUTEX_WAIT_PRIVATE, 0, {tv_sec=60, tv_nsec=0} <unfinished ...>
31939 07:10:59.154952 <... futex resumed>) = -1 ETIMEDOUT (Connection timed out) <0.000504>
31936 07:10:59.155209 futex(0xc000100148, FUTEX_WAKE_PRIVATE, 1 <unfinished ...>
31939 07:10:59.155229 getpid( <unfinished ...>
31936 07:10:59.155413 <... futex resumed>) = 1 <0.000184>
31940 07:10:59.155489 <... futex resumed>) = 0 <0.001572>
31939 07:10:59.155520 <... getpid resumed>) = 31936 <0.000280>
31940 07:10:59.155544 futex(0x35a8f70, FUTEX_WAKE_PRIVATE, 1) = 0 <0.000011>
31940 07:10:59.155586 futex(0xc000100148, FUTEX_WAIT_PRIVATE, 0, NULL <unfinished ...>
31936 07:10:59.155735 futex(0x35a6e80, FUTEX_WAIT_PRIVATE, 0, NULL <unfinished ...>
31939 07:10:59.155808 tgkill(31936, 31936, SIGURG <unfinished ...>
31936 07:10:59.156021 <... futex resumed>) = ? ERESTARTSYS (To be restarted if SA_RESTART is set) <0.000267>
31939 07:10:59.156094 <... tgkill resumed>) = 0 <0.000268>
31936 07:10:59.156322 --- SIGURG {si_signo=SIGURG, si_code=SI_TKILL, si_pid=31936, si_uid=0} ---
31939 07:10:59.156396 epoll_pwait(4<anon_inode:[eventpoll]>,  <unfinished ...>
31936 07:10:59.156657 rt_sigreturn({mask=[]} <unfinished ...>
31939 07:10:59.156733 <... epoll_pwait resumed>[], 128, 0, NULL, 0) = 0 <0.000307>
31936 07:10:59.157010 <... rt_sigreturn resumed>) = 202 <0.000328>
31939 07:10:59.157030 futex(0x35a8f80, FUTEX_WAKE_PRIVATE, 1 <unfinished ...>
31936 07:10:59.157217 futex(0x35a6e80, FUTEX_WAIT_PRIVATE, 0, NULL <unfinished ...>
31939 07:10:59.157236 <... futex resumed>) = 1 <0.000195>
31937 07:10:59.157248 <... futex resumed>) = 0 <0.002786>
31939 07:10:59.157407 futex(0xc000100148, FUTEX_WAKE_PRIVATE, 1 <unfinished ...>
31937 07:10:59.157464 sched_yield( <unfinished ...>
31940 07:10:59.157666 <... futex resumed>) = 0 <0.002065>
31939 07:10:59.158394 <... futex resumed>) = 1 <0.000931>
31937 07:10:59.158414 <... sched_yield resumed>) = 0 <0.000937>
31940 07:10:59.158429 futex(0x35a6e80, FUTEX_WAKE_PRIVATE, 1) = 1 <0.000013>
31940 07:10:59.158472 futex(0xc000100148, FUTEX_WAIT_PRIVATE, 0, NULL <unfinished ...>
31936 07:10:59.158606 <... futex resumed>) = 0 <0.001370>
31939 07:10:59.158623 futex(0x35a8f98, FUTEX_WAIT_PRIVATE, 0, {tv_sec=0, tv_nsec=100000} <unfinished ...>
31937 07:10:59.158642 futex(0x35a8e98, FUTEX_WAKE_PRIVATE, 1) = 0 <0.000269>
31939 07:10:59.159380 <... futex resumed>) = -1 ETIMEDOUT (Connection timed out) <0.000738>
31937 07:10:59.159454 epoll_pwait(4<anon_inode:[eventpoll]>,  <unfinished ...>
31939 07:10:59.159829 getpid( <unfinished ...>
31937 07:10:59.160056 <... epoll_pwait resumed>[], 128, 0, NULL, 0) = 0 <0.000574>
31939 07:10:59.160127 <... getpid resumed>) = 31936 <0.000282>
31939 07:10:59.160311 tgkill(31936, 31936, SIGURG <unfinished ...>
31937 07:10:59.160379 getpid( <unfinished ...>
31936 07:10:59.160567 --- SIGURG {si_signo=SIGURG, si_code=SI_TKILL, si_pid=31936, si_uid=0} ---
31939 07:10:59.160586 <... tgkill resumed>) = 0 <0.000260>
31937 07:10:59.160599 <... getpid resumed>) = 31936 <0.000204>
31936 07:10:59.160787 rt_sigreturn({mask=[]} <unfinished ...>
31939 07:10:59.160870 futex(0x35a8f98, FUTEX_WAIT_PRIVATE, 0, {tv_sec=0, tv_nsec=100000} <unfinished ...>
31937 07:10:59.160895 tgkill(31936, 31939, SIGURG) = 0 <0.000193>
31936 07:10:59.161183 <... rt_sigreturn resumed>) = 824640012288 <0.000356>
