31939 07:10:59.320011 <... fstat resumed>{st_dev=makedev(0xfd, 0), st_ino=393279, st_mode=S_IFREG|0660, st_nlink=1, st_uid=0, st_gid=0, st_blksize=4096, st_blocks=8, st_size=2145, st_atime=1747807059 /* 2025-05-21T05:57:39.157433238+0000 */, st_atime_nsec=157433238, st_mtime=1747807059 /* 2025-05-21T05:57:39.157433238+0000 */, st_mtime_nsec=157433238, st_ctime=1747807059 /* 2025-05-21T05:57:39.157433238+0000 */, st_ctime_nsec=157433238}) = 0 <0.000213>
31936 07:10:59.320264 <... fcntl resumed>) = 0 <0.000253>
31939 07:10:59.320285 read(7</root/.kube/cache/discovery/192.168.56.10_6443/apps/v1/serverresources.json>,  <unfinished ...>
31936 07:10:59.320488 epoll_ctl(4<anon_inode:[eventpoll]>, EPOLL_CTL_ADD, 6</root/.kube/cache/discovery/192.168.56.10_6443/admissionregistration.k8s.io/v1/serverresources.json>, {events=EPOLLIN|EPOLLOUT|EPOLLRDHUP|EPOLLET, data={u32=4102029315, u64=9208192432531832835}} <unfinished ...>
31939 07:10:59.320534 <... read resumed>"{\"kind\":\"APIResourceList\",\"apiVersion\":\"v1\",\"groupVersion\":\"apps/v1\",\"resources\":[{\"name\":\"controllerrevisions\",\"singularName\":\"controllerrevision\",\"namespaced\":true,\"kind\":\"ControllerRevision\",\"verbs\":[\"create\",\"delete\",\"deletecollection\",\"get\",\"list\",\"patch\",\"update\",\"watch\"]},{\"name\":\"daemonsets\",\"singularName\":\"daemonset\",\"namespaced\":true,\"kind\":\"DaemonSet\",\"verbs\":[\"create\",\"delete\",\"deletecollection\",\"get\",\"list\",\"patch\",\"update\",\"watch\"],\"shortNames\":[\"ds\"],\"categories\":[\"all\"]},{\"name\":\"daemonsets/", 512) = 512 <0.000227>
31936 07:10:59.320730 <... epoll_ctl resumed>) = -1 EPERM (Operation not permitted) <0.000200>
31939 07:10:59.320796 read(7</root/.kube/cache/discovery/192.168.56.10_6443/apps/v1/serverresources.json>,  <unfinished ...>
31936 07:10:59.320967 fcntl(6</root/.kube/cache/discovery/192.168.56.10_6443/admissionregistration.k8s.io/v1/serverresources.json>, F_GETFL <unfinished ...>
31939 07:10:59.321040 <... read resumed>"status\",\"singularName\":\"daemonset\",\"namespaced\":true,\"kind\":\"DaemonSet\",\"verbs\":[\"get\",\"patch\",\"update\"]},{\"name\":\"deployments\",\"singularName\":\"deployment\",\"namespaced\":true,\"kind\":\"Deployment\",\"verbs\":[\"create\",\"delete\",\"deletecollection\",\"get\",\"list\",\"patch\",\"update\",\"watch\"],\"shortNames\":[\"deploy\"],\"categories\":[\"all\"]},{\"name\":\"deployments/scale\",\"singularName\":\"deployment\",\"na", 384) = 384 <0.000216>
31936 07:10:59.321209 <... fcntl resumed>) = 0x8800 (flags O_RDONLY|O_NONBLOCK|O_LARGEFILE) <0.000218>
31939 07:10:59.321277 read(7</root/.kube/cache/discovery/192.168.56.10_6443/apps/v1/serverresources.json>,  <unfinished ...>
31936 07:10:59.321447 fcntl(6</root/.kube/cache/discovery/192.168.56.10_6443/admissionregistration.k8s.io/v1/serverresources.json>, F_SETFL, O_RDONLY|O_LARGEFILE <unfinished ...>
31939 07:10:59.321520 <... read resumed>"mespaced\":true,\"group\":\"autoscaling\",\"version\":\"v1\",\"kind\":\"Scale\",\"verbs\":[\"get\",\"patch\",\"update\"]},{\"name\":\"deployments/status\",\"singularName\":\"deployment\",\"namespaced\":true,\"kind\":\"Deployment\",\"verbs\":[\"get\",\"patch\",\"update\"]},{\"name\":\"replicasets\",\"singularName\":\"replicaset\",\"namespaced\":true,\"kind\":\"ReplicaSet\",\"verbs\":[\"create\",\"delete\",\"deletecollection\",\"get\",\"list\",\"patch\",\"update\",\"watch\"],\"shortNames\":[\"rs\"],\"categories\":[\"all\"]},{\"name\":\"replicasets/scale\",\"singularName\":\"replicaset\",\"namespaced", 512) = 512 <0.000215>
31936 07:10:59.321686 <... fcntl resumed>) = 0 <0.000216>
31939 07:10:59.321750 read(7</root/.kube/cache/discovery/192.168.56.10_6443/apps/v1/serverresources.json>,  <unfinished ...>
31936 07:10:59.322014 fstat(6</root/.kube/cache/discovery/192.168.56.10_6443/admissionregistration.k8s.io/v1/serverresources.json>,  <unfinished ...>
31939 07:10:59.322042 <... read resumed>"\":true,\"group\":\"autoscaling\",\"version\":\"v1\",\"kind\":\"Scale\",\"verbs\":[\"get\",\"patch\",\"update\"]},{\"name\":\"replicasets/status\",\"singularName\":\"replicaset\",\"namespaced\":true,\"kind\":\"ReplicaSet\",\"verbs\":[\"get\",\"patch\",\"update\"]},{\"name\":\"statefulsets\",\"singularName\":\"statefulset\",\"namespaced\":true,\"kind\":\"StatefulSet\",\"verbs\":[\"create\",\"delete\",\"deletecollection\",\"get\",\"list\",\"patch\",\"update\",\"watch\"],\"shortNames\":[\"sts\"],\"categories\":[\"all\"]},{\"name\":\"statefulsets/scale\",\"singularName\":\"statefulset\",\"namespaced\":true,\"group\":\"autoscaling\",\"version\":\"v1\",\"kind\":\"Scale\",\"verbs\":[\"get\",\"patch\",\"update\"]},{\"name\":\"statefulsets/status\",\"singul", 640) = 640 <0.000266>
31936 07:10:59.322337 <... fstat resumed>{st_dev=makedev(0xfd, 0), st_ino=393310, st_mode=S_IFREG|0660, st_nlink=1, st_uid=0, st_gid=0, st_blksize=4096, st_blocks=8, st_size=1338, st_atime=1747807059 /* 2025-05-21T05:57:39.185433985+0000 */, st_atime_nsec=185433985, st_mtime=1747807059 /* 2025-05-21T05:57:39.185433985+0000 */, st_mtime_nsec=185433985, st_ctime=1747807059 /* 2025-05-21T05:57:39.185433985+0000 */, st_ctime_nsec=185433985}) = 0 <0.000299>
31939 07:10:59.322396 read(7</root/.kube/cache/discovery/192.168.56.10_6443/apps/v1/serverresources.json>,  <unfinished ...>
31936 07:10:59.322660 read(6</root/.kube/cache/discovery/192.168.56.10_6443/admissionregistration.k8s.io/v1/serverresources.json>, "{\"kind\":\"APIResourceList\",\"apiVersion\":\"v1\",\"groupVersion\":\"admissionregistration.k8s.io/v1\",\"resources\":[{\"name\":\"mutatingwebhookconfigurations\",\"singularName\":\"mutatingwebhookconfiguration\",\"namespaced\":false,\"kind\":\"MutatingWebhookConfiguration\",\"verbs\":[\"create\",\"delete\",\"deletecollection\",\"get\",\"list\",\"patch\",\"update\",\"watch\"],\"categories\":[\"api-extensions\"]},{\"name\":\"validatingadmissionpolicies\",\"singularName\":\"validatingadmissionpolicy\",\"namespaced\":false,\"kind\":\"ValidatingAdmissionPolicy\",\"verbs\":[\"", 512) = 512 <0.000278>
31939 07:10:59.323186 <... read resumed>"arName\":\"statefulset\",\"namespaced\":true,\"kind\":\"StatefulSet\",\"verbs\":[\"get\",\"patch\",\"update\"]}]}\n", 1024) = 97 <0.000534>
31936 07:10:59.323410 read(6</root/.kube/cache/discovery/192.168.56.10_6443/admissionregistration.k8s.io/v1/serverresources.json>,  <unfinished ...>
31939 07:10:59.323441 read(7</root/.kube/cache/discovery/192.168.56.10_6443/apps/v1/serverresources.json>,  <unfinished ...>
31936 07:10:59.323464 <... read resumed>"create\",\"delete\",\"deletecollection\",\"get\",\"list\",\"patch\",\"update\",\"watch\"],\"categories\":[\"api-extensions\"]},{\"name\":\"validatingadmissionpolicies/status\",\"singularName\":\"validatingadmissionpolicy\",\"namespaced\":false,\"kind\":\"ValidatingAdmissionPolicy\",\"verbs\":[\"get\",\"patch\",\"update\"]},{\"name\":\"validatingadmissionpolicybindings\",\"singularName\":\"validatingadmissionpolicybinding\",\"names", 384) = 384 <0.000025>
31936 07:10:59.323659 read(6</root/.kube/cache/discovery/192.168.56.10_6443/admissionregistration.k8s.io/v1/serverresources.json>,  <unfinished ...>
31939 07:10:59.323732 <... read resumed>"", 927) = 0 <0.000271>
31936 07:10:59.323901 <... read resumed>"paced\":false,\"kind\":\"ValidatingAdmissionPolicyBinding\",\"verbs\":[\"create\",\"delete\",\"deletecollection\",\"get\",\"list\",\"patch\",\"update\",\"watch\"],\"categories\":[\"api-extensions\"]},{\"name\":\"validatingwebhookconfigurations\",\"singularName\":\"validatingwebhookconfiguration\",\"namespaced\":false,\"kind\":\"ValidatingWebhookConfiguration\",\"verbs\":[\"create\",\"delete\",\"deletecollection\",\"get\",\"list\",\"patch\",\"update\",\"watch\"],\"categories\":[\"api-extensions\"]}]}\n", 512) = 442 <0.000219>
31939 07:10:59.323976 close(7</root/.kube/cache/discovery/192.168.56.10_6443/apps/v1/serverresources.json> <unfinished ...>
31936 07:10:59.324141 read(6</root/.kube/cache/discovery/192.168.56.10_6443/admissionregistration.k8s.io/v1/serverresources.json>,  <unfinished ...>
31939 07:10:59.324215 <... close resumed>) = 0 <0.000211>
31936 07:10:59.324499 <... read resumed>"", 70) = 0 <0.000335>
31939 07:10:59.324566 openat(AT_FDCWD</home/zhennan>, "/root/.kube/cache/discovery/192.168.56.10_6443/events.k8s.io/v1/serverresources.json", O_RDONLY|O_CLOEXEC <unfinished ...>
31936 07:10:59.324896 close(6</root/.kube/cache/discovery/192.168.56.10_6443/admissionregistration.k8s.io/v1/serverresources.json> <unfinished ...>
31939 07:10:59.324927 <... openat resumed>) = 7</root/.kube/cache/discovery/192.168.56.10_6443/events.k8s.io/v1/serverresources.json> <0.000330>
31936 07:10:59.325173 <... close resumed>) = 0 <0.000247>
31939 07:10:59.325194 fcntl(7</root/.kube/cache/discovery/192.168.56.10_6443/events.k8s.io/v1/serverresources.json>, F_GETFL <unfinished ...>
31936 07:10:59.325434 openat(AT_FDCWD</home/zhennan>, "/root/.kube/cache/discovery/192.168.56.10_6443/apiextensions.k8s.io/v1/serverresources.json", O_RDONLY|O_CLOEXEC) = 6</root/.kube/cache/discovery/192.168.56.10_6443/apiextensions.k8s.io/v1/serverresources.json> <0.000240>
31939 07:10:59.325731 <... fcntl resumed>) = 0x8000 (flags O_RDONLY|O_LARGEFILE) <0.000516>
31936 07:10:59.325963 fcntl(6</root/.kube/cache/discovery/192.168.56.10_6443/apiextensions.k8s.io/v1/serverresources.json>, F_GETFL <unfinished ...>
31939 07:10:59.325993 fcntl(7</root/.kube/cache/discovery/192.168.56.10_6443/events.k8s.io/v1/serverresources.json>, F_SETFL, O_RDONLY|O_NONBLOCK|O_LARGEFILE <unfinished ...>
31936 07:10:59.326018 <... fcntl resumed>) = 0x8000 (flags O_RDONLY|O_LARGEFILE) <0.000027>
31939 07:10:59.326123 <... fcntl resumed>) = 0 <0.000109>
31936 07:10:59.326453 fcntl(6</root/.kube/cache/discovery/192.168.56.10_6443/apiextensions.k8s.io/v1/serverresources.json>, F_SETFL, O_RDONLY|O_NONBLOCK|O_LARGEFILE <unfinished ...>
31939 07:10:59.326540 epoll_ctl(4<anon_inode:[eventpoll]>, EPOLL_CTL_ADD, 7</root/.kube/cache/discovery/192.168.56.10_6443/events.k8s.io/v1/serverresources.json>, {events=EPOLLIN|EPOLLOUT|EPOLLRDHUP|EPOLLET, data={u32=4102029316, u64=9208192432531832836}} <unfinished ...>
31936 07:10:59.326704 <... fcntl resumed>) = 0 <0.000227>
31939 07:10:59.326766 <... epoll_ctl resumed>) = -1 EPERM (Operation not permitted) <0.000185>
31936 07:10:59.327113 epoll_ctl(4<anon_inode:[eventpoll]>, EPOLL_CTL_ADD, 6</root/.kube/cache/discovery/192.168.56.10_6443/apiextensions.k8s.io/v1/serverresources.json>, {events=EPOLLIN|EPOLLOUT|EPOLLRDHUP|EPOLLET, data={u32=4120379398, u64=9208192432550182918}} <unfinished ...>
31939 07:10:59.327162 fcntl(7</root/.kube/cache/discovery/192.168.56.10_6443/events.k8s.io/v1/serverresources.json>, F_GETFL <unfinished ...>
31936 07:10:59.327241 <... epoll_ctl resumed>) = -1 EPERM (Operation not permitted) <0.000084>
31936 07:10:59.327401 fcntl(6</root/.kube/cache/discovery/192.168.56.10_6443/apiextensions.k8s.io/v1/serverresources.json>, F_GETFL <unfinished ...>
31939 07:10:59.327514 <... fcntl resumed>) = 0x8800 (flags O_RDONLY|O_NONBLOCK|O_LARGEFILE) <0.000328>
31936 07:10:59.327909 <... fcntl resumed>) = 0x8800 (flags O_RDONLY|O_NONBLOCK|O_LARGEFILE) <0.000482>
31939 07:10:59.327930 fcntl(7</root/.kube/cache/discovery/192.168.56.10_6443/events.k8s.io/v1/serverresources.json>, F_SETFL, O_RDONLY|O_LARGEFILE <unfinished ...>
31937 07:10:59.327954 <... nanosleep resumed>NULL) = 0 <0.011208>
31936 07:10:59.328244 fcntl(6</root/.kube/cache/discovery/192.168.56.10_6443/apiextensions.k8s.io/v1/serverresources.json>, F_SETFL, O_RDONLY|O_LARGEFILE <unfinished ...>
31939 07:10:59.328276 <... fcntl resumed>) = 0 <0.000324>
31937 07:10:59.328290 nanosleep({tv_sec=0, tv_nsec=10000000},  <unfinished ...>
31936 07:10:59.328398 <... fcntl resumed>) = 0 <0.000122>
31939 07:10:59.328418 fstat(7</root/.kube/cache/discovery/192.168.56.10_6443/events.k8s.io/v1/serverresources.json>,  <unfinished ...>
31936 07:10:59.328590 fstat(6</root/.kube/cache/discovery/192.168.56.10_6443/apiextensions.k8s.io/v1/serverresources.json>,  <unfinished ...>
31939 07:10:59.328618 <... fstat resumed>{st_dev=makedev(0xfd, 0), st_ino=393284, st_mode=S_IFREG|0660, st_nlink=1, st_uid=0, st_gid=0, st_blksize=4096, st_blocks=8, st_size=272, st_atime=1747807059 /* 2025-05-21T05:57:39.161433345+0000 */, st_atime_nsec=161433345, st_mtime=1747807059 /* 2025-05-21T05:57:39.161433345+0000 */, st_mtime_nsec=161433345, st_ctime=1747807059 /* 2025-05-21T05:57:39.161433345+0000 */, st_ctime_nsec=161433345}) = 0 <0.000179>
31936 07:10:59.329205 <... fstat resumed>{st_dev=makedev(0xfd, 0), st_ino=393316, st_mode=S_IFREG|0660, st_nlink=1, st_uid=0, st_gid=0, st_blksize=4096, st_blocks=8, st_size=549, st_atime=1747807059 /* 2025-05-21T05:57:39.185433985+0000 */, st_atime_nsec=185433985, st_mtime=1747807059 /* 2025-05-21T05:57:39.185433985+0000 */, st_mtime_nsec=185433985, st_ctime=1747807059 /* 2025-05-21T05:57:39.189434091+0000 */, st_ctime_nsec=189434091}) = 0 <0.000590>
31939 07:10:59.330146 read(7</root/.kube/cache/discovery/192.168.56.10_6443/events.k8s.io/v1/serverresources.json>,  <unfinished ...>
31936 07:10:59.330176 read(6</root/.kube/cache/discovery/192.168.56.10_6443/apiextensions.k8s.io/v1/serverresources.json>, "{\"kind\":\"APIResourceList\",\"apiVersion\":\"v1\",\"groupVersion\":\"apiextensions.k8s.io/v1\",\"resources\":[{\"name\":\"customresourcedefinitions\",\"singularName\":\"customresourcedefinition\",\"namespaced\":false,\"kind\":\"CustomResourceDefinition\",\"verbs\":[\"create\",\"delete\",\"deletecollection\",\"get\",\"list\",\"patch\",\"update\",\"watch\"],\"shortNames\":[\"crd\",\"crds\"],\"categories\":[\"api-extensions\"]},{\"name\":\"customresourcedefinitions/status\",\"singularName\":\"customresourcedefinition\",\"namespaced\":false,\"kind\":\"CustomResourceDefinition\"", 512) = 512 <0.000145>
31939 07:10:59.330363 <... read resumed>"{\"kind\":\"APIResourceList\",\"apiVersion\":\"v1\",\"groupVersion\":\"events.k8s.io/v1\",\"resources\":[{\"name\":\"events\",\"singularName\":\"event\",\"namespaced\":true,\"kind\":\"Event\",\"verbs\":[\"create\",\"delete\",\"deletecollection\",\"get\",\"list\",\"patch\",\"update\",\"watch\"],\"shortNames\":[\"ev\"]}]}\n", 512) = 272 <0.000192>
31936 07:10:59.330474 read(6</root/.kube/cache/discovery/192.168.56.10_6443/apiextensions.k8s.io/v1/serverresources.json>,  <unfinished ...>
31939 07:10:59.330504 read(7</root/.kube/cache/discovery/192.168.56.10_6443/events.k8s.io/v1/serverresources.json>,  <unfinished ...>
31936 07:10:59.330785 <... read resumed>",\"verbs\":[\"get\",\"patch\",\"update\"]}]}\n", 384) = 37 <0.000282>
31939 07:10:59.330813 <... read resumed>"", 240) = 0 <0.000292>
31936 07:10:59.331038 read(6</root/.kube/cache/discovery/192.168.56.10_6443/apiextensions.k8s.io/v1/serverresources.json>,  <unfinished ...>
31939 07:10:59.331115 close(7</root/.kube/cache/discovery/192.168.56.10_6443/events.k8s.io/v1/serverresources.json> <unfinished ...>
31936 07:10:59.331328 <... read resumed>"", 347) = 0 <0.000265>
31939 07:10:59.331388 <... close resumed>) = 0 <0.000244>
31936 07:10:59.331731 close(6</root/.kube/cache/discovery/192.168.56.10_6443/apiextensions.k8s.io/v1/serverresources.json> <unfinished ...>
31939 07:10:59.331759 openat(AT_FDCWD</home/zhennan>, "/root/.kube/cache/discovery/192.168.56.10_6443/authentication.k8s.io/v1/serverresources.json", O_RDONLY|O_CLOEXEC <unfinished ...>
31936 07:10:59.332080 <... close resumed>) = 0 <0.000322>
31939 07:10:59.332106 <... openat resumed>) = 6</root/.kube/cache/discovery/192.168.56.10_6443/authentication.k8s.io/v1/serverresources.json> <0.000318>
31936 07:10:59.332296 openat(AT_FDCWD</home/zhennan>, "/root/.kube/cache/discovery/192.168.56.10_6443/scheduling.k8s.io/v1/serverresources.json", O_RDONLY|O_CLOEXEC) = 7</root/.kube/cache/discovery/192.168.56.10_6443/scheduling.k8s.io/v1/serverresources.json> <0.000276>
31939 07:10:59.332678 fcntl(6</root/.kube/cache/discovery/192.168.56.10_6443/authentication.k8s.io/v1/serverresources.json>, F_GETFL <unfinished ...>
31936 07:10:59.332830 fcntl(7</root/.kube/cache/discovery/192.168.56.10_6443/scheduling.k8s.io/v1/serverresources.json>, F_GETFL <unfinished ...>
31939 07:10:59.332859 <... fcntl resumed>) = 0x8000 (flags O_RDONLY|O_LARGEFILE) <0.000153>
31936 07:10:59.332990 <... fcntl resumed>) = 0x8000 (flags O_RDONLY|O_LARGEFILE) <0.000134>
31939 07:10:59.333007 fcntl(6</root/.kube/cache/discovery/192.168.56.10_6443/authentication.k8s.io/v1/serverresources.json>, F_SETFL, O_RDONLY|O_NONBLOCK|O_LARGEFILE <unfinished ...>
31936 07:10:59.333132 fcntl(7</root/.kube/cache/discovery/192.168.56.10_6443/scheduling.k8s.io/v1/serverresources.json>, F_SETFL, O_RDONLY|O_NONBLOCK|O_LARGEFILE <unfinished ...>
31939 07:10:59.333163 <... fcntl resumed>) = 0 <0.000133>
31936 07:10:59.333297 <... fcntl resumed>) = 0 <0.000137>
31939 07:10:59.333316 epoll_ctl(4<anon_inode:[eventpoll]>, EPOLL_CTL_ADD, 6</root/.kube/cache/discovery/192.168.56.10_6443/authentication.k8s.io/v1/serverresources.json>, {events=EPOLLIN|EPOLLOUT|EPOLLRDHUP|EPOLLET, data={u32=4120379399, u64=9208192432550182919}} <unfinished ...>
31936 07:10:59.333354 epoll_ctl(4<anon_inode:[eventpoll]>, EPOLL_CTL_ADD, 7</root/.kube/cache/discovery/192.168.56.10_6443/scheduling.k8s.io/v1/serverresources.json>, {events=EPOLLIN|EPOLLOUT|EPOLLRDHUP|EPOLLET, data={u32=4102029317, u64=9208192432531832837}} <unfinished ...>
31939 07:10:59.333450 <... epoll_ctl resumed>) = -1 EPERM (Operation not permitted) <0.000100>
31936 07:10:59.333685 <... epoll_ctl resumed>) = -1 EPERM (Operation not permitted) <0.000299>
31939 07:10:59.333772 fcntl(6</root/.kube/cache/discovery/192.168.56.10_6443/authentication.k8s.io/v1/serverresources.json>, F_GETFL) = 0x8800 (flags O_RDONLY|O_NONBLOCK|O_LARGEFILE) <0.000178>
31939 07:10:59.334225 fcntl(6</root/.kube/cache/discovery/192.168.56.10_6443/authentication.k8s.io/v1/serverresources.json>, F_SETFL, O_RDONLY|O_LARGEFILE <unfinished ...>
31936 07:10:59.334314 fcntl(7</root/.kube/cache/discovery/192.168.56.10_6443/scheduling.k8s.io/v1/serverresources.json>, F_GETFL) = 0x8800 (flags O_RDONLY|O_NONBLOCK|O_LARGEFILE) <0.000101>
31939 07:10:59.334467 <... fcntl resumed>) = 0 <0.000213>
31936 07:10:59.334636 fcntl(7</root/.kube/cache/discovery/192.168.56.10_6443/scheduling.k8s.io/v1/serverresources.json>, F_SETFL, O_RDONLY|O_LARGEFILE <unfinished ...>
31939 07:10:59.334860 fstat(6</root/.kube/cache/discovery/192.168.56.10_6443/authentication.k8s.io/v1/serverresources.json>,  <unfinished ...>
31936 07:10:59.335081 <... fcntl resumed>) = 0 <0.000421>
31936 07:10:59.335212 fstat(7</root/.kube/cache/discovery/192.168.56.10_6443/scheduling.k8s.io/v1/serverresources.json>, {st_dev=makedev(0xfd, 0), st_ino=393319, st_mode=S_IFREG|0660, st_nlink=1, st_uid=0, st_gid=0, st_blksize=4096, st_blocks=8, st_size=302, st_atime=1747807059 /* 2025-05-21T05:57:39.189434091+0000 */, st_atime_nsec=189434091, st_mtime=1747807059 /* 2025-05-21T05:57:39.189434091+0000 */, st_mtime_nsec=189434091, st_ctime=1747807059 /* 2025-05-21T05:57:39.193434199+0000 */, st_ctime_nsec=193434199}) = 0 <0.000154>
31939 07:10:59.335474 <... fstat resumed>{st_dev=makedev(0xfd, 0), st_ino=393288, st_mode=S_IFREG|0660, st_nlink=1, st_uid=0, st_gid=0, st_blksize=4096, st_blocks=8, st_size=343, st_atime=1747807059 /* 2025-05-21T05:57:39.161433345+0000 */, st_atime_nsec=161433345, st_mtime=1747807059 /* 2025-05-21T05:57:39.165433452+0000 */, st_mtime_nsec=165433452, st_ctime=1747807059 /* 2025-05-21T05:57:39.165433452+0000 */, st_ctime_nsec=165433452}) = 0 <0.000444>
31936 07:10:59.335610 read(7</root/.kube/cache/discovery/192.168.56.10_6443/scheduling.k8s.io/v1/serverresources.json>,  <unfinished ...>
31939 07:10:59.335641 read(6</root/.kube/cache/discovery/192.168.56.10_6443/authentication.k8s.io/v1/serverresources.json>,  <unfinished ...>
31936 07:10:59.335895 <... read resumed>"{\"kind\":\"APIResourceList\",\"apiVersion\":\"v1\",\"groupVersion\":\"scheduling.k8s.io/v1\",\"resources\":[{\"name\":\"priorityclasses\",\"singularName\":\"priorityclass\",\"namespaced\":false,\"kind\":\"PriorityClass\",\"verbs\":[\"create\",\"delete\",\"deletecollection\",\"get\",\"list\",\"patch\",\"update\",\"watch\"],\"shortNames\":[\"pc\"]}]}\n", 512) = 302 <0.000256>
31939 07:10:59.335930 <... read resumed>"{\"kind\":\"APIResourceList\",\"apiVersion\":\"v1\",\"groupVersion\":\"authentication.k8s.io/v1\",\"resources\":[{\"name\":\"selfsubjectreviews\",\"singularName\":\"selfsubjectreview\",\"namespaced\":false,\"kind\":\"SelfSubjectReview\",\"verbs\":[\"create\"]},{\"name\":\"tokenreviews\",\"singularName\":\"tokenreview\",\"namespaced\":false,\"kind\":\"TokenReview\",\"verbs\":[\"create\"]}]}\n", 512) = 343 <0.000268>
31936 07:10:59.336180 read(7</root/.kube/cache/discovery/192.168.56.10_6443/scheduling.k8s.io/v1/serverresources.json>,  <unfinished ...>
31939 07:10:59.336280 read(6</root/.kube/cache/discovery/192.168.56.10_6443/authentication.k8s.io/v1/serverresources.json>,  <unfinished ...>
31936 07:10:59.336490 <... read resumed>"", 210) = 0 <0.000274>
31939 07:10:59.336569 <... read resumed>"", 169) = 0 <0.000256>
31936 07:10:59.336781 close(7</root/.kube/cache/discovery/192.168.56.10_6443/scheduling.k8s.io/v1/serverresources.json> <unfinished ...>
31939 07:10:59.336896 close(6</root/.kube/cache/discovery/192.168.56.10_6443/authentication.k8s.io/v1/serverresources.json> <unfinished ...>
31936 07:10:59.337037 <... close resumed>) = 0 <0.000229>
31939 07:10:59.337139 <... close resumed>) = 0 <0.000209>
31936 07:10:59.337737 openat(AT_FDCWD</home/zhennan>, "/root/.kube/cache/discovery/192.168.56.10_6443/coordination.k8s.io/v1/serverresources.json", O_RDONLY|O_CLOEXEC <unfinished ...>
31939 07:10:59.337783 openat(AT_FDCWD</home/zhennan>, "/root/.kube/cache/discovery/192.168.56.10_6443/authorization.k8s.io/v1/serverresources.json", O_RDONLY|O_CLOEXEC <unfinished ...>
31936 07:10:59.337814 <... openat resumed>) = 6</root/.kube/cache/discovery/192.168.56.10_6443/coordination.k8s.io/v1/serverresources.json> <0.000037>
31939 07:10:59.337973 <... openat resumed>) = 7</root/.kube/cache/discovery/192.168.56.10_6443/authorization.k8s.io/v1/serverresources.json> <0.000162>
31936 07:10:59.338806 fcntl(6</root/.kube/cache/discovery/192.168.56.10_6443/coordination.k8s.io/v1/serverresources.json>, F_GETFL <unfinished ...>
31939 07:10:59.338832 fcntl(7</root/.kube/cache/discovery/192.168.56.10_6443/authorization.k8s.io/v1/serverresources.json>, F_GETFL <unfinished ...>
31937 07:10:59.338854 <... nanosleep resumed>NULL) = 0 <0.010549>
31936 07:10:59.338881 <... fcntl resumed>) = 0x8000 (flags O_RDONLY|O_LARGEFILE) <0.000051>
31939 07:10:59.338903 <... fcntl resumed>) = 0x8000 (flags O_RDONLY|O_LARGEFILE) <0.000052>
31937 07:10:59.338914 nanosleep({tv_sec=0, tv_nsec=10000000},  <unfinished ...>
31936 07:10:59.339110 fcntl(6</root/.kube/cache/discovery/192.168.56.10_6443/coordination.k8s.io/v1/serverresources.json>, F_SETFL, O_RDONLY|O_NONBLOCK|O_LARGEFILE <unfinished ...>
31939 07:10:59.339142 fcntl(7</root/.kube/cache/discovery/192.168.56.10_6443/authorization.k8s.io/v1/serverresources.json>, F_SETFL, O_RDONLY|O_NONBLOCK|O_LARGEFILE <unfinished ...>
31936 07:10:59.339390 <... fcntl resumed>) = 0 <0.000038>
31939 07:10:59.339414 <... fcntl resumed>) = 0 <0.000253>
31936 07:10:59.339445 epoll_ctl(4<anon_inode:[eventpoll]>, EPOLL_CTL_ADD, 6</root/.kube/cache/discovery/192.168.56.10_6443/coordination.k8s.io/v1/serverresources.json>, {events=EPOLLIN|EPOLLOUT|EPOLLRDHUP|EPOLLET, data={u32=4120379400, u64=9208192432550182920}} <unfinished ...>
31939 07:10:59.339706 epoll_ctl(4<anon_inode:[eventpoll]>, EPOLL_CTL_ADD, 7</root/.kube/cache/discovery/192.168.56.10_6443/authorization.k8s.io/v1/serverresources.json>, {events=EPOLLIN|EPOLLOUT|EPOLLRDHUP|EPOLLET, data={u32=4102029318, u64=9208192432531832838}} <unfinished ...>
31936 07:10:59.340047 <... epoll_ctl resumed>) = -1 EPERM (Operation not permitted) <0.000344>
31939 07:10:59.340071 <... epoll_ctl resumed>) = -1 EPERM (Operation not permitted) <0.000334>
31936 07:10:59.340102 fcntl(6</root/.kube/cache/discovery/192.168.56.10_6443/coordination.k8s.io/v1/serverresources.json>, F_GETFL <unfinished ...>
31939 07:10:59.340322 fcntl(7</root/.kube/cache/discovery/192.168.56.10_6443/authorization.k8s.io/v1/serverresources.json>, F_GETFL <unfinished ...>
31936 07:10:59.340363 <... fcntl resumed>) = 0x8800 (flags O_RDONLY|O_NONBLOCK|O_LARGEFILE) <0.000047>
31939 07:10:59.340574 <... fcntl resumed>) = 0x8800 (flags O_RDONLY|O_NONBLOCK|O_LARGEFILE) <0.000226>
31936 07:10:59.340600 fcntl(6</root/.kube/cache/discovery/192.168.56.10_6443/coordination.k8s.io/v1/serverresources.json>, F_SETFL, O_RDONLY|O_LARGEFILE) = 0 <0.000223>
31939 07:10:59.340860 fcntl(7</root/.kube/cache/discovery/192.168.56.10_6443/authorization.k8s.io/v1/serverresources.json>, F_SETFL, O_RDONLY|O_LARGEFILE <unfinished ...>
31936 07:10:59.341188 fstat(6</root/.kube/cache/discovery/192.168.56.10_6443/coordination.k8s.io/v1/serverresources.json>,  <unfinished ...>
31939 07:10:59.341229 <... fcntl resumed>) = 0 <0.000343>
31936 07:10:59.341539 <... fstat resumed>{st_dev=makedev(0xfd, 0), st_ino=393314, st_mode=S_IFREG|0660, st_nlink=1, st_uid=0, st_gid=0, st_blksize=4096, st_blocks=8, st_size=258, st_atime=1747807059 /* 2025-05-21T05:57:39.185433985+0000 */, st_atime_nsec=185433985, st_mtime=1747807059 /* 2025-05-21T05:57:39.189434091+0000 */, st_mtime_nsec=189434091, st_ctime=1747807059 /* 2025-05-21T05:57:39.189434091+0000 */, st_ctime_nsec=189434091}) = 0 <0.000313>
31939 07:10:59.341584 fstat(7</root/.kube/cache/discovery/192.168.56.10_6443/authorization.k8s.io/v1/serverresources.json>,  <unfinished ...>
31936 07:10:59.341839 read(6</root/.kube/cache/discovery/192.168.56.10_6443/coordination.k8s.io/v1/serverresources.json>, "{\"kind\":\"APIResourceList\",\"apiVersion\":\"v1\",\"groupVersion\":\"coordination.k8s.io/v1\",\"resources\":[{\"name\":\"leases\",\"singularName\":\"lease\",\"namespaced\":true,\"kind\":\"Lease\",\"verbs\":[\"create\",\"delete\",\"deletecollection\",\"get\",\"list\",\"patch\",\"update\",\"watch\"]}]}\n", 512) = 258 <0.000020>
31939 07:10:59.341909 <... fstat resumed>{st_dev=makedev(0xfd, 0), st_ino=393291, st_mode=S_IFREG|0660, st_nlink=1, st_uid=0, st_gid=0, st_blksize=4096, st_blocks=8, st_size=679, st_atime=1747807059 /* 2025-05-21T05:57:39.165433452+0000 */, st_atime_nsec=165433452, st_mtime=1747807059 /* 2025-05-21T05:57:39.165433452+0000 */, st_mtime_nsec=165433452, st_ctime=1747807059 /* 2025-05-21T05:57:39.165433452+0000 */, st_ctime_nsec=165433452}) = 0 <0.000075>
31936 07:10:59.341945 read(6</root/.kube/cache/discovery/192.168.56.10_6443/coordination.k8s.io/v1/serverresources.json>,  <unfinished ...>
31939 07:10:59.341960 read(7</root/.kube/cache/discovery/192.168.56.10_6443/authorization.k8s.io/v1/serverresources.json>,  <unfinished ...>
31936 07:10:59.342012 <... read resumed>"", 254) = 0 <0.000052>
31939 07:10:59.342023 <... read resumed>"{\"kind\":\"APIResourceList\",\"apiVersion\":\"v1\",\"groupVersion\":\"authorization.k8s.io/v1\",\"resources\":[{\"name\":\"localsubjectaccessreviews\",\"singularName\":\"localsubjectaccessreview\",\"namespaced\":true,\"kind\":\"LocalSubjectAccessReview\",\"verbs\":[\"create\"]},{\"name\":\"selfsubjectaccessreviews\",\"singularName\":\"selfsubjectaccessreview\",\"namespaced\":false,\"kind\":\"SelfSubjectAccessReview\",\"verbs\":[\"create\"]},{\"name\":\"selfsubjectrulesreviews\",\"singularName\":\"selfsubjectrulesreview\",\"namespaced\":false,\"kind\":\"SelfSubjectRule", 512) = 512 <0.000052>
31936 07:10:59.342050 close(6</root/.kube/cache/discovery/192.168.56.10_6443/coordination.k8s.io/v1/serverresources.json> <unfinished ...>
31939 07:10:59.342065 read(7</root/.kube/cache/discovery/192.168.56.10_6443/authorization.k8s.io/v1/serverresources.json>,  <unfinished ...>
31936 07:10:59.342088 <... close resumed>) = 0 <0.000024>
31939 07:10:59.342097 <... read resumed>"sReview\",\"verbs\":[\"create\"]},{\"name\":\"subjectaccessreviews\",\"singularName\":\"subjectaccessreview\",\"namespaced\":false,\"kind\":\"SubjectAccessReview\",\"verbs\":[\"create\"]}]}\n", 384) = 167 <0.000021>
31936 07:10:59.342159 openat(AT_FDCWD</home/zhennan>, "/root/.kube/cache/discovery/192.168.56.10_6443/node.k8s.io/v1/serverresources.json", O_RDONLY|O_CLOEXEC <unfinished ...>
31939 07:10:59.342197 read(7</root/.kube/cache/discovery/192.168.56.10_6443/authorization.k8s.io/v1/serverresources.json>,  <unfinished ...>
31936 07:10:59.342227 <... openat resumed>) = 6</root/.kube/cache/discovery/192.168.56.10_6443/node.k8s.io/v1/serverresources.json> <0.000032>
31939 07:10:59.342241 <... read resumed>"", 217) = 0 <0.000032>
31936 07:10:59.342262 fcntl(6</root/.kube/cache/discovery/192.168.56.10_6443/node.k8s.io/v1/serverresources.json>, F_GETFL <unfinished ...>
31939 07:10:59.342276 close(7</root/.kube/cache/discovery/192.168.56.10_6443/authorization.k8s.io/v1/serverresources.json> <unfinished ...>
31936 07:10:59.342298 <... fcntl resumed>) = 0x8000 (flags O_RDONLY|O_LARGEFILE) <0.000023>
31939 07:10:59.342313 <... close resumed>) = 0 <0.000026>
31936 07:10:59.342376 fcntl(6</root/.kube/cache/discovery/192.168.56.10_6443/node.k8s.io/v1/serverresources.json>, F_SETFL, O_RDONLY|O_NONBLOCK|O_LARGEFILE <unfinished ...>
31939 07:10:59.342394 openat(AT_FDCWD</home/zhennan>, "/root/.kube/cache/discovery/192.168.56.10_6443/autoscaling/v2/serverresources.json", O_RDONLY|O_CLOEXEC <unfinished ...>
31936 07:10:59.342424 <... fcntl resumed>) = 0 <0.000031>
31939 07:10:59.342433 <... openat resumed>) = 7</root/.kube/cache/discovery/192.168.56.10_6443/autoscaling/v2/serverresources.json> <0.000024>
31936 07:10:59.342457 epoll_ctl(4<anon_inode:[eventpoll]>, EPOLL_CTL_ADD, 6</root/.kube/cache/discovery/192.168.56.10_6443/node.k8s.io/v1/serverresources.json>, {events=EPOLLIN|EPOLLOUT|EPOLLRDHUP|EPOLLET, data={u32=4120379401, u64=9208192432550182921}} <unfinished ...>
31939 07:10:59.342478 fcntl(7</root/.kube/cache/discovery/192.168.56.10_6443/autoscaling/v2/serverresources.json>, F_GETFL <unfinished ...>
31936 07:10:59.342500 <... epoll_ctl resumed>) = -1 EPERM (Operation not permitted) <0.000023>
31939 07:10:59.342510 <... fcntl resumed>) = 0x8000 (flags O_RDONLY|O_LARGEFILE) <0.000021>
31936 07:10:59.342529 fcntl(6</root/.kube/cache/discovery/192.168.56.10_6443/node.k8s.io/v1/serverresources.json>, F_GETFL <unfinished ...>
31939 07:10:59.342542 fcntl(7</root/.kube/cache/discovery/192.168.56.10_6443/autoscaling/v2/serverresources.json>, F_SETFL, O_RDONLY|O_NONBLOCK|O_LARGEFILE <unfinished ...>
31936 07:10:59.342563 <... fcntl resumed>) = 0x8800 (flags O_RDONLY|O_NONBLOCK|O_LARGEFILE) <0.000022>
31939 07:10:59.342572 <... fcntl resumed>) = 0 <0.000018>
31936 07:10:59.342590 fcntl(6</root/.kube/cache/discovery/192.168.56.10_6443/node.k8s.io/v1/serverresources.json>, F_SETFL, O_RDONLY|O_LARGEFILE <unfinished ...>
31939 07:10:59.342603 epoll_ctl(4<anon_inode:[eventpoll]>, EPOLL_CTL_ADD, 7</root/.kube/cache/discovery/192.168.56.10_6443/autoscaling/v2/serverresources.json>, {events=EPOLLIN|EPOLLOUT|EPOLLRDHUP|EPOLLET, data={u32=4120379402, u64=9208192432550182922}} <unfinished ...>
31936 07:10:59.342631 <... fcntl resumed>) = 0 <0.000030>
31939 07:10:59.342640 <... epoll_ctl resumed>) = -1 EPERM (Operation not permitted) <0.000019>
31936 07:10:59.342660 fstat(6</root/.kube/cache/discovery/192.168.56.10_6443/node.k8s.io/v1/serverresources.json>,  <unfinished ...>
31939 07:10:59.342674 fcntl(7</root/.kube/cache/discovery/192.168.56.10_6443/autoscaling/v2/serverresources.json>, F_GETFL <unfinished ...>
31936 07:10:59.342695 <... fstat resumed>{st_dev=makedev(0xfd, 0), st_ino=393322, st_mode=S_IFREG|0660, st_nlink=1, st_uid=0, st_gid=0, st_blksize=4096, st_blocks=8, st_size=273, st_atime=1747807059 /* 2025-05-21T05:57:39.197434305+0000 */, st_atime_nsec=197434305, st_mtime=1747807059 /* 2025-05-21T05:57:39.197434305+0000 */, st_mtime_nsec=197434305, st_ctime=1747807059 /* 2025-05-21T05:57:39.197434305+0000 */, st_ctime_nsec=197434305}) = 0 <0.000022>
31939 07:10:59.342717 <... fcntl resumed>) = 0x8800 (flags O_RDONLY|O_NONBLOCK|O_LARGEFILE) <0.000032>
31936 07:10:59.342738 read(6</root/.kube/cache/discovery/192.168.56.10_6443/node.k8s.io/v1/serverresources.json>,  <unfinished ...>
31939 07:10:59.342751 fcntl(7</root/.kube/cache/discovery/192.168.56.10_6443/autoscaling/v2/serverresources.json>, F_SETFL, O_RDONLY|O_LARGEFILE <unfinished ...>
31936 07:10:59.342800 <... read resumed>"{\"kind\":\"APIResourceList\",\"apiVersion\":\"v1\",\"groupVersion\":\"node.k8s.io/v1\",\"resources\":[{\"name\":\"runtimeclasses\",\"singularName\":\"runtimeclass\",\"namespaced\":false,\"kind\":\"RuntimeClass\",\"verbs\":[\"create\",\"delete\",\"deletecollection\",\"get\",\"list\",\"patch\",\"update\",\"watch\"]}]}\n", 512) = 273 <0.000049>
31939 07:10:59.342817 <... fcntl resumed>) = 0 <0.000055>
31936 07:10:59.342839 read(6</root/.kube/cache/discovery/192.168.56.10_6443/node.k8s.io/v1/serverresources.json>,  <unfinished ...>
31939 07:10:59.342853 fstat(7</root/.kube/cache/discovery/192.168.56.10_6443/autoscaling/v2/serverresources.json>,  <unfinished ...>
31936 07:10:59.343036 <... read resumed>"", 239) = 0 <0.000182>
31939 07:10:59.343054 <... fstat resumed>{st_dev=makedev(0xfd, 0), st_ino=393294, st_mode=S_IFREG|0660, st_nlink=1, st_uid=0, st_gid=0, st_blksize=4096, st_blocks=8, st_size=514, st_atime=1747807059 /* 2025-05-21T05:57:39.169433558+0000 */, st_atime_nsec=169433558, st_mtime=1747807059 /* 2025-05-21T05:57:39.169433558+0000 */, st_mtime_nsec=169433558, st_ctime=1747807059 /* 2025-05-21T05:57:39.169433558+0000 */, st_ctime_nsec=169433558}) = 0 <0.000181>
31936 07:10:59.343101 close(6</root/.kube/cache/discovery/192.168.56.10_6443/node.k8s.io/v1/serverresources.json> <unfinished ...>
31939 07:10:59.343118 read(7</root/.kube/cache/discovery/192.168.56.10_6443/autoscaling/v2/serverresources.json>,  <unfinished ...>
31936 07:10:59.343169 <... close resumed>) = 0 <0.000052>
31939 07:10:59.343180 <... read resumed>"{\"kind\":\"APIResourceList\",\"apiVersion\":\"v1\",\"groupVersion\":\"autoscaling/v2\",\"resources\":[{\"name\":\"horizontalpodautoscalers\",\"singularName\":\"horizontalpodautoscaler\",\"namespaced\":true,\"kind\":\"HorizontalPodAutoscaler\",\"verbs\":[\"create\",\"delete\",\"deletecollection\",\"get\",\"list\",\"patch\",\"update\",\"watch\"],\"shortNames\":[\"hpa\"],\"categories\":[\"all\"]},{\"name\":\"horizontalpodautoscalers/status\",\"singularName\":\"horizontalpodautoscaler\",\"namespaced\":true,\"kind\":\"HorizontalPodAutoscaler\",\"verbs\":[\"get\",\"patch\",\"update\"]}]", 512) = 512 <0.000051>
31936 07:10:59.343240 openat(AT_FDCWD</home/zhennan>, "/root/.kube/cache/discovery/192.168.56.10_6443/discovery.k8s.io/v1/serverresources.json", O_RDONLY|O_CLOEXEC <unfinished ...>
31939 07:10:59.343322 read(7</root/.kube/cache/discovery/192.168.56.10_6443/autoscaling/v2/serverresources.json>,  <unfinished ...>
31936 07:10:59.343507 <... openat resumed>) = 6</root/.kube/cache/discovery/192.168.56.10_6443/discovery.k8s.io/v1/serverresources.json> <0.000245>
31939 07:10:59.343582 <... read resumed>"}\n", 384) = 2 <0.000232>
31936 07:10:59.343755 fcntl(6</root/.kube/cache/discovery/192.168.56.10_6443/discovery.k8s.io/v1/serverresources.json>, F_GETFL <unfinished ...>
31939 07:10:59.343829 read(7</root/.kube/cache/discovery/192.168.56.10_6443/autoscaling/v2/serverresources.json>,  <unfinished ...>
31936 07:10:59.344002 <... fcntl resumed>) = 0x8000 (flags O_RDONLY|O_LARGEFILE) <0.000224>
31939 07:10:59.344068 <... read resumed>"", 382) = 0 <0.000211>
31936 07:10:59.344290 fcntl(6</root/.kube/cache/discovery/192.168.56.10_6443/discovery.k8s.io/v1/serverresources.json>, F_SETFL, O_RDONLY|O_NONBLOCK|O_LARGEFILE <unfinished ...>
31939 07:10:59.344321 close(7</root/.kube/cache/discovery/192.168.56.10_6443/autoscaling/v2/serverresources.json> <unfinished ...>
31936 07:10:59.344341 <... fcntl resumed>) = 0 <0.000026>
31936 07:10:59.344512 epoll_ctl(4<anon_inode:[eventpoll]>, EPOLL_CTL_ADD, 6</root/.kube/cache/discovery/192.168.56.10_6443/discovery.k8s.io/v1/serverresources.json>, {events=EPOLLIN|EPOLLOUT|EPOLLRDHUP|EPOLLET, data={u32=4120379403, u64=9208192432550182923}} <unfinished ...>
31939 07:10:59.344545 <... close resumed>) = 0 <0.000208>
31936 07:10:59.344726 <... epoll_ctl resumed>) = -1 EPERM (Operation not permitted) <0.000182>
31936 07:10:59.344893 fcntl(6</root/.kube/cache/discovery/192.168.56.10_6443/discovery.k8s.io/v1/serverresources.json>, F_GETFL <unfinished ...>
31939 07:10:59.344979 openat(AT_FDCWD</home/zhennan>, "/root/.kube/cache/discovery/192.168.56.10_6443/autoscaling/v1/serverresources.json", O_RDONLY|O_CLOEXEC <unfinished ...>
31936 07:10:59.345153 <... fcntl resumed>) = 0x8800 (flags O_RDONLY|O_NONBLOCK|O_LARGEFILE) <0.000230>
31939 07:10:59.345220 <... openat resumed>) = 7</root/.kube/cache/discovery/192.168.56.10_6443/autoscaling/v1/serverresources.json> <0.000208>
31936 07:10:59.345388 fcntl(6</root/.kube/cache/discovery/192.168.56.10_6443/discovery.k8s.io/v1/serverresources.json>, F_SETFL, O_RDONLY|O_LARGEFILE <unfinished ...>
31939 07:10:59.345477 fcntl(7</root/.kube/cache/discovery/192.168.56.10_6443/autoscaling/v1/serverresources.json>, F_GETFL <unfinished ...>
31936 07:10:59.345694 <... fcntl resumed>) = 0 <0.000278>
31939 07:10:59.345781 <... fcntl resumed>) = 0x8000 (flags O_RDONLY|O_LARGEFILE) <0.000275>
31936 07:10:59.346035 fstat(6</root/.kube/cache/discovery/192.168.56.10_6443/discovery.k8s.io/v1/serverresources.json>,  <unfinished ...>
31939 07:10:59.346109 fcntl(7</root/.kube/cache/discovery/192.168.56.10_6443/autoscaling/v1/serverresources.json>, F_SETFL, O_RDONLY|O_NONBLOCK|O_LARGEFILE) = 0 <0.000088>
31936 07:10:59.346512 <... fstat resumed>{st_dev=makedev(0xfd, 0), st_ino=393327, st_mode=S_IFREG|0660, st_nlink=1, st_uid=0, st_gid=0, st_blksize=4096, st_blocks=8, st_size=279, st_atime=1747807059 /* 2025-05-21T05:57:39.197434305+0000 */, st_atime_nsec=197434305, st_mtime=1747807059 /* 2025-05-21T05:57:39.197434305+0000 */, st_mtime_nsec=197434305, st_ctime=1747807059 /* 2025-05-21T05:57:39.197434305+0000 */, st_ctime_nsec=197434305}) = 0 <0.000453>
31939 07:10:59.346557 epoll_ctl(4<anon_inode:[eventpoll]>, EPOLL_CTL_ADD, 7</root/.kube/cache/discovery/192.168.56.10_6443/autoscaling/v1/serverresources.json>, {events=EPOLLIN|EPOLLOUT|EPOLLRDHUP|EPOLLET, data={u32=4120379404, u64=9208192432550182924}} <unfinished ...>
31936 07:10:59.346881 read(6</root/.kube/cache/discovery/192.168.56.10_6443/discovery.k8s.io/v1/serverresources.json>, "{\"kind\":\"APIResourceList\",\"apiVersion\":\"v1\",\"groupVersion\":\"discovery.k8s.io/v1\",\"resources\":[{\"name\":\"endpointslices\",\"singularName\":\"endpointslice\",\"namespaced\":true,\"kind\":\"EndpointSlice\",\"verbs\":[\"create\",\"delete\",\"deletecollection\",\"get\",\"list\",\"patch\",\"update\",\"watch\"]}]}\n", 512) = 279 <0.000085>
31939 07:10:59.347029 <... epoll_ctl resumed>) = -1 EPERM (Operation not permitted) <0.000327>
31936 07:10:59.347283 read(6</root/.kube/cache/discovery/192.168.56.10_6443/discovery.k8s.io/v1/serverresources.json>,  <unfinished ...>
31939 07:10:59.347313 fcntl(7</root/.kube/cache/discovery/192.168.56.10_6443/autoscaling/v1/serverresources.json>, F_GETFL <unfinished ...>
31936 07:10:59.347422 <... read resumed>"", 233) = 0 <0.000110>
31939 07:10:59.347441 <... fcntl resumed>) = 0x8800 (flags O_RDONLY|O_NONBLOCK|O_LARGEFILE) <0.000109>
31936 07:10:59.347643 close(6</root/.kube/cache/discovery/192.168.56.10_6443/discovery.k8s.io/v1/serverresources.json> <unfinished ...>
31939 07:10:59.347673 fcntl(7</root/.kube/cache/discovery/192.168.56.10_6443/autoscaling/v1/serverresources.json>, F_SETFL, O_RDONLY|O_LARGEFILE <unfinished ...>
31936 07:10:59.347797 <... close resumed>) = 0 <0.000125>
31939 07:10:59.347862 <... fcntl resumed>) = 0 <0.000168>
31936 07:10:59.348079 openat(AT_FDCWD</home/zhennan>, "/root/.kube/cache/discovery/192.168.56.10_6443/flowcontrol.apiserver.k8s.io/v1/serverresources.json", O_RDONLY|O_CLOEXEC <unfinished ...>
31939 07:10:59.348331 fstat(7</root/.kube/cache/discovery/192.168.56.10_6443/autoscaling/v1/serverresources.json>,  <unfinished ...>
31936 07:10:59.348418 <... openat resumed>) = 6</root/.kube/cache/discovery/192.168.56.10_6443/flowcontrol.apiserver.k8s.io/v1/serverresources.json> <0.000311>
31936 07:10:59.348843 fcntl(6</root/.kube/cache/discovery/192.168.56.10_6443/flowcontrol.apiserver.k8s.io/v1/serverresources.json>, F_GETFL <unfinished ...>
31939 07:10:59.348864 <... fstat resumed>{st_dev=makedev(0xfd, 0), st_ino=393299, st_mode=S_IFREG|0660, st_nlink=1, st_uid=0, st_gid=0, st_blksize=4096, st_blocks=8, st_size=514, st_atime=1747807059 /* 2025-05-21T05:57:39.169433558+0000 */, st_atime_nsec=169433558, st_mtime=1747807059 /* 2025-05-21T05:57:39.173433665+0000 */, st_mtime_nsec=173433665, st_ctime=1747807059 /* 2025-05-21T05:57:39.173433665+0000 */, st_ctime_nsec=173433665}) = 0 <0.000506>
31936 07:10:59.349353 <... fcntl resumed>) = 0x8000 (flags O_RDONLY|O_LARGEFILE) <0.000487>
31939 07:10:59.349379 read(7</root/.kube/cache/discovery/192.168.56.10_6443/autoscaling/v1/serverresources.json>,  <unfinished ...>
31937 07:10:59.349525 <... nanosleep resumed>NULL) = 0 <0.010597>
31936 07:10:59.349721 fcntl(6</root/.kube/cache/discovery/192.168.56.10_6443/flowcontrol.apiserver.k8s.io/v1/serverresources.json>, F_SETFL, O_RDONLY|O_NONBLOCK|O_LARGEFILE) = 0 <0.000276>
31939 07:10:59.350050 <... read resumed>"{\"kind\":\"APIResourceList\",\"apiVersion\":\"v1\",\"groupVersion\":\"autoscaling/v1\",\"resources\":[{\"name\":\"horizontalpodautoscalers\",\"singularName\":\"horizontalpodautoscaler\",\"namespaced\":true,\"kind\":\"HorizontalPodAutoscaler\",\"verbs\":[\"create\",\"delete\",\"deletecollection\",\"get\",\"list\",\"patch\",\"update\",\"watch\"],\"shortNames\":[\"hpa\"],\"categories\":[\"all\"]},{\"name\":\"horizontalpodautoscalers/status\",\"singularName\":\"horizontalpodautoscaler\",\"namespaced\":true,\"kind\":\"HorizontalPodAutoscaler\",\"verbs\":[\"get\",\"patch\",\"update\"]}]", 512) = 512 <0.000644>
31937 07:10:59.350079 nanosleep({tv_sec=0, tv_nsec=10000000},  <unfinished ...>
31936 07:10:59.350431 epoll_ctl(4<anon_inode:[eventpoll]>, EPOLL_CTL_ADD, 6</root/.kube/cache/discovery/192.168.56.10_6443/flowcontrol.apiserver.k8s.io/v1/serverresources.json>, {events=EPOLLIN|EPOLLOUT|EPOLLRDHUP|EPOLLET, data={u32=4120379405, u64=9208192432550182925}} <unfinished ...>
31939 07:10:59.350644 read(7</root/.kube/cache/discovery/192.168.56.10_6443/autoscaling/v1/serverresources.json>,  <unfinished ...>
31936 07:10:59.350854 <... epoll_ctl resumed>) = -1 EPERM (Operation not permitted) <0.000386>
31936 07:10:59.350985 fcntl(6</root/.kube/cache/discovery/192.168.56.10_6443/flowcontrol.apiserver.k8s.io/v1/serverresources.json>, F_GETFL <unfinished ...>
31939 07:10:59.351003 <... read resumed>"}\n", 384) = 2 <0.000339>
31936 07:10:59.351126 <... fcntl resumed>) = 0x8800 (flags O_RDONLY|O_NONBLOCK|O_LARGEFILE) <0.000123>
31939 07:10:59.351147 read(7</root/.kube/cache/discovery/192.168.56.10_6443/autoscaling/v1/serverresources.json>,  <unfinished ...>
31936 07:10:59.351352 fcntl(6</root/.kube/cache/discovery/192.168.56.10_6443/flowcontrol.apiserver.k8s.io/v1/serverresources.json>, F_SETFL, O_RDONLY|O_LARGEFILE <unfinished ...>
31939 07:10:59.351383 <... read resumed>"", 382) = 0 <0.000215>
31936 07:10:59.351605 <... fcntl resumed>) = 0 <0.000222>
31939 07:10:59.351625 close(7</root/.kube/cache/discovery/192.168.56.10_6443/autoscaling/v1/serverresources.json> <unfinished ...>
31936 07:10:59.351822 fstat(6</root/.kube/cache/discovery/192.168.56.10_6443/flowcontrol.apiserver.k8s.io/v1/serverresources.json>,  <unfinished ...>
31939 07:10:59.351852 <... close resumed>) = 0 <0.000206>
31936 07:10:59.352009 <... fstat resumed>{st_dev=makedev(0xfd, 0), st_ino=393324, st_mode=S_IFREG|0660, st_nlink=1, st_uid=0, st_gid=0, st_blksize=4096, st_blocks=8, st_size=814, st_atime=1747807059 /* 2025-05-21T05:57:39.197434305+0000 */, st_atime_nsec=197434305, st_mtime=1747807059 /* 2025-05-21T05:57:39.201434412+0000 */, st_mtime_nsec=201434412, st_ctime=1747807059 /* 2025-05-21T05:57:39.201434412+0000 */, st_ctime_nsec=201434412}) = 0 <0.000156>
31939 07:10:59.352119 openat(AT_FDCWD</home/zhennan>, "/root/.kube/cache/discovery/192.168.56.10_6443/batch/v1/serverresources.json", O_RDONLY|O_CLOEXEC <unfinished ...>
31936 07:10:59.352248 read(6</root/.kube/cache/discovery/192.168.56.10_6443/flowcontrol.apiserver.k8s.io/v1/serverresources.json>, "{\"kind\":\"APIResourceList\",\"apiVersion\":\"v1\",\"groupVersion\":\"flowcontrol.apiserver.k8s.io/v1\",\"resources\":[{\"name\":\"flowschemas\",\"singularName\":\"flowschema\",\"namespaced\":false,\"kind\":\"FlowSchema\",\"verbs\":[\"create\",\"delete\",\"deletecollection\",\"get\",\"list\",\"patch\",\"update\",\"watch\"]},{\"name\":\"flowschemas/status\",\"singularName\":\"flowschema\",\"namespaced\":false,\"kind\":\"FlowSchema\",\"verbs\":[\"get\",\"patch\",\"update\"]},{\"name\":\"prioritylevelconfigurations\",\"singularName\":\"prioritylevelconfiguration\",\"namespaced\":false,", 512) = 512 <0.000279>
31939 07:10:59.352576 <... openat resumed>) = 7</root/.kube/cache/discovery/192.168.56.10_6443/batch/v1/serverresources.json> <0.000424>
31936 07:10:59.352761 read(6</root/.kube/cache/discovery/192.168.56.10_6443/flowcontrol.apiserver.k8s.io/v1/serverresources.json>,  <unfinished ...>
31939 07:10:59.352843 fcntl(7</root/.kube/cache/discovery/192.168.56.10_6443/batch/v1/serverresources.json>, F_GETFL <unfinished ...>
31936 07:10:59.353006 <... read resumed>"\"kind\":\"PriorityLevelConfiguration\",\"verbs\":[\"create\",\"delete\",\"deletecollection\",\"get\",\"list\",\"patch\",\"update\",\"watch\"]},{\"name\":\"prioritylevelconfigurations/status\",\"singularName\":\"prioritylevelconfiguration\",\"namespaced\":false,\"kind\":\"PriorityLevelConfiguration\",\"verbs\":[\"get\",\"patch\",\"update\"]}]}\n", 384) = 302 <0.000215>
31939 07:10:59.353078 <... fcntl resumed>) = 0x8000 (flags O_RDONLY|O_LARGEFILE) <0.000207>
31936 07:10:59.353246 read(6</root/.kube/cache/discovery/192.168.56.10_6443/flowcontrol.apiserver.k8s.io/v1/serverresources.json>,  <unfinished ...>
31939 07:10:59.353319 fcntl(7</root/.kube/cache/discovery/192.168.56.10_6443/batch/v1/serverresources.json>, F_SETFL, O_RDONLY|O_NONBLOCK|O_LARGEFILE <unfinished ...>
31936 07:10:59.353498 <... read resumed>"", 82) = 0 <0.000230>
31939 07:10:59.353563 <... fcntl resumed>) = 0 <0.000216>
31936 07:10:59.353796 close(6</root/.kube/cache/discovery/192.168.56.10_6443/flowcontrol.apiserver.k8s.io/v1/serverresources.json> <unfinished ...>
31939 07:10:59.353889 epoll_ctl(4<anon_inode:[eventpoll]>, EPOLL_CTL_ADD, 7</root/.kube/cache/discovery/192.168.56.10_6443/batch/v1/serverresources.json>, {events=EPOLLIN|EPOLLOUT|EPOLLRDHUP|EPOLLET, data={u32=4120379406, u64=9208192432550182926}} <unfinished ...>
31936 07:10:59.354008 <... close resumed>) = 0 <0.000182>
31939 07:10:59.354030 <... epoll_ctl resumed>) = -1 EPERM (Operation not permitted) <0.000100>
31936 07:10:59.354238 fcntl(3</root/.kube/cache/discovery/192.168.56.10_6443/flowcontrol.apiserver.k8s.io/v1beta3/serverresources.json>, F_GETFL <unfinished ...>
31939 07:10:59.354272 fcntl(7</root/.kube/cache/discovery/192.168.56.10_6443/batch/v1/serverresources.json>, F_GETFL <unfinished ...>
31936 07:10:59.354337 <... fcntl resumed>) = 0x8800 (flags O_RDONLY|O_NONBLOCK|O_LARGEFILE) <0.000069>
31936 07:10:59.354897 fcntl(3</root/.kube/cache/discovery/192.168.56.10_6443/flowcontrol.apiserver.k8s.io/v1beta3/serverresources.json>, F_SETFL, O_RDONLY|O_LARGEFILE <unfinished ...>
31939 07:10:59.354965 <... fcntl resumed>) = 0x8800 (flags O_RDONLY|O_NONBLOCK|O_LARGEFILE) <0.000672>
31936 07:10:59.355041 <... fcntl resumed>) = 0 <0.000087>
31936 07:10:59.355310 fstat(3</root/.kube/cache/discovery/192.168.56.10_6443/flowcontrol.apiserver.k8s.io/v1beta3/serverresources.json>,  <unfinished ...>
31939 07:10:59.355340 fcntl(7</root/.kube/cache/discovery/192.168.56.10_6443/batch/v1/serverresources.json>, F_SETFL, O_RDONLY|O_LARGEFILE <unfinished ...>
31936 07:10:59.355578 <... fstat resumed>{st_dev=makedev(0xfd, 0), st_ino=393269, st_mode=S_IFREG|0660, st_nlink=1, st_uid=0, st_gid=0, st_blksize=4096, st_blocks=8, st_size=819, st_atime=1747807059 /* 2025-05-21T05:57:39.149433025+0000 */, st_atime_nsec=149433025, st_mtime=1747807059 /* 2025-05-21T05:57:39.149433025+0000 */, st_mtime_nsec=149433025, st_ctime=1747807059 /* 2025-05-21T05:57:39.181433879+0000 */, st_ctime_nsec=181433879}) = 0 <0.000238>
31939 07:10:59.355662 <... fcntl resumed>) = 0 <0.000300>
31936 07:10:59.355836 read(3</root/.kube/cache/discovery/192.168.56.10_6443/flowcontrol.apiserver.k8s.io/v1beta3/serverresources.json>,  <unfinished ...>
31939 07:10:59.355910 fstat(7</root/.kube/cache/discovery/192.168.56.10_6443/batch/v1/serverresources.json>,  <unfinished ...>
31936 07:10:59.356077 <... read resumed>"{\"kind\":\"APIResourceList\",\"apiVersion\":\"v1\",\"groupVersion\":\"flowcontrol.apiserver.k8s.io/v1beta3\",\"resources\":[{\"name\":\"flowschemas\",\"singularName\":\"flowschema\",\"namespaced\":false,\"kind\":\"FlowSchema\",\"verbs\":[\"create\",\"delete\",\"deletecollection\",\"get\",\"list\",\"patch\",\"update\",\"watch\"]},{\"name\":\"flowschemas/status\",\"singularName\":\"flowschema\",\"namespaced\":false,\"kind\":\"FlowSchema\",\"verbs\":[\"get\",\"patch\",\"update\"]},{\"name\":\"prioritylevelconfigurations\",\"singularName\":\"prioritylevelconfiguration\",\"namespaced\":f", 512) = 512 <0.000217>
