31939 07:10:59.274431 fcntl(3</home/zhennan/.kube/config>, F_SETFL, O_RDONLY|O_LARGEFILE) = 0 <0.000188>
31937 07:10:59.274867 <... nanosleep resumed>NULL) = 0 <0.000485>
31939 07:10:59.274902 fstat(3</home/zhennan/.kube/config>,  <unfinished ...>
31937 07:10:59.274976 nanosleep({tv_sec=0, tv_nsec=20000},  <unfinished ...>
31939 07:10:59.275048 <... fstat resumed>{st_dev=makedev(0xfd, 0), st_ino=300294, st_mode=S_IFREG|0600, st_nlink=1, st_uid=1000, st_gid=1000, st_blksize=4096, st_blocks=16, st_size=5653, st_atime=1747806496 /* 2025-05-21T05:48:16.449727066+0000 */, st_atime_nsec=449727066, st_mtime=1747806493 /* 2025-05-21T05:48:13.677610976+0000 */, st_mtime_nsec=677610976, st_ctime=1747806493 /* 2025-05-21T05:48:13.693611643+0000 */, st_ctime_nsec=693611643}) = 0 <0.000124>
31939 07:10:59.275261 read(3</home/zhennan/.kube/config>,  <unfinished ...>
31937 07:10:59.275353 <... nanosleep resumed>NULL) = 0 <0.000351>
31937 07:10:59.275396 nanosleep({tv_sec=0, tv_nsec=20000},  <unfinished ...>
31939 07:10:59.275763 <... read resumed>"apiVersion: v1\nclusters:\n- cluster:\n    certificate-authority-data: LS0tLS1CRUdJTiBDRVJUSUZJQ0FURS0tLS0tCk1JSURCVENDQWUyZ0F3SUJBZ0lJR2NnWXlBSW54UWN3RFFZSktvWklodmNOQVFFTEJRQXdGVEVUTUJFR0ExVUUKQXhNS2EzVmlaWEp1WlhSbGN6QWVGdzB5TlRBMU1qRXdOVFF3TVRoYUZ3MHpOVEExTVRrd05UUTFNVGhhTUJVeApFekFSQmdOVkJBTVRDbXQxWW1WeWJtVjBaWE13Z2dFaU1BMEdDU3FHU0liM0RRRUJBUVVBQTRJQkR3QXdnZ0VLCkFvSUJBUUM5ZkZlenFRQ3dxN1lNbFZabytPaGtxWWsvaTJ6dnZ4eFpmSWxLSDErZjk0NTYxQ3ZsUE1LaFoyQ0kKelRCRmRVMkRPQk9OZjlnd1BIQjdMTE5NQ1JwdnViZndjUGFkc2hnWllKcGhGckdzdzJRTmlnZGdNSjFyRXpEcwp2VG84bDJwSFNXMnpUbiszdkFkdVpEVDBSSnFMb2MzZFZmZXdqSW9wTmE5R1gzRnVqTW01Qm5henZ2TWVmQlRpCkRVdGJtL3MvRGRCdFE1U2dWU2hDckhWajczUFB6N3lFMFpyenJxdjVQMUFDaEpjd09GTmRzaWFiQ3RqdXR0OHIKM0oyMHAzbXVGRGJ1Q1l1Q3VyaGFiUnUyQmxHYUhWeFQ0dlU5RVBaMG0rUXRDL283N2VLNWxMZzJGSlZDYmVSVQp5NVhsNjNvME5DZmxpWUc1aXlLNVVEVG82T0FIQWdNQkFBR2pXVEJYTUE0R0ExVWREd0VCL3dRRUF3SUNwREFQCkJnTlZIUk1CQWY4RUJUQURBUUgvTUIwR0ExVWREZ1FXQkJTUUp4WDFiWWxQeVZjcVhCNTVXcmw2bFUvL2Z6QVYKQmdOVkhSRUVEakFNZ2dwcmRXSmxjbTVsZEdWek1BMEdDU3FHU0liM0RRRUJDd1VBQTRJQkFRQVlyamRhNnBWMwppQmdmZlJxM0Q0V0JWeUs2WjZjZkZpRk83Y0tYemVHV2FSTVZHU3k5R1F3M2c0eXppY0IwWS93cGRYdytxV0dQClpnaUI4UkVROFFWQXp1WVRleFRGb2dCRWVSbk15Rzd6Wk1IVldrRS9ZZUpUSDd0NWVjak90M2FnRUZ5NTZWeVcKa1VrRXg3NVN5c1E5TTV0N2NxVlB6cGdycXRnWUE5MW1LN3FYemJaTC9GV21oay90NEdFNk9MWThoZHNzNU4xcApPOUFPdVhHSXJBekl0NHVja2ZqQTZ4cFIybUNZaE1sem9WdUNRSjZVTmtKWHgwQWpsYkoxMXMra0R4dkd6M1dyCmNRMjVVY25ZbXdwVkk0RXBCaG5TNktiTjRBVmFnR29zUVZtVXRWVTYrYU5tTVg4ZVh0T0QrSzVPeDhpaXBSTlcKWE5rbjFyTStQL2YyCi0tLS0tRU5EIENFUlRJRklDQVRFLS0tLS0K\n    server: https://192.168.56.10:6443\n  name: kubernetes\ncontexts:\n- context:\n    cluster: kubernetes\n    user: kubernetes-admin\n  name: kubernetes-admin@kubernetes\ncurrent-context: kubernetes-admin@kubernetes\nkind: Config\npreferences: {}\nusers:\n- name: kubernetes-admin\n  user:\n    client-certificate-data: LS0tLS1CRUdJTiBDRVJUSUZJQ0FURS0tLS0tCk1JSURLVENDQWhHZ0F3SUJBZ0lJTW9YRkUvejlOL2d3RFFZSktvWklodmNOQVFFTEJRQXdGVEVUTUJFR0ExVUUKQXhNS2EzVmlaWEp1WlhSbGN6QWVGdzB5TlRBMU1qRXdOVFF3TVRoYUZ3MHlOakExTWpFd05UUTFNakJhTUR3eApIekFkQmdOVkJBb1RGbXQxWW1WaFpHMDZZMngxYzNSbGNpMWhaRzFwYm5NeEdUQVhCZ05WQkFNVEVHdDFZbVZ5CmJtVjBaWE10WVdSdGFXNHdnZ0VpTUEwR0NTcUdTSWIzRFFFQkFRVUFBNElCRHdBd2dnRUtBb0lCQVFDeVptMGQKU1YzQ0ZRVUVZeEI4LzFRa0RtSXk0YlkwRnFwQTNsV29UY1JzUUo3WjgwNTZRcnpmdjdJOUl2ZC9vVWlONi9vZwpXRGFBMGJEcFV5T05BbjBCZy90M2I5QTJJZitSbGZxVXVscDJDNXhOekFNT3p4ZXVPT2NaalVlVW9vU0trTGphCjRGalAzQkJRVlNMYUQrTDZaNHdKT2kvZ2lLU1c3M0tvMHhJVUkxOWYvUEFnYVloZzB5RVR6MXZlL1V0dG9yREgKUnFkY29CNktBL1Y1bUJFcG4vaDZJK1FuM0hyWmN2VDBHQVpxWWlQRVAwcldxV2dUOW1PcjFmWWdFY1Eralg3cwo3eFlDdnpUclNXQ3BzM3hCM1prQlhXSjhOZTlMZGtYdldwcDVSZi9qeEZkeFU2YzhpSWpsdHpkQUh3cm1NQzdFCkQ4dHlJQ1lYNm1yRDZOQU5BZ01CQUFHalZqQlVNQTRHQTFVZER3RUIvd1FFQXdJRm9EQVRCZ05WSFNVRUREQUsKQmdnckJnRUZCUWNEQWpBTUJnTlZIUk1CQWY4RUFqQUFNQjhHQTFVZEl3UVlNQmFBRkpBbkZmVnRpVS9KVnlwYwpIbmxhdVhxVlQvOS9NQTBHQ1NxR1NJYjNEUUVCQ3dVQUE0SUJBUUJVOGhwZmphaHdWOCtiQ0Rad3NKTzgzUXhkCm9ITTlWeUtGVTVmTDNFZ2hjMkovZjJuODRtSC9OUzZ3MXk3aVZSQStlYThTdXZDRHZ6bG9aM1ErQkhKbXpReGEKdHN5S0ZSekptM1hvYzVFeHhVb3JiQlBjNnYwRnlvRmFkaUtrc1VtZXh3bFgxeXRFWGdjaytZU2YxOENRajdodwp4QzdvQ3JHQi95N0paMTJRVk9MUlJESi9QL09CeENncGllRnlDK3hFSlhlNEtlNzY4Q3NyWmROVUY3RnZkYWFDCjRKQXVKaFAraGJRbVJlZ0tkK25xUG5FdUFBaVhkdFJhelpFeGIrY1NSUUVySjh0UjhQcm92S3RwT2NkSzB6UWkKNCtSRzVTdFFpZUxwUjRqL24xdG9kWkpnOHV4VjR4cU1sdTJGMUMrL0hBcSs3ZU43ckZCbkhDNjU3YXZlCi0tLS0tRU5EIENFUlRJRklDQVRFLS0tLS0K\n    client-key-data: LS0tLS1CRUdJTiBSU0EgUFJJVkFURSBLRVktLS0tLQpNSUlFb2dJQkFBS0NBUUVBc21adEhVbGR3aFVGQkdNUWZQOVVKQTVpTXVHMk5CYXFRTjVWcUUzRWJFQ2UyZk5PCmVrSzgzNyt5UFNMM2Y2RklqZXY2SUZnMmdOR3c2Vk1qalFKOUFZUDdkMi9RTmlIL2taWDZsTHBhZGd1Y1Rjd0QKRHM4WHJqam5HWTFIbEtLRWlwQzQydUJZejl3UVVGVWkyZy9pK21lTUNUb3Y0SWlrbHU5eXFOTVNGQ05mWC96dwpJR21JWU5NaEU4OWIzdjFMYmFLd3gwYW5YS0FlaWdQMWVaZ1JLWi80ZWlQa0o5eDYyWEwwOUJnR2FtSWp4RDlLCjFxbG9FL1pqcTlYMklCSEVQbzErN084V0FyODA2MGxncWJOOFFkMlpBVjFpZkRYdlMzWkY3MXFhZVVYLzQ4UlgKY1ZPblBJaUk1YmMzUUI4SzVqQXV4QS9MY2lBbUYrcHF3K2pRRFFJREFRQUJBb0lCQUQ1dlNsQ3RsSHFRRUtsdwpZaHpjM3YyZmF3NlRuOGlyQmZxZDFTeUp5dXgzMFNCRjNuazdVZzZjY0N5bFNDa0tzUEc2WEZkbGgrMmRkV1N6CkRBWVZrTm91N3BybUx1QkRGY1pGenVT"..., 5654) = 5653 <0.000480>
31937 07:10:59.276038 <... nanosleep resumed>NULL) = 0 <0.000612>
31937 07:10:59.276068 nanosleep({tv_sec=0, tv_nsec=20000},  <unfinished ...>
31939 07:10:59.276321 read(3</home/zhennan/.kube/config>,  <unfinished ...>
31937 07:10:59.276671 <... nanosleep resumed>NULL) = 0 <0.000397>
31939 07:10:59.276767 <... read resumed>"", 1) = 0 <0.000100>
31937 07:10:59.276804 nanosleep({tv_sec=0, tv_nsec=20000},  <unfinished ...>
31939 07:10:59.277081 close(3</home/zhennan/.kube/config>) = 0 <0.000192>
31937 07:10:59.277357 <... nanosleep resumed>NULL) = 0 <0.000321>
31937 07:10:59.277391 nanosleep({tv_sec=0, tv_nsec=20000}, NULL) = 0 <0.000173>
31937 07:10:59.277624 nanosleep({tv_sec=0, tv_nsec=20000}, NULL) = 0 <0.000179>
31939 07:10:59.277846 futex(0x35a6e80, FUTEX_WAKE_PRIVATE, 1 <unfinished ...>
31937 07:10:59.277918 getpid()          = 31936 <0.000013>
31937 07:10:59.277967 tgkill(31936, 31939, SIGURG <unfinished ...>
31936 07:10:59.277993 <... futex resumed>) = 0 <0.045567>
31939 07:10:59.278066 <... futex resumed>) = 1 <0.000202>
31937 07:10:59.278084 <... tgkill resumed>) = 0 <0.000104>
31937 07:10:59.278111 nanosleep({tv_sec=0, tv_nsec=20000}, NULL) = 0 <0.000438>
31939 07:10:59.278593 --- SIGURG {si_signo=SIGURG, si_code=SI_TKILL, si_pid=31936, si_uid=0} ---
31937 07:10:59.278614 nanosleep({tv_sec=0, tv_nsec=20000},  <unfinished ...>
31939 07:10:59.279117 rt_sigreturn({mask=[]}) = 1 <0.000213>
31937 07:10:59.279385 <... nanosleep resumed>NULL) = 0 <0.000314>
31937 07:10:59.279415 nanosleep({tv_sec=0, tv_nsec=20000},  <unfinished ...>
31939 07:10:59.279801 futex(0xc000080f48, FUTEX_WAIT_PRIVATE, 0, NULL <unfinished ...>
31937 07:10:59.279824 <... nanosleep resumed>NULL) = 0 <0.000390>
31937 07:10:59.279849 nanosleep({tv_sec=0, tv_nsec=40000}, NULL) = 0 <0.000221>
31937 07:10:59.280111 nanosleep({tv_sec=0, tv_nsec=80000}, NULL) = 0 <0.000202>
31937 07:10:59.280356 nanosleep({tv_sec=0, tv_nsec=160000},  <unfinished ...>
31936 07:10:59.280818 newfstatat(AT_FDCWD</home/zhennan>, "/var/run/secrets/kubernetes.io/serviceaccount/token",  <unfinished ...>
31937 07:10:59.280848 <... nanosleep resumed>NULL) = 0 <0.000474>
31937 07:10:59.280871 nanosleep({tv_sec=0, tv_nsec=320000},  <unfinished ...>
31936 07:10:59.281012 <... newfstatat resumed>0xc000209148, 0) = -1 ENOENT (No such file or directory) <0.000164>
31936 07:10:59.281684 openat(AT_FDCWD</home/zhennan>, "/root/.kube/cache/discovery/192.168.56.10_6443/servergroups.json", O_RDONLY|O_CLOEXEC <unfinished ...>
31937 07:10:59.281720 <... nanosleep resumed>NULL) = 0 <0.000836>
31937 07:10:59.281744 nanosleep({tv_sec=0, tv_nsec=640000},  <unfinished ...>
31936 07:10:59.281807 <... openat resumed>) = 3</root/.kube/cache/discovery/192.168.56.10_6443/servergroups.json> <0.000090>
31936 07:10:59.282171 fcntl(3</root/.kube/cache/discovery/192.168.56.10_6443/servergroups.json>, F_GETFL) = 0x8000 (flags O_RDONLY|O_LARGEFILE) <0.000556>
31937 07:10:59.283010 <... nanosleep resumed>NULL) = 0 <0.001253>
31936 07:10:59.283335 fcntl(3</root/.kube/cache/discovery/192.168.56.10_6443/servergroups.json>, F_SETFL, O_RDONLY|O_NONBLOCK|O_LARGEFILE <unfinished ...>
31937 07:10:59.283366 nanosleep({tv_sec=0, tv_nsec=1280000},  <unfinished ...>
31936 07:10:59.283576 <... fcntl resumed>) = 0 <0.000210>
31936 07:10:59.284048 epoll_ctl(4<anon_inode:[eventpoll]>, EPOLL_CTL_ADD, 3</root/.kube/cache/discovery/192.168.56.10_6443/servergroups.json>, {events=EPOLLIN|EPOLLOUT|EPOLLRDHUP|EPOLLET, data={u32=4138729475, u64=9208192432568532995}}) = -1 EPERM (Operation not permitted) <0.000232>
31936 07:10:59.285020 fcntl(3</root/.kube/cache/discovery/192.168.56.10_6443/servergroups.json>, F_GETFL) = 0x8800 (flags O_RDONLY|O_NONBLOCK|O_LARGEFILE) <0.000279>
31937 07:10:59.285338 <... nanosleep resumed>NULL) = 0 <0.001954>
31936 07:10:59.285580 fcntl(3</root/.kube/cache/discovery/192.168.56.10_6443/servergroups.json>, F_SETFL, O_RDONLY|O_LARGEFILE <unfinished ...>
31937 07:10:59.285611 nanosleep({tv_sec=0, tv_nsec=2560000},  <unfinished ...>
31936 07:10:59.285689 <... fcntl resumed>) = 0 <0.000078>
31936 07:10:59.285854 fstat(3</root/.kube/cache/discovery/192.168.56.10_6443/servergroups.json>, {st_dev=makedev(0xfd, 0), st_ino=393264, st_mode=S_IFREG|0660, st_nlink=1, st_uid=0, st_gid=0, st_blksize=4096, st_blocks=8, st_size=3524, st_atime=1747807059 /* 2025-05-21T05:57:39.133432598+0000 */, st_atime_nsec=133432598, st_mtime=1747807059 /* 2025-05-21T05:57:39.137432705+0000 */, st_mtime_nsec=137432705, st_ctime=1747807059 /* 2025-05-21T05:57:39.141432811+0000 */, st_ctime_nsec=141432811}) = 0 <0.000214>
31936 07:10:59.286331 read(3</root/.kube/cache/discovery/192.168.56.10_6443/servergroups.json>, "{\"kind\":\"APIGroupList\",\"apiVersion\":\"v1\",\"groups\":[{\"name\":\"\",\"versions\":[{\"groupVersion\":\"v1\",\"version\":\"v1\"}],\"preferredVersion\":{\"groupVersion\":\"v1\",\"version\":\"v1\"}},{\"name\":\"apiregistration.k8s.io\",\"versions\":[{\"groupVersion\":\"apiregistration.k8s.io/v1\",\"version\":\"v1\"}],\"preferredVersion\":{\"groupVersion\":\"apiregistration.k8s.io/v1\",\"version\":\"v1\"}},{\"name\":\"apps\",\"versions\":[{\"groupVersion\":\"apps/v1\",\"version\":\"v1\"}],\"preferredVersion\":{\"groupVersion\":\"apps/v1\",\"version\":\"v1\"}},{\"name\":\"events.k8s.io\",\"", 512) = 512 <0.000568>
31936 07:10:59.287192 read(3</root/.kube/cache/discovery/192.168.56.10_6443/servergroups.json>, "versions\":[{\"groupVersion\":\"events.k8s.io/v1\",\"version\":\"v1\"}],\"preferredVersion\":{\"groupVersion\":\"events.k8s.io/v1\",\"version\":\"v1\"}},{\"name\":\"authentication.k8s.io\",\"versions\":[{\"groupVersion\":\"authentication.k8s.io/v1\",\"version\":\"v1\"}],\"preferredVersion\":{\"groupVersion\":\"authentication.k8s.io/v1\",\"version\":\"v1\"}},{\"name\":\"authorization.k8s.io\",\"versions\":[{\"groupVersion\":\"authori", 384) = 384 <0.000206>
31936 07:10:59.287670 read(3</root/.kube/cache/discovery/192.168.56.10_6443/servergroups.json>, "zation.k8s.io/v1\",\"version\":\"v1\"}],\"preferredVersion\":{\"groupVersion\":\"authorization.k8s.io/v1\",\"version\":\"v1\"}},{\"name\":\"autoscaling\",\"versions\":[{\"groupVersion\":\"autoscaling/v2\",\"version\":\"v2\"},{\"groupVersion\":\"autoscaling/v1\",\"version\":\"v1\"}],\"preferredVersion\":{\"groupVersion\":\"autoscaling/v2\",\"version\":\"v2\"}},{\"name\":\"batch\",\"versions\":[{\"groupVersion\":\"batch/v1\",\"version\":\"v1\"}],\"preferredVersion\":{\"groupVersion\":\"batch/v1\",\"version\":\"v1\"}},{\"name\":\"certificates.k8s.io\",\"versions\":[{\"groupVersion\":\"cer", 512) = 512 <0.000142>
31936 07:10:59.288200 read(3</root/.kube/cache/discovery/192.168.56.10_6443/servergroups.json>, "tificates.k8s.io/v1\",\"version\":\"v1\"}],\"preferredVersion\":{\"groupVersion\":\"certificates.k8s.io/v1\",\"version\":\"v1\"}},{\"name\":\"networking.k8s.io\",\"versions\":[{\"groupVersion\":\"networking.k8s.io/v1\",\"version\":\"v1\"}],\"preferredVersion\":{\"groupVersion\":\"networking.k8s.io/v1\",\"version\":\"v1\"}},{\"name\":\"policy\",\"versions\":[{\"groupVersion\":\"policy/v1\",\"version\":\"v1\"}],\"preferredVersion\":{\"groupVersion\":\"policy/v1\",\"version\":\"v1\"}},{\"name\":\"rbac.authorization.k8s.io\",\"versions\":[{\"groupVersion\":\"rbac.authorization.k8s.io/v1\",\"version\":\"v1\"}],\"preferredVersion\":{\"groupVersion\":\"rbac.authorization.k8s.io/v1\",\"version\":\"v1\"}},{\"name\":\"storage.k8s.", 640) = 640 <0.000235>
31937 07:10:59.288556 <... nanosleep resumed>NULL) = 0 <0.002912>
31936 07:10:59.288773 read(3</root/.kube/cache/discovery/192.168.56.10_6443/servergroups.json>,  <unfinished ...>
31937 07:10:59.288890 nanosleep({tv_sec=0, tv_nsec=5120000},  <unfinished ...>
31936 07:10:59.289442 <... read resumed>"io\",\"versions\":[{\"groupVersion\":\"storage.k8s.io/v1\",\"version\":\"v1\"}],\"preferredVersion\":{\"groupVersion\":\"storage.k8s.io/v1\",\"version\":\"v1\"}},{\"name\":\"admissionregistration.k8s.io\",\"versions\":[{\"groupVersion\":\"admissionregistration.k8s.io/v1\",\"version\":\"v1\"}],\"preferredVersion\":{\"groupVersion\":\"admissionregistration.k8s.io/v1\",\"version\":\"v1\"}},{\"name\":\"apiextensions.k8s.io\",\"versions\":[{\"groupVersion\":\"apiextensions.k8s.io/v1\",\"version\":\"v1\"}],\"preferredVersion\":{\"groupVersion\":\"apiextensions.k8s.io/v1\",\"version\":\"v1\"}},{\"name\":\"scheduling.k8s.io\",\"versions\":[{\"groupVersion\":\"scheduling.k8s.io/v1\",\"version\":\"v1\"}],\"preferredVersion\":{\"groupVersion\":\"scheduling.k8s.io/v1\",\"version\":\"v1\"}},{\"name\":\"coordination.k8s.io\",\"versions\":[{\"groupVersion\":\"coordination.k8s.io/v1\",\"version\":\"v1\"}],\"preferredVersion\":{\"groupVersion\":\"coordination.k8s.io/v1\",\"version\":\"v1\"}},{\"name\":\"node.k8s.io\",\"versions\":[{\"groupVersion\":\"node.k8s.io/v1\",\"version\":\"v1\"}],\"preferredVersion\":{\"groupVersion\":\"node.k8s.io/v1\",\"version\":\"v1\"}", 1024) = 1024 <0.000641>
31936 07:10:59.290122 read(3</root/.kube/cache/discovery/192.168.56.10_6443/servergroups.json>, "},{\"name\":\"discovery.k8s.io\",\"versions\":[{\"groupVersion\":\"discovery.k8s.io/v1\",\"version\":\"v1\"}],\"preferredVersion\":{\"groupVersion\":\"discovery.k8s.io/v1\",\"version\":\"v1\"}},{\"name\":\"flowcontrol.apiserver.k8s.io\",\"versions\":[{\"groupVersion\":\"flowcontrol.apiserver.k8s.io/v1\",\"version\":\"v1\"},{\"groupVersion\":\"flowcontrol.apiserver.k8s.io/v1beta3\",\"version\":\"v1beta3\"}],\"preferredVersion\":{\"groupVersion\":\"flowcontrol.apiserver.k8s.io/v1\",\"version\":\"v1\"}}]}\n", 1024) = 452 <0.000217>
31936 07:10:59.290591 read(3</root/.kube/cache/discovery/192.168.56.10_6443/servergroups.json>, "", 572) = 0 <0.000326>
31936 07:10:59.291220 close(3</root/.kube/cache/discovery/192.168.56.10_6443/servergroups.json>) = 0 <0.000333>
31936 07:10:59.292218 futex(0xc000080f48, FUTEX_WAKE_PRIVATE, 1) = 1 <0.000256>
31939 07:10:59.292546 <... futex resumed>) = 0 <0.012725>
31939 07:10:59.292774 nanosleep({tv_sec=0, tv_nsec=3000},  <unfinished ...>
31936 07:10:59.292872 openat(AT_FDCWD</home/zhennan>, "/root/.kube/cache/discovery/192.168.56.10_6443/flowcontrol.apiserver.k8s.io/v1beta3/serverresources.json", O_RDONLY|O_CLOEXEC) = 3</root/.kube/cache/discovery/192.168.56.10_6443/flowcontrol.apiserver.k8s.io/v1beta3/serverresources.json> <0.000187>
31939 07:10:59.293258 <... nanosleep resumed>NULL) = 0 <0.000461>
31936 07:10:59.293667 fcntl(3</root/.kube/cache/discovery/192.168.56.10_6443/flowcontrol.apiserver.k8s.io/v1beta3/serverresources.json>, F_GETFL <unfinished ...>
31939 07:10:59.293876 openat(AT_FDCWD</home/zhennan>, "/root/.kube/cache/discovery/192.168.56.10_6443/networking.k8s.io/v1/serverresources.json", O_RDONLY|O_CLOEXEC <unfinished ...>
31936 07:10:59.294173 <... fcntl resumed>) = 0x8000 (flags O_RDONLY|O_LARGEFILE) <0.000296>
31939 07:10:59.294199 <... openat resumed>) = 6</root/.kube/cache/discovery/192.168.56.10_6443/networking.k8s.io/v1/serverresources.json> <0.000300>
31936 07:10:59.294333 fcntl(3</root/.kube/cache/discovery/192.168.56.10_6443/flowcontrol.apiserver.k8s.io/v1beta3/serverresources.json>, F_SETFL, O_RDONLY|O_NONBLOCK|O_LARGEFILE) = 0 <0.000257>
31939 07:10:59.295060 fcntl(6</root/.kube/cache/discovery/192.168.56.10_6443/networking.k8s.io/v1/serverresources.json>, F_GETFL <unfinished ...>
31937 07:10:59.295136 <... nanosleep resumed>NULL) = 0 <0.006220>
31936 07:10:59.295171 epoll_ctl(4<anon_inode:[eventpoll]>, EPOLL_CTL_ADD, 3</root/.kube/cache/discovery/192.168.56.10_6443/flowcontrol.apiserver.k8s.io/v1beta3/serverresources.json>, {events=EPOLLIN|EPOLLOUT|EPOLLRDHUP|EPOLLET, data={u32=4138729476, u64=9208192432568532996}} <unfinished ...>
31937 07:10:59.295263 getpid( <unfinished ...>
31939 07:10:59.295295 <... fcntl resumed>) = 0x8000 (flags O_RDONLY|O_LARGEFILE) <0.000210>
31937 07:10:59.295311 <... getpid resumed>) = 31936 <0.000032>
31936 07:10:59.295334 <... epoll_ctl resumed>) = -1 EPERM (Operation not permitted) <0.000124>
31939 07:10:59.295453 fcntl(6</root/.kube/cache/discovery/192.168.56.10_6443/networking.k8s.io/v1/serverresources.json>, F_SETFL, O_RDONLY|O_NONBLOCK|O_LARGEFILE <unfinished ...>
31937 07:10:59.295485 tgkill(31936, 31936, SIGURG) = 0 <0.000019>
31937 07:10:59.295576 nanosleep({tv_sec=0, tv_nsec=10000000},  <unfinished ...>
31936 07:10:59.295795 --- SIGURG {si_signo=SIGURG, si_code=SI_TKILL, si_pid=31936, si_uid=0} ---
31939 07:10:59.295817 <... fcntl resumed>) = 0 <0.000334>
31936 07:10:59.296144 rt_sigreturn({mask=[]} <unfinished ...>
31939 07:10:59.296172 epoll_ctl(4<anon_inode:[eventpoll]>, EPOLL_CTL_ADD, 6</root/.kube/cache/discovery/192.168.56.10_6443/networking.k8s.io/v1/serverresources.json>, {events=EPOLLIN|EPOLLOUT|EPOLLRDHUP|EPOLLET, data={u32=4120379393, u64=9208192432550182913}} <unfinished ...>
31936 07:10:59.296402 <... rt_sigreturn resumed>) = -1 EPERM (Operation not permitted) <0.000233>
31939 07:10:59.296425 <... epoll_ctl resumed>) = -1 EPERM (Operation not permitted) <0.000218>
31939 07:10:59.296949 fcntl(6</root/.kube/cache/discovery/192.168.56.10_6443/networking.k8s.io/v1/serverresources.json>, F_GETFL <unfinished ...>
31936 07:10:59.297864 openat(AT_FDCWD</home/zhennan>, "/root/.kube/cache/discovery/192.168.56.10_6443/policy/v1/serverresources.json", O_RDONLY|O_CLOEXEC <unfinished ...>
31939 07:10:59.298100 <... fcntl resumed>) = 0x8800 (flags O_RDONLY|O_NONBLOCK|O_LARGEFILE) <0.001122>
31936 07:10:59.298524 <... openat resumed>) = 7</root/.kube/cache/discovery/192.168.56.10_6443/policy/v1/serverresources.json> <0.000424>
31939 07:10:59.298577 fcntl(6</root/.kube/cache/discovery/192.168.56.10_6443/networking.k8s.io/v1/serverresources.json>, F_SETFL, O_RDONLY|O_LARGEFILE <unfinished ...>
31936 07:10:59.298710 fcntl(7</root/.kube/cache/discovery/192.168.56.10_6443/policy/v1/serverresources.json>, F_GETFL) = 0x8000 (flags O_RDONLY|O_LARGEFILE) <0.000249>
31939 07:10:59.299010 <... fcntl resumed>) = 0 <0.000405>
31936 07:10:59.299241 fcntl(7</root/.kube/cache/discovery/192.168.56.10_6443/policy/v1/serverresources.json>, F_SETFL, O_RDONLY|O_NONBLOCK|O_LARGEFILE <unfinished ...>
31939 07:10:59.299273 fstat(6</root/.kube/cache/discovery/192.168.56.10_6443/networking.k8s.io/v1/serverresources.json>,  <unfinished ...>
31936 07:10:59.299474 <... fcntl resumed>) = 0 <0.000201>
31939 07:10:59.299495 <... fstat resumed>{st_dev=makedev(0xfd, 0), st_ino=393272, st_mode=S_IFREG|0660, st_nlink=1, st_uid=0, st_gid=0, st_blksize=4096, st_blocks=8, st_size=795, st_atime=1747807059 /* 2025-05-21T05:57:39.149433025+0000 */, st_atime_nsec=149433025, st_mtime=1747807059 /* 2025-05-21T05:57:39.149433025+0000 */, st_mtime_nsec=149433025, st_ctime=1747807059 /* 2025-05-21T05:57:39.149433025+0000 */, st_ctime_nsec=149433025}) = 0 <0.000202>
31936 07:10:59.299721 epoll_ctl(4<anon_inode:[eventpoll]>, EPOLL_CTL_ADD, 7</root/.kube/cache/discovery/192.168.56.10_6443/policy/v1/serverresources.json>, {events=EPOLLIN|EPOLLOUT|EPOLLRDHUP|EPOLLET, data={u32=4120379394, u64=9208192432550182914}} <unfinished ...>
31939 07:10:59.299765 read(6</root/.kube/cache/discovery/192.168.56.10_6443/networking.k8s.io/v1/serverresources.json>,  <unfinished ...>
31936 07:10:59.300084 <... epoll_ctl resumed>) = -1 EPERM (Operation not permitted) <0.000320>
31939 07:10:59.300107 <... read resumed>"{\"kind\":\"APIResourceList\",\"apiVersion\":\"v1\",\"groupVersion\":\"networking.k8s.io/v1\",\"resources\":[{\"name\":\"ingressclasses\",\"singularName\":\"ingressclass\",\"namespaced\":false,\"kind\":\"IngressClass\",\"verbs\":[\"create\",\"delete\",\"deletecollection\",\"get\",\"list\",\"patch\",\"update\",\"watch\"]},{\"name\":\"ingresses\",\"singularName\":\"ingress\",\"namespaced\":true,\"kind\":\"Ingress\",\"verbs\":[\"create\",\"delete\",\"deletecollection\",\"get\",\"list\",\"patch\",\"update\",\"watch\"],\"shortNames\":[\"ing\"]},{\"name\":\"ingresses/status\",\"singularName\":\"ingre", 512) = 512 <0.000327>
31936 07:10:59.300336 fcntl(7</root/.kube/cache/discovery/192.168.56.10_6443/policy/v1/serverresources.json>, F_GETFL <unfinished ...>
31939 07:10:59.300366 read(6</root/.kube/cache/discovery/192.168.56.10_6443/networking.k8s.io/v1/serverresources.json>,  <unfinished ...>
31936 07:10:59.300538 <... fcntl resumed>) = 0x8800 (flags O_RDONLY|O_NONBLOCK|O_LARGEFILE) <0.000173>
31939 07:10:59.300633 <... read resumed>"ss\",\"namespaced\":true,\"kind\":\"Ingress\",\"verbs\":[\"get\",\"patch\",\"update\"]},{\"name\":\"networkpolicies\",\"singularName\":\"networkpolicy\",\"namespaced\":true,\"kind\":\"NetworkPolicy\",\"verbs\":[\"create\",\"delete\",\"deletecollection\",\"get\",\"list\",\"patch\",\"update\",\"watch\"],\"shortNames\":[\"netpol\"]}]}\n", 384) = 283 <0.000247>
31936 07:10:59.300805 fcntl(7</root/.kube/cache/discovery/192.168.56.10_6443/policy/v1/serverresources.json>, F_SETFL, O_RDONLY|O_LARGEFILE <unfinished ...>
31939 07:10:59.300879 read(6</root/.kube/cache/discovery/192.168.56.10_6443/networking.k8s.io/v1/serverresources.json>,  <unfinished ...>
31936 07:10:59.301042 <... fcntl resumed>) = 0 <0.000213>
31939 07:10:59.301105 <... read resumed>"", 101) = 0 <0.000198>
31936 07:10:59.301286 fstat(7</root/.kube/cache/discovery/192.168.56.10_6443/policy/v1/serverresources.json>,  <unfinished ...>
31939 07:10:59.301359 close(6</root/.kube/cache/discovery/192.168.56.10_6443/networking.k8s.io/v1/serverresources.json> <unfinished ...>
31936 07:10:59.301644 <... fstat resumed>{st_dev=makedev(0xfd, 0), st_ino=393304, st_mode=S_IFREG|0660, st_nlink=1, st_uid=0, st_gid=0, st_blksize=4096, st_blocks=8, st_size=464, st_atime=1747807059 /* 2025-05-21T05:57:39.173433665+0000 */, st_atime_nsec=173433665, st_mtime=1747807059 /* 2025-05-21T05:57:39.177433772+0000 */, st_mtime_nsec=177433772, st_ctime=1747807059 /* 2025-05-21T05:57:39.181433879+0000 */, st_ctime_nsec=181433879}) = 0 <0.000335>
31939 07:10:59.301686 <... close resumed>) = 0 <0.000301>
31936 07:10:59.302158 read(7</root/.kube/cache/discovery/192.168.56.10_6443/policy/v1/serverresources.json>,  <unfinished ...>
31939 07:10:59.302189 openat(AT_FDCWD</home/zhennan>, "/root/.kube/cache/discovery/192.168.56.10_6443/v1/serverresources.json", O_RDONLY|O_CLOEXEC <unfinished ...>
31936 07:10:59.302408 <... read resumed>"{\"kind\":\"APIResourceList\",\"apiVersion\":\"v1\",\"groupVersion\":\"policy/v1\",\"resources\":[{\"name\":\"poddisruptionbudgets\",\"singularName\":\"poddisruptionbudget\",\"namespaced\":true,\"kind\":\"PodDisruptionBudget\",\"verbs\":[\"create\",\"delete\",\"deletecollection\",\"get\",\"list\",\"patch\",\"update\",\"watch\"],\"shortNames\":[\"pdb\"]},{\"name\":\"poddisruptionbudgets/status\",\"singularName\":\"poddisruptionbudget\",\"namespaced\":true,\"kind\":\"PodDisruptionBudget\",\"verbs\":[\"get\",\"patch\",\"update\"]}]}\n", 512) = 464 <0.000219>
31939 07:10:59.302438 <... openat resumed>) = 6</root/.kube/cache/discovery/192.168.56.10_6443/v1/serverresources.json> <0.000224>
31939 07:10:59.302478 fcntl(6</root/.kube/cache/discovery/192.168.56.10_6443/v1/serverresources.json>, F_GETFL) = 0x8000 (flags O_RDONLY|O_LARGEFILE) <0.000184>
31936 07:10:59.302992 read(7</root/.kube/cache/discovery/192.168.56.10_6443/policy/v1/serverresources.json>, "", 48) = 0 <0.000145>
31939 07:10:59.303223 fcntl(6</root/.kube/cache/discovery/192.168.56.10_6443/v1/serverresources.json>, F_SETFL, O_RDONLY|O_NONBLOCK|O_LARGEFILE <unfinished ...>
31936 07:10:59.303391 close(7</root/.kube/cache/discovery/192.168.56.10_6443/policy/v1/serverresources.json> <unfinished ...>
31939 07:10:59.303464 <... fcntl resumed>) = 0 <0.000211>
31936 07:10:59.303627 <... close resumed>) = 0 <0.000214>
31939 07:10:59.303710 epoll_ctl(4<anon_inode:[eventpoll]>, EPOLL_CTL_ADD, 6</root/.kube/cache/discovery/192.168.56.10_6443/v1/serverresources.json>, {events=EPOLLIN|EPOLLOUT|EPOLLRDHUP|EPOLLET, data={u32=4120379395, u64=9208192432550182915}}) = -1 EPERM (Operation not permitted) <0.000203>
31939 07:10:59.304205 fcntl(6</root/.kube/cache/discovery/192.168.56.10_6443/v1/serverresources.json>, F_GETFL <unfinished ...>
31936 07:10:59.304468 openat(AT_FDCWD</home/zhennan>, "/root/.kube/cache/discovery/192.168.56.10_6443/rbac.authorization.k8s.io/v1/serverresources.json", O_RDONLY|O_CLOEXEC <unfinished ...>
31939 07:10:59.304507 <... fcntl resumed>) = 0x8800 (flags O_RDONLY|O_NONBLOCK|O_LARGEFILE) <0.000272>
31936 07:10:59.304707 <... openat resumed>) = 7</root/.kube/cache/discovery/192.168.56.10_6443/rbac.authorization.k8s.io/v1/serverresources.json> <0.000204>
31939 07:10:59.304749 fcntl(6</root/.kube/cache/discovery/192.168.56.10_6443/v1/serverresources.json>, F_SETFL, O_RDONLY|O_LARGEFILE <unfinished ...>
31936 07:10:59.304943 fcntl(7</root/.kube/cache/discovery/192.168.56.10_6443/rbac.authorization.k8s.io/v1/serverresources.json>, F_GETFL <unfinished ...>
31939 07:10:59.304973 <... fcntl resumed>) = 0 <0.000203>
31936 07:10:59.305158 <... fcntl resumed>) = 0x8000 (flags O_RDONLY|O_LARGEFILE) <0.000184>
31939 07:10:59.305179 fstat(6</root/.kube/cache/discovery/192.168.56.10_6443/v1/serverresources.json>,  <unfinished ...>
31936 07:10:59.305355 fcntl(7</root/.kube/cache/discovery/192.168.56.10_6443/rbac.authorization.k8s.io/v1/serverresources.json>, F_SETFL, O_RDONLY|O_NONBLOCK|O_LARGEFILE <unfinished ...>
31939 07:10:59.305431 <... fstat resumed>{st_dev=makedev(0xfd, 0), st_ino=393266, st_mode=S_IFREG|0660, st_nlink=1, st_uid=0, st_gid=0, st_blksize=4096, st_blocks=16, st_size=6034, st_atime=1747807059 /* 2025-05-21T05:57:39.145432919+0000 */, st_atime_nsec=145432919, st_mtime=1747807059 /* 2025-05-21T05:57:39.145432919+0000 */, st_mtime_nsec=145432919, st_ctime=1747807059 /* 2025-05-21T05:57:39.145432919+0000 */, st_ctime_nsec=145432919}) = 0 <0.000229>
31936 07:10:59.305581 <... fcntl resumed>) = 0 <0.000202>
31939 07:10:59.305742 read(6</root/.kube/cache/discovery/192.168.56.10_6443/v1/serverresources.json>,  <unfinished ...>
31936 07:10:59.305814 epoll_ctl(4<anon_inode:[eventpoll]>, EPOLL_CTL_ADD, 7</root/.kube/cache/discovery/192.168.56.10_6443/rbac.authorization.k8s.io/v1/serverresources.json>, {events=EPOLLIN|EPOLLOUT|EPOLLRDHUP|EPOLLET, data={u32=4120379396, u64=9208192432550182916}} <unfinished ...>
31937 07:10:59.305857 <... nanosleep resumed>NULL) = 0 <0.010260>
31937 07:10:59.305885 nanosleep({tv_sec=0, tv_nsec=10000000},  <unfinished ...>
31936 07:10:59.305907 <... epoll_ctl resumed>) = -1 EPERM (Operation not permitted) <0.000053>
31939 07:10:59.305979 <... read resumed>"{\"kind\":\"APIResourceList\",\"apiVersion\":\"v1\",\"groupVersion\":\"v1\",\"resources\":[{\"name\":\"bindings\",\"singularName\":\"binding\",\"namespaced\":true,\"kind\":\"Binding\",\"verbs\":[\"create\"]},{\"name\":\"componentstatuses\",\"singularName\":\"componentstatus\",\"namespaced\":false,\"kind\":\"ComponentStatus\",\"verbs\":[\"get\",\"list\"],\"shortNames\":[\"cs\"]},{\"name\":\"configmaps\",\"singularName\":\"configmap\",\"namespaced\":true,\"kind\":\"ConfigMap\",\"verbs\":[\"create\",\"delete\",\"deletecollection\",\"get\",\"list\",\"patch\",\"update\",\"watch\"],\"shortNames\":[\"cm", 512) = 512 <0.000215>
31936 07:10:59.306155 fcntl(7</root/.kube/cache/discovery/192.168.56.10_6443/rbac.authorization.k8s.io/v1/serverresources.json>, F_GETFL <unfinished ...>
31939 07:10:59.306228 read(6</root/.kube/cache/discovery/192.168.56.10_6443/v1/serverresources.json>,  <unfinished ...>
31936 07:10:59.306510 <... fcntl resumed>) = 0x8800 (flags O_RDONLY|O_NONBLOCK|O_LARGEFILE) <0.000331>
31939 07:10:59.306533 <... read resumed>"\"]},{\"name\":\"endpoints\",\"singularName\":\"endpoints\",\"namespaced\":true,\"kind\":\"Endpoints\",\"verbs\":[\"create\",\"delete\",\"deletecollection\",\"get\",\"list\",\"patch\",\"update\",\"watch\"],\"shortNames\":[\"ep\"]},{\"name\":\"events\",\"singularName\":\"event\",\"namespaced\":true,\"kind\":\"Event\",\"verbs\":[\"create\",\"delete\",\"deletecollection\",\"get\",\"list\",\"patch\",\"update\",\"watch\"],\"shortNames\":[\"ev\"]},{\"name\":\"li", 384) = 384 <0.000278>
31936 07:10:59.306925 fcntl(7</root/.kube/cache/discovery/192.168.56.10_6443/rbac.authorization.k8s.io/v1/serverresources.json>, F_SETFL, O_RDONLY|O_LARGEFILE <unfinished ...>
31939 07:10:59.306958 read(6</root/.kube/cache/discovery/192.168.56.10_6443/v1/serverresources.json>,  <unfinished ...>
31936 07:10:59.307147 <... fcntl resumed>) = 0 <0.000190>
31939 07:10:59.307169 <... read resumed>"mitranges\",\"singularName\":\"limitrange\",\"namespaced\":true,\"kind\":\"LimitRange\",\"verbs\":[\"create\",\"delete\",\"deletecollection\",\"get\",\"list\",\"patch\",\"update\",\"watch\"],\"shortNames\":[\"limits\"]},{\"name\":\"namespaces\",\"singularName\":\"namespace\",\"namespaced\":false,\"kind\":\"Namespace\",\"verbs\":[\"create\",\"delete\",\"get\",\"list\",\"patch\",\"update\",\"watch\"],\"shortNames\":[\"ns\"]},{\"name\":\"namespaces/finalize\",\"singularName\":\"namespace\",\"namespaced\":false,\"kind\":\"Namespace\",\"verbs\":[\"update\"]},{\"name\":\"namespaces/status\",\"singular", 512) = 512 <0.000191>
31936 07:10:59.307392 fstat(7</root/.kube/cache/discovery/192.168.56.10_6443/rbac.authorization.k8s.io/v1/serverresources.json>,  <unfinished ...>
31939 07:10:59.307422 read(6</root/.kube/cache/discovery/192.168.56.10_6443/v1/serverresources.json>,  <unfinished ...>
31936 07:10:59.307608 <... fstat resumed>{st_dev=makedev(0xfd, 0), st_ino=393285, st_mode=S_IFREG|0660, st_nlink=1, st_uid=0, st_gid=0, st_blksize=4096, st_blocks=8, st_size=815, st_atime=1747807059 /* 2025-05-21T05:57:39.161433345+0000 */, st_atime_nsec=161433345, st_mtime=1747807059 /* 2025-05-21T05:57:39.165433452+0000 */, st_mtime_nsec=165433452, st_ctime=1747807059 /* 2025-05-21T05:57:39.165433452+0000 */, st_ctime_nsec=165433452}) = 0 <0.000186>
31939 07:10:59.307666 <... read resumed>"Name\":\"namespace\",\"namespaced\":false,\"kind\":\"Namespace\",\"verbs\":[\"get\",\"patch\",\"update\"]},{\"name\":\"nodes\",\"singularName\":\"node\",\"namespaced\":false,\"kind\":\"Node\",\"verbs\":[\"create\",\"delete\",\"deletecollection\",\"get\",\"list\",\"patch\",\"update\",\"watch\"],\"shortNames\":[\"no\"]},{\"name\":\"nodes/proxy\",\"singularName\":\"node\",\"namespaced\":false,\"kind\":\"NodeProxyOptions\",\"verbs\":[\"create\",\"delete\",\"get\",\"patch\",\"update\"]},{\"name\":\"nodes/status\",\"singularName\":\"node\",\"namespaced\":false,\"kind\":\"Node\",\"verbs\":[\"get\",\"patch\",\"update\"]},{\"name\":\"persistentvolumeclaims\",\"singularName\":\"persistentvolumeclaim\",\"namespaced\":true,\"kind\":\"PersistentVolumeClaim\"", 640) = 640 <0.000226>
31936 07:10:59.307748 read(7</root/.kube/cache/discovery/192.168.56.10_6443/rbac.authorization.k8s.io/v1/serverresources.json>,  <unfinished ...>
31939 07:10:59.307823 read(6</root/.kube/cache/discovery/192.168.56.10_6443/v1/serverresources.json>,  <unfinished ...>
31936 07:10:59.307999 <... read resumed>"{\"kind\":\"APIResourceList\",\"apiVersion\":\"v1\",\"groupVersion\":\"rbac.authorization.k8s.io/v1\",\"resources\":[{\"name\":\"clusterrolebindings\",\"singularName\":\"clusterrolebinding\",\"namespaced\":false,\"kind\":\"ClusterRoleBinding\",\"verbs\":[\"create\",\"delete\",\"deletecollection\",\"get\",\"list\",\"patch\",\"update\",\"watch\"]},{\"name\":\"clusterroles\",\"singularName\":\"clusterrole\",\"namespaced\":false,\"kind\":\"ClusterRole\",\"verbs\":[\"create\",\"delete\",\"deletecollection\",\"get\",\"list\",\"patch\",\"update\",\"watch\"]},{\"name\":\"rolebindings\",\"singular", 512) = 512 <0.000226>
31939 07:10:59.308077 <... read resumed>",\"verbs\":[\"create\",\"delete\",\"deletecollection\",\"get\",\"list\",\"patch\",\"update\",\"watch\"],\"shortNames\":[\"pvc\"]},{\"name\":\"persistentvolumeclaims/status\",\"singularName\":\"persistentvolumeclaim\",\"namespaced\":true,\"kind\":\"PersistentVolumeClaim\",\"verbs\":[\"get\",\"patch\",\"update\"]},{\"name\":\"persistentvolumes\",\"singularName\":\"persistentvolume\",\"namespaced\":false,\"kind\":\"PersistentVolume\",\"verbs\":[\"create\",\"delete\",\"deletecollection\",\"get\",\"list\",\"patch\",\"update\",\"watch\"],\"shortNames\":[\"pv\"]},{\"name\":\"persistentvolumes/status\",\"singularName\":\"persistentvolume\",\"namespaced\":false,\"kind\":\"PersistentVolume\",\"verbs\":[\"get\",\"patch\",\"update\"]},{\"name\":\"pods\",\"singularName\":\"pod\",\"namespaced\":true,\"kind\":\"Pod\",\"verbs\":[\"create\",\"delete\",\"deletecollection\",\"get\",\"list\",\"patch\",\"update\",\"watch\"],\"shortNames\":[\"po\"],\"categories\":[\"all\"]},{\"name\":\"pods/attach\",\"singularName\":\"pod\",\"namespaced\":true,\"kind\":\"PodAttachOptions\",\"verbs\":[\"create\",\"get\"]},{\"name\":\"pods/binding\",\"singularName\":\"pod\",\"namespaced\":true,\"kind\":\"Binding\",\"verbs\"", 1024) = 1024 <0.000226>
31936 07:10:59.308244 read(7</root/.kube/cache/discovery/192.168.56.10_6443/rbac.authorization.k8s.io/v1/serverresources.json>,  <unfinished ...>
31939 07:10:59.308318 read(6</root/.kube/cache/discovery/192.168.56.10_6443/v1/serverresources.json>,  <unfinished ...>
31936 07:10:59.308489 <... read resumed>"Name\":\"rolebinding\",\"namespaced\":true,\"kind\":\"RoleBinding\",\"verbs\":[\"create\",\"delete\",\"deletecollection\",\"get\",\"list\",\"patch\",\"update\",\"watch\"]},{\"name\":\"roles\",\"singularName\":\"role\",\"namespaced\":true,\"kind\":\"Role\",\"verbs\":[\"create\",\"delete\",\"deletecollection\",\"get\",\"list\",\"patch\",\"update\",\"watch\"]}]}\n", 384) = 303 <0.000222>
31939 07:10:59.308560 <... read resumed>":[\"create\"]},{\"name\":\"pods/ephemeralcontainers\",\"singularName\":\"pod\",\"namespaced\":true,\"kind\":\"Pod\",\"verbs\":[\"get\",\"patch\",\"update\"]},{\"name\":\"pods/eviction\",\"singularName\":\"pod\",\"namespaced\":true,\"group\":\"policy\",\"version\":\"v1\",\"kind\":\"Eviction\",\"verbs\":[\"create\"]},{\"name\":\"pods/exec\",\"singularName\":\"pod\",\"namespaced\":true,\"kind\":\"PodExecOptions\",\"verbs\":[\"create\",\"get\"]},{\"name\":\"pods/log\",\"singularName\":\"pod\",\"namespaced\":true,\"kind\":\"Pod\",\"verbs\":[\"get\"]},{\"name\":\"pods/portforward\",\"singularName\":\"pod\",\"namespaced\":true,\"kind\":\"PodPortForwardOptions\",\"verbs\":[\"create\",\"get\"]},{\"name\":\"pods/proxy\",\"singularName\":\"pod\",\"namespaced\":true,\"kind\":\"PodProxyOptions\",\"verbs\":[\"create\",\"delete\",\"get\",\"patch\",\"update\"]},{\"name\":\"pods/status\",\"singularName\":\"pod\",\"namespaced\":true,\"kind\":\"Pod\",\"verbs\":[\"get\",\"patch\",\"update\"]},{\"name\":\"podtemplates\",\"singularName\":\"podtemplate\",\"namespaced\":true,\"kind\":\"PodTemplate\",\"verbs\":[\"create\",\"delete\",\"deletecollection\",\"get\",\"list\",\"patch\",\"update\",\"watch\"]},{\"name\":\"replic", 1024) = 1024 <0.000215>
31936 07:10:59.308863 read(7</root/.kube/cache/discovery/192.168.56.10_6443/rbac.authorization.k8s.io/v1/serverresources.json>,  <unfinished ...>
31939 07:10:59.308892 read(6</root/.kube/cache/discovery/192.168.56.10_6443/v1/serverresources.json>,  <unfinished ...>
31936 07:10:59.309114 <... read resumed>"", 81) = 0 <0.000223>
31939 07:10:59.309135 <... read resumed>"ationcontrollers\",\"singularName\":\"replicationcontroller\",\"namespaced\":true,\"kind\":\"ReplicationController\",\"verbs\":[\"create\",\"delete\",\"deletecollection\",\"get\",\"list\",\"patch\",\"update\",\"watch\"],\"shortNames\":[\"rc\"],\"categories\":[\"all\"]},{\"name\":\"replicationcontrollers/scale\",\"singularName\":\"replicationcontroller\",\"namespaced\":true,\"group\":\"autoscaling\",\"version\":\"v1\",\"kind\":\"Scale\",\"verbs\":[\"get\",\"patch\",\"update\"]},{\"name\":\"replicationcontrollers/status\",\"singularName\":\"replicationcontroller\",\"namespaced\":true,\"kind\":\"ReplicationController\",\"verbs\":[\"get\",\"patch\",\"update\"]},{\"name\":\"resourcequotas\",\"singularName\":\"resourcequota\",\"namespaced\":true,\"kind\":\"ResourceQuota\",\"verbs\":[\"create\",\"delete\",\"deletecollection\",\"get\",\"list\",\"patch\",\"update\",\"watch\"],\"shortNames\":[\"quota\"]},{\"name\":\"resourcequotas/status\",\"singularName\":\"resourcequota\",\"namespaced\":true,\"kind\":\"ResourceQuota\",\"verbs\":[\"get\",\"patch\",\"update\"]},{\"name\":\"secrets\",\"singularName\":\"secret\",\"namespaced\":true,\"kind\":\"Secret\",\"verbs\":[\"create\",\"delete\",\"deletecollection\",\"get\",\"list\",\"patch\",\"update\",\"watch\"]},{\"name\":\"serviceaccounts\",\"singularName\":\"serviceaccount\",\"namespaced\":true,\"kind\":\"ServiceAccount\",\"verbs\":[\"create\",\"delete\",\"deletecollection\",\"get\",\"list\",\"patch\",\"update\",\"watch\"],\"shortNames\"", 1280) = 1280 <0.000228>
31936 07:10:59.309333 close(7</root/.kube/cache/discovery/192.168.56.10_6443/rbac.authorization.k8s.io/v1/serverresources.json> <unfinished ...>
31939 07:10:59.309427 read(6</root/.kube/cache/discovery/192.168.56.10_6443/v1/serverresources.json>,  <unfinished ...>
31936 07:10:59.309673 <... close resumed>) = 0 <0.000301>
31939 07:10:59.309688 <... read resumed>":[\"sa\"]},{\"name\":\"serviceaccounts/token\",\"singularName\":\"serviceaccount\",\"namespaced\":true,\"group\":\"authentication.k8s.io\",\"version\":\"v1\",\"kind\":\"TokenRequest\",\"verbs\":[\"create\"]},{\"name\":\"services\",\"singularName\":\"service\",\"namespaced\":true,\"kind\":\"Service\",\"verbs\":[\"create\",\"delete\",\"deletecollection\",\"get\",\"list\",\"patch\",\"update\",\"watch\"],\"shortNames\":[\"svc\"],\"categories\":[\"all\"]},{\"name\":\"services/proxy\",\"singularName\":\"service\",\"namespaced\":true,\"kind\":\"ServiceProxyOptions\",\"verbs\":[\"create\",\"delete\",\"get\",\"patch\",\"update\"]},{\"name\":\"services/status\",\"singularName\":\"service\",\"namespaced\":true,\"kind\":\"Service\",\"verbs\":[\"get\",\"patch\",\"update\"]}]}\n", 1536) = 658 <0.000236>
31939 07:10:59.309856 read(6</root/.kube/cache/discovery/192.168.56.10_6443/v1/serverresources.json>, "", 878) = 0 <0.000309>
31936 07:10:59.310361 openat(AT_FDCWD</home/zhennan>, "/root/.kube/cache/discovery/192.168.56.10_6443/storage.k8s.io/v1/serverresources.json", O_RDONLY|O_CLOEXEC <unfinished ...>
31939 07:10:59.310647 close(6</root/.kube/cache/discovery/192.168.56.10_6443/v1/serverresources.json> <unfinished ...>
31936 07:10:59.310975 <... openat resumed>) = 6</root/.kube/cache/discovery/192.168.56.10_6443/storage.k8s.io/v1/serverresources.json> <0.000438>
31939 07:10:59.311056 <... close resumed>) = 0 <0.000375>
31936 07:10:59.311532 fcntl(6</root/.kube/cache/discovery/192.168.56.10_6443/storage.k8s.io/v1/serverresources.json>, F_GETFL <unfinished ...>
31939 07:10:59.311563 openat(AT_FDCWD</home/zhennan>, "/root/.kube/cache/discovery/192.168.56.10_6443/apiregistration.k8s.io/v1/serverresources.json", O_RDONLY|O_CLOEXEC <unfinished ...>
31936 07:10:59.311786 <... fcntl resumed>) = 0x8000 (flags O_RDONLY|O_LARGEFILE) <0.000224>
31939 07:10:59.311809 <... openat resumed>) = 7</root/.kube/cache/discovery/192.168.56.10_6443/apiregistration.k8s.io/v1/serverresources.json> <0.000224>
31936 07:10:59.312006 fcntl(6</root/.kube/cache/discovery/192.168.56.10_6443/storage.k8s.io/v1/serverresources.json>, F_SETFL, O_RDONLY|O_NONBLOCK|O_LARGEFILE <unfinished ...>
31939 07:10:59.312038 fcntl(7</root/.kube/cache/discovery/192.168.56.10_6443/apiregistration.k8s.io/v1/serverresources.json>, F_GETFL <unfinished ...>
31936 07:10:59.312215 <... fcntl resumed>) = 0 <0.000178>
31939 07:10:59.312278 <... fcntl resumed>) = 0x8000 (flags O_RDONLY|O_LARGEFILE) <0.000220>
31936 07:10:59.312447 epoll_ctl(4<anon_inode:[eventpoll]>, EPOLL_CTL_ADD, 6</root/.kube/cache/discovery/192.168.56.10_6443/storage.k8s.io/v1/serverresources.json>, {events=EPOLLIN|EPOLLOUT|EPOLLRDHUP|EPOLLET, data={u32=4120379397, u64=9208192432550182917}} <unfinished ...>
31939 07:10:59.312549 fcntl(7</root/.kube/cache/discovery/192.168.56.10_6443/apiregistration.k8s.io/v1/serverresources.json>, F_SETFL, O_RDONLY|O_NONBLOCK|O_LARGEFILE <unfinished ...>
31936 07:10:59.312712 <... epoll_ctl resumed>) = -1 EPERM (Operation not permitted) <0.000230>
31939 07:10:59.312778 <... fcntl resumed>) = 0 <0.000199>
31936 07:10:59.312946 fcntl(6</root/.kube/cache/discovery/192.168.56.10_6443/storage.k8s.io/v1/serverresources.json>, F_GETFL <unfinished ...>
31939 07:10:59.313020 epoll_ctl(4<anon_inode:[eventpoll]>, EPOLL_CTL_ADD, 7</root/.kube/cache/discovery/192.168.56.10_6443/apiregistration.k8s.io/v1/serverresources.json>, {events=EPOLLIN|EPOLLOUT|EPOLLRDHUP|EPOLLET, data={u32=4102029313, u64=9208192432531832833}} <unfinished ...>
31936 07:10:59.313176 <... fcntl resumed>) = 0x8800 (flags O_RDONLY|O_NONBLOCK|O_LARGEFILE) <0.000206>
31939 07:10:59.313409 <... epoll_ctl resumed>) = -1 EPERM (Operation not permitted) <0.000348>
31936 07:10:59.313437 fcntl(6</root/.kube/cache/discovery/192.168.56.10_6443/storage.k8s.io/v1/serverresources.json>, F_SETFL, O_RDONLY|O_LARGEFILE <unfinished ...>
31939 07:10:59.313471 fcntl(7</root/.kube/cache/discovery/192.168.56.10_6443/apiregistration.k8s.io/v1/serverresources.json>, F_GETFL) = 0x8800 (flags O_RDONLY|O_NONBLOCK|O_LARGEFILE) <0.000106>
31939 07:10:59.313758 fcntl(7</root/.kube/cache/discovery/192.168.56.10_6443/apiregistration.k8s.io/v1/serverresources.json>, F_SETFL, O_RDONLY|O_LARGEFILE) = 0 <0.000114>
31936 07:10:59.314012 <... fcntl resumed>) = 0 <0.000543>
31939 07:10:59.314085 fstat(7</root/.kube/cache/discovery/192.168.56.10_6443/apiregistration.k8s.io/v1/serverresources.json>,  <unfinished ...>
31936 07:10:59.314353 fstat(6</root/.kube/cache/discovery/192.168.56.10_6443/storage.k8s.io/v1/serverresources.json>,  <unfinished ...>
31939 07:10:59.314383 <... fstat resumed>{st_dev=makedev(0xfd, 0), st_ino=393275, st_mode=S_IFREG|0660, st_nlink=1, st_uid=0, st_gid=0, st_blksize=4096, st_blocks=8, st_size=439, st_atime=1747807059 /* 2025-05-21T05:57:39.153433132+0000 */, st_atime_nsec=153433132, st_mtime=1747807059 /* 2025-05-21T05:57:39.153433132+0000 */, st_mtime_nsec=153433132, st_ctime=1747807059 /* 2025-05-21T05:57:39.153433132+0000 */, st_ctime_nsec=153433132}) = 0 <0.000279>
31936 07:10:59.314634 <... fstat resumed>{st_dev=makedev(0xfd, 0), st_ino=393298, st_mode=S_IFREG|0660, st_nlink=1, st_uid=0, st_gid=0, st_blksize=4096, st_blocks=8, st_size=1174, st_atime=1747807059 /* 2025-05-21T05:57:39.169433558+0000 */, st_atime_nsec=169433558, st_mtime=1747807059 /* 2025-05-21T05:57:39.173433665+0000 */, st_mtime_nsec=173433665, st_ctime=1747807059 /* 2025-05-21T05:57:39.173433665+0000 */, st_ctime_nsec=173433665}) = 0 <0.000251>
31939 07:10:59.314686 read(7</root/.kube/cache/discovery/192.168.56.10_6443/apiregistration.k8s.io/v1/serverresources.json>,  <unfinished ...>
31936 07:10:59.315054 read(6</root/.kube/cache/discovery/192.168.56.10_6443/storage.k8s.io/v1/serverresources.json>,  <unfinished ...>
31939 07:10:59.315088 <... read resumed>"{\"kind\":\"APIResourceList\",\"apiVersion\":\"v1\",\"groupVersion\":\"apiregistration.k8s.io/v1\",\"resources\":[{\"name\":\"apiservices\",\"singularName\":\"apiservice\",\"namespaced\":false,\"kind\":\"APIService\",\"verbs\":[\"create\",\"delete\",\"deletecollection\",\"get\",\"list\",\"patch\",\"update\",\"watch\"],\"categories\":[\"api-extensions\"]},{\"name\":\"apiservices/status\",\"singularName\":\"apiservice\",\"namespaced\":false,\"kind\":\"APIService\",\"verbs\":[\"get\",\"patch\",\"update\"]}]}\n", 512) = 439 <0.000384>
31939 07:10:59.315215 read(7</root/.kube/cache/discovery/192.168.56.10_6443/apiregistration.k8s.io/v1/serverresources.json>,  <unfinished ...>
31936 07:10:59.315372 <... read resumed>"{\"kind\":\"APIResourceList\",\"apiVersion\":\"v1\",\"groupVersion\":\"storage.k8s.io/v1\",\"resources\":[{\"name\":\"csidrivers\",\"singularName\":\"csidriver\",\"namespaced\":false,\"kind\":\"CSIDriver\",\"verbs\":[\"create\",\"delete\",\"deletecollection\",\"get\",\"list\",\"patch\",\"update\",\"watch\"]},{\"name\":\"csinodes\",\"singularName\":\"csinode\",\"namespaced\":false,\"kind\":\"CSINode\",\"verbs\":[\"create\",\"delete\",\"deletecollection\",\"get\",\"list\",\"patch\",\"update\",\"watch\"]},{\"name\":\"csistoragecapacities\",\"singularName\":\"csistoragecapacity\",\"namespaced\":tr", 512) = 512 <0.000286>
31939 07:10:59.315452 <... read resumed>"", 73) = 0 <0.000213>
31936 07:10:59.315626 read(6</root/.kube/cache/discovery/192.168.56.10_6443/storage.k8s.io/v1/serverresources.json>,  <unfinished ...>
31939 07:10:59.315698 close(7</root/.kube/cache/discovery/192.168.56.10_6443/apiregistration.k8s.io/v1/serverresources.json> <unfinished ...>
31936 07:10:59.316049 <... read resumed>"ue,\"kind\":\"CSIStorageCapacity\",\"verbs\":[\"create\",\"delete\",\"deletecollection\",\"get\",\"list\",\"patch\",\"update\",\"watch\"]},{\"name\":\"storageclasses\",\"singularName\":\"storageclass\",\"namespaced\":false,\"kind\":\"StorageClass\",\"verbs\":[\"create\",\"delete\",\"deletecollection\",\"get\",\"list\",\"patch\",\"update\",\"watch\"],\"shortNames\":[\"sc\"]},{\"name\":\"volumeattachments\",\"singularName\":\"volumeattachment\",\"na", 384) = 384 <0.000383>
31939 07:10:59.316120 <... close resumed>) = 0 <0.000394>
31937 07:10:59.316274 <... nanosleep resumed>NULL) = 0 <0.010369>
31939 07:10:59.316369 openat(AT_FDCWD</home/zhennan>, "/root/.kube/cache/discovery/192.168.56.10_6443/apps/v1/serverresources.json", O_RDONLY|O_CLOEXEC <unfinished ...>
31936 07:10:59.316678 read(6</root/.kube/cache/discovery/192.168.56.10_6443/storage.k8s.io/v1/serverresources.json>,  <unfinished ...>
31939 07:10:59.316710 <... openat resumed>) = 7</root/.kube/cache/discovery/192.168.56.10_6443/apps/v1/serverresources.json> <0.000309>
31937 07:10:59.316732 nanosleep({tv_sec=0, tv_nsec=10000000},  <unfinished ...>
31939 07:10:59.316889 fcntl(7</root/.kube/cache/discovery/192.168.56.10_6443/apps/v1/serverresources.json>, F_GETFL <unfinished ...>
31936 07:10:59.317100 <... read resumed>"mespaced\":false,\"kind\":\"VolumeAttachment\",\"verbs\":[\"create\",\"delete\",\"deletecollection\",\"get\",\"list\",\"patch\",\"update\",\"watch\"]},{\"name\":\"volumeattachments/status\",\"singularName\":\"volumeattachment\",\"namespaced\":false,\"kind\":\"VolumeAttachment\",\"verbs\":[\"get\",\"patch\",\"update\"]}]}\n", 512) = 278 <0.000391>
31939 07:10:59.317286 <... fcntl resumed>) = 0x8000 (flags O_RDONLY|O_LARGEFILE) <0.000192>
31936 07:10:59.317550 read(6</root/.kube/cache/discovery/192.168.56.10_6443/storage.k8s.io/v1/serverresources.json>,  <unfinished ...>
31939 07:10:59.317589 fcntl(7</root/.kube/cache/discovery/192.168.56.10_6443/apps/v1/serverresources.json>, F_SETFL, O_RDONLY|O_NONBLOCK|O_LARGEFILE <unfinished ...>
31936 07:10:59.317852 <... read resumed>"", 234) = 0 <0.000263>
31939 07:10:59.317878 <... fcntl resumed>) = 0 <0.000263>
31936 07:10:59.318048 close(6</root/.kube/cache/discovery/192.168.56.10_6443/storage.k8s.io/v1/serverresources.json> <unfinished ...>
31939 07:10:59.318126 epoll_ctl(4<anon_inode:[eventpoll]>, EPOLL_CTL_ADD, 7</root/.kube/cache/discovery/192.168.56.10_6443/apps/v1/serverresources.json>, {events=EPOLLIN|EPOLLOUT|EPOLLRDHUP|EPOLLET, data={u32=4102029314, u64=9208192432531832834}} <unfinished ...>
31936 07:10:59.318272 <... close resumed>) = 0 <0.000198>
31939 07:10:59.318359 <... epoll_ctl resumed>) = -1 EPERM (Operation not permitted) <0.000191>
31939 07:10:59.318571 fcntl(7</root/.kube/cache/discovery/192.168.56.10_6443/apps/v1/serverresources.json>, F_GETFL <unfinished ...>
31936 07:10:59.318796 openat(AT_FDCWD</home/zhennan>, "/root/.kube/cache/discovery/192.168.56.10_6443/admissionregistration.k8s.io/v1/serverresources.json", O_RDONLY|O_CLOEXEC <unfinished ...>
31939 07:10:59.318884 <... fcntl resumed>) = 0x8800 (flags O_RDONLY|O_NONBLOCK|O_LARGEFILE) <0.000286>
31936 07:10:59.319065 <... openat resumed>) = 6</root/.kube/cache/discovery/192.168.56.10_6443/admissionregistration.k8s.io/v1/serverresources.json> <0.000235>
31939 07:10:59.319146 fcntl(7</root/.kube/cache/discovery/192.168.56.10_6443/apps/v1/serverresources.json>, F_SETFL, O_RDONLY|O_LARGEFILE <unfinished ...>
31936 07:10:59.319311 fcntl(6</root/.kube/cache/discovery/192.168.56.10_6443/admissionregistration.k8s.io/v1/serverresources.json>, F_GETFL <unfinished ...>
31939 07:10:59.319384 <... fcntl resumed>) = 0 <0.000209>
31936 07:10:59.319753 <... fcntl resumed>) = 0x8000 (flags O_RDONLY|O_LARGEFILE) <0.000416>
31939 07:10:59.319777 fstat(7</root/.kube/cache/discovery/192.168.56.10_6443/apps/v1/serverresources.json>,  <unfinished ...>
31936 07:10:59.319978 fcntl(6</root/.kube/cache/discovery/192.168.56.10_6443/admissionregistration.k8s.io/v1/serverresources.json>, F_SETFL, O_RDONLY|O_NONBLOCK|O_LARGEFILE <unfinished ...>
